OpenSTA 3.1.0 5be03c5cca Copyright (c) 2026, Parallax Software, Inc.
License GPLv3: GNU GPL version 3 <http://gnu.org/licenses/gpl.html>

This is free software, and you are free to change and redistribute it
under certain conditions; type `show_copying' for details. 
This program comes with ABSOLUTELY NO WARRANTY; for details type `show_warranty'.
Warning: There is 1 input port missing set_input_delay.
Startpoint: hidden_layer/neuron0/u_add01/_3357_
            (rising edge-triggered flip-flop clocked by clk)
Endpoint: hidden_layer/neuron0/u_add01/_3288_
          (rising edge-triggered flip-flop clocked by clk)
Path Group: clk
Path Type: max

Fanout       Cap      Slew     Delay      Time   Description
-------------------------------------------------------------------------------------
                    0.0000    0.0000    0.0000   clock clk (rise edge)
                              0.0000    0.0000   clock network delay (ideal)
                    0.0000    0.0000    0.0000 ^ hidden_layer/neuron0/u_add01/_3357_/CK (DFF_X1)
     8   12.3208    0.0309    0.1084    0.1084 ^ hidden_layer/neuron0/u_add01/_3357_/Q (DFF_X1)
                                                 hidden_layer/neuron0/u_add01/b_reg[26] (net)
                    0.0309    0.0000    0.1084 ^ hidden_layer/neuron0/u_add01/_1877_/A3 (NOR4_X1)
     1    1.4876    0.0110    0.0162    0.1246 v hidden_layer/neuron0/u_add01/_1877_/ZN (NOR4_X1)
                                                 hidden_layer/neuron0/u_add01/_1116_ (net)
                    0.0110    0.0000    0.1246 v hidden_layer/neuron0/u_add01/_1878_/A4 (NAND4_X1)
     1    1.7145    0.0145    0.0241    0.1487 ^ hidden_layer/neuron0/u_add01/_1878_/ZN (NAND4_X1)
                                                 hidden_layer/neuron0/u_add01/_1117_ (net)
                    0.0145    0.0000    0.1487 ^ hidden_layer/neuron0/u_add01/_1884_/A1 (NOR2_X1)
    34   46.8368    0.0519    0.0663    0.2150 v hidden_layer/neuron0/u_add01/_1884_/ZN (NOR2_X1)
                                                 hidden_layer/neuron0/u_add01/_1123_ (net)
                    0.0519    0.0000    0.2150 v hidden_layer/neuron0/u_add01/_1885_/A2 (NOR2_X1)
    89  134.9704    0.6304    0.7192    0.9342 ^ hidden_layer/neuron0/u_add01/_1885_/ZN (NOR2_X1)
                                                 hidden_layer/neuron0/u_add01/_1124_ (net)
                    0.6304    0.0000    0.9342 ^ hidden_layer/neuron0/u_add01/_2009_/A (OAI211_X1)
     7    9.1729    0.1226    0.1541    1.0883 v hidden_layer/neuron0/u_add01/_2009_/ZN (OAI211_X1)
                                                 hidden_layer/neuron0/u_add01/_1248_ (net)
                    0.1226    0.0000    1.0883 v hidden_layer/neuron0/u_add01/_2069_/A2 (AND3_X1)
     2    3.1222    0.0158    0.0766    1.1649 v hidden_layer/neuron0/u_add01/_2069_/ZN (AND3_X1)
                                                 hidden_layer/neuron0/u_add01/_1308_ (net)
                    0.0158    0.0000    1.1649 v hidden_layer/neuron0/u_add01/_2070_/A2 (NOR2_X1)
     2    4.2505    0.0387    0.0440    1.2089 ^ hidden_layer/neuron0/u_add01/_2070_/ZN (NOR2_X1)
                                                 hidden_layer/neuron0/u_add01/_1309_ (net)
                    0.0387    0.0000    1.2089 ^ hidden_layer/neuron0/u_add01/_2071_/B2 (AOI21_X1)
     3    6.2947    0.0241    0.0327    1.2416 v hidden_layer/neuron0/u_add01/_2071_/ZN (AOI21_X1)
                                                 hidden_layer/neuron0/u_add01/_1310_ (net)
                    0.0241    0.0000    1.2416 v hidden_layer/neuron0/u_add01/_2073_/B2 (OAI21_X1)
     2    3.3104    0.0262    0.0457    1.2874 ^ hidden_layer/neuron0/u_add01/_2073_/ZN (OAI21_X1)
                                                 hidden_layer/neuron0/u_add01/_1312_ (net)
                    0.0262    0.0000    1.2874 ^ hidden_layer/neuron0/u_add01/_2101_/C1 (AOI211_X1)
     2    3.1181    0.0223    0.0230    1.3103 v hidden_layer/neuron0/u_add01/_2101_/ZN (AOI211_X1)
                                                 hidden_layer/neuron0/u_add01/_1340_ (net)
                    0.0223    0.0000    1.3103 v hidden_layer/neuron0/u_add01/_2103_/A4 (NOR4_X1)
    35   46.3707    0.4666    0.5627    1.8730 ^ hidden_layer/neuron0/u_add01/_2103_/ZN (NOR4_X1)
                                                 hidden_layer/neuron0/u_add01/_1342_ (net)
                    0.4666    0.0000    1.8730 ^ hidden_layer/neuron0/u_add01/_2105_/B (OAI211_X1)
     3    3.3663    0.1011    0.0587    1.9317 v hidden_layer/neuron0/u_add01/_2105_/ZN (OAI211_X1)
                                                 hidden_layer/neuron0/u_add01/_1344_ (net)
                    0.1011    0.0000    1.9317 v hidden_layer/neuron0/u_add01/_2134_/A (MUX2_X1)
     3    3.9290    0.0153    0.0967    2.0284 v hidden_layer/neuron0/u_add01/_2134_/Z (MUX2_X1)
                                                 hidden_layer/neuron0/u_add01/_1373_ (net)
                    0.0153    0.0000    2.0284 v hidden_layer/neuron0/u_add01/_2192_/A (MUX2_X1)
     2    2.4580    0.0122    0.0626    2.0910 v hidden_layer/neuron0/u_add01/_2192_/Z (MUX2_X1)
                                                 hidden_layer/neuron0/u_add01/_1431_ (net)
                    0.0122    0.0000    2.0910 v hidden_layer/neuron0/u_add01/_2193_/A2 (NOR2_X1)
     2    3.3517    0.0342    0.0379    2.1289 ^ hidden_layer/neuron0/u_add01/_2193_/ZN (NOR2_X1)
                                                 hidden_layer/neuron0/u_add01/_1432_ (net)
                    0.0342    0.0000    2.1289 ^ hidden_layer/neuron0/u_add01/_2425_/A1 (AOI22_X1)
     3    5.4198    0.0421    0.0303    2.1592 v hidden_layer/neuron0/u_add01/_2425_/ZN (AOI22_X1)
                                                 hidden_layer/neuron0/u_add01/_0160_ (net)
                    0.0421    0.0000    2.1592 v hidden_layer/neuron0/u_add01/_2544_/B (XNOR2_X1)
     5    8.6180    0.0284    0.0699    2.2291 v hidden_layer/neuron0/u_add01/_2544_/ZN (XNOR2_X1)
                                                 hidden_layer/neuron0/u_add01/_0279_ (net)
                    0.0284    0.0000    2.2291 v hidden_layer/neuron0/u_add01/_2546_/B2 (OAI21_X1)
     2    4.0404    0.0311    0.0511    2.2802 ^ hidden_layer/neuron0/u_add01/_2546_/ZN (OAI21_X1)
                                                 hidden_layer/neuron0/u_add01/_0281_ (net)
                    0.0311    0.0000    2.2802 ^ hidden_layer/neuron0/u_add01/_2547_/B2 (AOI21_X1)
     2    3.9265    0.0202    0.0249    2.3051 v hidden_layer/neuron0/u_add01/_2547_/ZN (AOI21_X1)
                                                 hidden_layer/neuron0/u_add01/_0282_ (net)
                    0.0202    0.0000    2.3051 v hidden_layer/neuron0/u_add01/_2548_/B2 (OAI21_X1)
     2    4.2505    0.0382    0.0491    2.3542 ^ hidden_layer/neuron0/u_add01/_2548_/ZN (OAI21_X1)
                                                 hidden_layer/neuron0/u_add01/_0283_ (net)
                    0.0382    0.0000    2.3542 ^ hidden_layer/neuron0/u_add01/_2549_/B2 (AOI21_X1)
     2    3.9265    0.0174    0.0265    2.3807 v hidden_layer/neuron0/u_add01/_2549_/ZN (AOI21_X1)
                                                 hidden_layer/neuron0/u_add01/_0284_ (net)
                    0.0174    0.0000    2.3807 v hidden_layer/neuron0/u_add01/_2550_/B2 (OAI21_X1)
     2    4.2505    0.0382    0.0480    2.4287 ^ hidden_layer/neuron0/u_add01/_2550_/ZN (OAI21_X1)
                                                 hidden_layer/neuron0/u_add01/_0285_ (net)
                    0.0382    0.0000    2.4287 ^ hidden_layer/neuron0/u_add01/_2551_/B2 (AOI21_X1)
     2    3.5857    0.0196    0.0256    2.4543 v hidden_layer/neuron0/u_add01/_2551_/ZN (AOI21_X1)
                                                 hidden_layer/neuron0/u_add01/_0286_ (net)
                    0.0196    0.0000    2.4543 v hidden_layer/neuron0/u_add01/_2554_/B1 (OAI21_X1)
     2    4.2505    0.0304    0.0441    2.4984 ^ hidden_layer/neuron0/u_add01/_2554_/ZN (OAI21_X1)
                                                 hidden_layer/neuron0/u_add01/_0289_ (net)
                    0.0304    0.0000    2.4984 ^ hidden_layer/neuron0/u_add01/_2563_/B2 (AOI21_X1)
     2    3.8280    0.0199    0.0246    2.5230 v hidden_layer/neuron0/u_add01/_2563_/ZN (AOI21_X1)
                                                 hidden_layer/neuron0/u_add01/_0298_ (net)
                    0.0199    0.0000    2.5230 v hidden_layer/neuron0/u_add01/_2567_/B1 (OAI21_X1)
     2    4.0404    0.0377    0.0432    2.5662 ^ hidden_layer/neuron0/u_add01/_2567_/ZN (OAI21_X1)
                                                 hidden_layer/neuron0/u_add01/_0302_ (net)
                    0.0377    0.0000    2.5662 ^ hidden_layer/neuron0/u_add01/_2571_/B2 (AOI21_X1)
     2    3.5857    0.0206    0.0255    2.5917 v hidden_layer/neuron0/u_add01/_2571_/ZN (AOI21_X1)
                                                 hidden_layer/neuron0/u_add01/_0306_ (net)
                    0.0206    0.0000    2.5917 v hidden_layer/neuron0/u_add01/_2574_/B1 (OAI21_X1)
     2    4.2505    0.0382    0.0446    2.6363 ^ hidden_layer/neuron0/u_add01/_2574_/ZN (OAI21_X1)
                                                 hidden_layer/neuron0/u_add01/_0309_ (net)
                    0.0382    0.0000    2.6363 ^ hidden_layer/neuron0/u_add01/_2584_/B2 (AOI21_X1)
     2    3.9265    0.0212    0.0265    2.6627 v hidden_layer/neuron0/u_add01/_2584_/ZN (AOI21_X1)
                                                 hidden_layer/neuron0/u_add01/_0319_ (net)
                    0.0212    0.0000    2.6627 v hidden_layer/neuron0/u_add01/_2585_/B2 (OAI21_X1)
     3    5.9057    0.0418    0.0579    2.7207 ^ hidden_layer/neuron0/u_add01/_2585_/ZN (OAI21_X1)
                                                 hidden_layer/neuron0/u_add01/_0320_ (net)
                    0.0418    0.0000    2.7207 ^ hidden_layer/neuron0/u_add01/_2587_/C1 (AOI211_X1)
     2    3.1142    0.0169    0.0265    2.7472 v hidden_layer/neuron0/u_add01/_2587_/ZN (AOI211_X1)
                                                 hidden_layer/neuron0/u_add01/_0322_ (net)
                    0.0169    0.0000    2.7472 v hidden_layer/neuron0/u_add01/_2589_/B3 (OAI33_X1)
     2    3.9096    0.0762    0.1019    2.8490 ^ hidden_layer/neuron0/u_add01/_2589_/ZN (OAI33_X1)
                                                 hidden_layer/neuron0/u_add01/_0324_ (net)
                    0.0762    0.0000    2.8490 ^ hidden_layer/neuron0/u_add01/_2598_/B2 (AOI21_X1)
     2    3.9265    0.0192    0.0309    2.8799 v hidden_layer/neuron0/u_add01/_2598_/ZN (AOI21_X1)
                                                 hidden_layer/neuron0/u_add01/_0333_ (net)
                    0.0192    0.0000    2.8799 v hidden_layer/neuron0/u_add01/_2599_/B2 (OAI21_X1)
     2    4.2206    0.0301    0.0485    2.9285 ^ hidden_layer/neuron0/u_add01/_2599_/ZN (OAI21_X1)
                                                 hidden_layer/neuron0/u_add01/_0334_ (net)
                    0.0301    0.0000    2.9285 ^ hidden_layer/neuron0/u_add01/_2601_/B1 (AOI21_X1)
     3    5.3683    0.0169    0.0286    2.9571 v hidden_layer/neuron0/u_add01/_2601_/ZN (AOI21_X1)
                                                 hidden_layer/neuron0/u_add01/_0336_ (net)
                    0.0169    0.0000    2.9571 v hidden_layer/neuron0/u_add01/_2603_/C1 (OAI211_X1)
     3    4.2921    0.0326    0.0457    3.0028 ^ hidden_layer/neuron0/u_add01/_2603_/ZN (OAI211_X1)
                                                 hidden_layer/neuron0/u_add01/_0338_ (net)
                    0.0326    0.0000    3.0028 ^ hidden_layer/neuron0/u_add01/_2605_/A3 (NAND3_X1)
     2    2.9491    0.0205    0.0284    3.0311 v hidden_layer/neuron0/u_add01/_2605_/ZN (NAND3_X1)
                                                 hidden_layer/neuron0/u_add01/_0340_ (net)
                    0.0205    0.0000    3.0311 v hidden_layer/neuron0/u_add01/_2609_/A2 (NAND2_X1)
     2    5.1472    0.0179    0.0309    3.0620 ^ hidden_layer/neuron0/u_add01/_2609_/ZN (NAND2_X1)
                                                 hidden_layer/neuron0/u_add01/_0344_ (net)
                    0.0179    0.0000    3.0620 ^ hidden_layer/neuron0/u_add01/_2613_/B (XNOR2_X1)
     2    3.1199    0.0261    0.0445    3.1066 ^ hidden_layer/neuron0/u_add01/_2613_/ZN (XNOR2_X1)
                                                 hidden_layer/neuron0/u_add01/_0348_ (net)
                    0.0261    0.0000    3.1066 ^ hidden_layer/neuron0/u_add01/_2620_/A2 (NAND4_X1)
     4    5.0425    0.0273    0.0457    3.1523 v hidden_layer/neuron0/u_add01/_2620_/ZN (NAND4_X1)
                                                 hidden_layer/neuron0/u_add01/_0355_ (net)
                    0.0273    0.0000    3.1523 v hidden_layer/neuron0/u_add01/_2631_/A1 (NOR4_X1)
     4    5.8531    0.0820    0.0976    3.2500 ^ hidden_layer/neuron0/u_add01/_2631_/ZN (NOR4_X1)
                                                 hidden_layer/neuron0/u_add01/_0366_ (net)
                    0.0820    0.0000    3.2500 ^ hidden_layer/neuron0/u_add01/_2644_/A2 (NAND4_X1)
     4    6.1676    0.0370    0.0664    3.3164 v hidden_layer/neuron0/u_add01/_2644_/ZN (NAND4_X1)
                                                 hidden_layer/neuron0/u_add01/_0379_ (net)
                    0.0370    0.0000    3.3164 v hidden_layer/neuron0/u_add01/_2656_/A4 (NOR4_X1)
     4    6.5356    0.0884    0.1395    3.4559 ^ hidden_layer/neuron0/u_add01/_2656_/ZN (NOR4_X1)
                                                 hidden_layer/neuron0/u_add01/_0391_ (net)
                    0.0884    0.0000    3.4559 ^ hidden_layer/neuron0/u_add01/_2668_/A1 (NAND3_X1)
     3    3.7077    0.0302    0.0412    3.4971 v hidden_layer/neuron0/u_add01/_2668_/ZN (NAND3_X1)
                                                 hidden_layer/neuron0/u_add01/_0403_ (net)
                    0.0302    0.0000    3.4971 v hidden_layer/neuron0/u_add01/_2671_/A2 (AND2_X1)
     2    2.9484    0.0109    0.0440    3.5410 v hidden_layer/neuron0/u_add01/_2671_/ZN (AND2_X1)
                                                 hidden_layer/neuron0/u_add01/_0406_ (net)
                    0.0109    0.0000    3.5410 v hidden_layer/neuron0/u_add01/_2697_/A (AOI21_X1)
     2    3.2777    0.0294    0.0482    3.5892 ^ hidden_layer/neuron0/u_add01/_2697_/ZN (AOI21_X1)
                                                 hidden_layer/neuron0/u_add01/_0432_ (net)
                    0.0294    0.0000    3.5892 ^ hidden_layer/neuron0/u_add01/_2735_/A (AOI21_X1)
     1    1.5527    0.0117    0.0171    3.6064 v hidden_layer/neuron0/u_add01/_2735_/ZN (AOI21_X1)
                                                 hidden_layer/neuron0/u_add01/_0470_ (net)
                    0.0117    0.0000    3.6064 v hidden_layer/neuron0/u_add01/_2736_/A3 (NOR3_X1)
     4    6.1517    0.0596    0.0853    3.6916 ^ hidden_layer/neuron0/u_add01/_2736_/ZN (NOR3_X1)
                                                 hidden_layer/neuron0/u_add01/_0471_ (net)
                    0.0596    0.0000    3.6916 ^ hidden_layer/neuron0/u_add01/_2737_/A2 (OR2_X1)
     2    3.2284    0.0116    0.0399    3.7315 ^ hidden_layer/neuron0/u_add01/_2737_/ZN (OR2_X1)
                                                 hidden_layer/neuron0/u_add01/_0472_ (net)
                    0.0116    0.0000    3.7315 ^ hidden_layer/neuron0/u_add01/_2762_/A3 (NAND4_X1)
     1    1.4099    0.0180    0.0288    3.7603 v hidden_layer/neuron0/u_add01/_2762_/ZN (NAND4_X1)
                                                 hidden_layer/neuron0/u_add01/_0497_ (net)
                    0.0180    0.0000    3.7603 v hidden_layer/neuron0/u_add01/_2769_/B2 (AOI21_X1)
     2    3.3587    0.0293    0.0431    3.8034 ^ hidden_layer/neuron0/u_add01/_2769_/ZN (AOI21_X1)
                                                 hidden_layer/neuron0/u_add01/_0504_ (net)
                    0.0293    0.0000    3.8034 ^ hidden_layer/neuron0/u_add01/_2773_/C1 (OAI211_X1)
     7   11.4792    0.0427    0.0551    3.8585 v hidden_layer/neuron0/u_add01/_2773_/ZN (OAI211_X1)
                                                 hidden_layer/neuron0/u_add01/_0508_ (net)
                    0.0427    0.0000    3.8585 v hidden_layer/neuron0/u_add01/_2860_/S (MUX2_X1)
    29   55.1081    0.1290    0.1945    4.0530 ^ hidden_layer/neuron0/u_add01/_2860_/Z (MUX2_X1)
                                                 hidden_layer/neuron0/u_add01/_0587_ (net)
                    0.1290    0.0000    4.0530 ^ hidden_layer/neuron0/u_add01/_2888_/S (MUX2_X1)
     2    1.7951    0.0112    0.0649    4.1178 v hidden_layer/neuron0/u_add01/_2888_/Z (MUX2_X1)
                                                 hidden_layer/neuron0/u_add01/_0615_ (net)
                    0.0112    0.0000    4.1178 v hidden_layer/neuron0/u_add01/_2926_/B (MUX2_X1)
     3    3.2847    0.0123    0.0632    4.1811 v hidden_layer/neuron0/u_add01/_2926_/Z (MUX2_X1)
                                                 hidden_layer/neuron0/u_add01/_0653_ (net)
                    0.0123    0.0000    4.1811 v hidden_layer/neuron0/u_add01/_3015_/A2 (OAI33_X1)
     4    6.5456    0.0962    0.0917    4.2728 ^ hidden_layer/neuron0/u_add01/_3015_/ZN (OAI33_X1)
                                                 hidden_layer/neuron0/u_add01/_0742_ (net)
                    0.0962    0.0000    4.2728 ^ hidden_layer/neuron0/u_add01/_3023_/A2 (AND4_X1)
     4    6.1550    0.0228    0.0930    4.3657 ^ hidden_layer/neuron0/u_add01/_3023_/ZN (AND4_X1)
                                                 hidden_layer/neuron0/u_add01/_0750_ (net)
                    0.0228    0.0000    4.3657 ^ hidden_layer/neuron0/u_add01/_3026_/A4 (NAND4_X1)
     3    5.4862    0.0340    0.0473    4.4130 v hidden_layer/neuron0/u_add01/_3026_/ZN (NAND4_X1)
                                                 hidden_layer/neuron0/u_add01/_0753_ (net)
                    0.0340    0.0000    4.4130 v hidden_layer/neuron0/u_add01/_3028_/A4 (NOR4_X1)
     5    6.8565    0.0915    0.1420    4.5550 ^ hidden_layer/neuron0/u_add01/_3028_/ZN (NOR4_X1)
                                                 hidden_layer/neuron0/u_add01/_0755_ (net)
                    0.0915    0.0000    4.5550 ^ hidden_layer/neuron0/u_add01/_3031_/A4 (NAND4_X1)
     4    5.3888    0.0319    0.0534    4.6084 v hidden_layer/neuron0/u_add01/_3031_/ZN (NAND4_X1)
                                                 hidden_layer/neuron0/u_add01/_0758_ (net)
                    0.0319    0.0000    4.6084 v hidden_layer/neuron0/u_add01/_3034_/A4 (NOR4_X1)
     4    5.1342    0.0770    0.1229    4.7313 ^ hidden_layer/neuron0/u_add01/_3034_/ZN (NOR4_X1)
                                                 hidden_layer/neuron0/u_add01/_0761_ (net)
                    0.0770    0.0000    4.7313 ^ hidden_layer/neuron0/u_add01/_3058_/A2 (AND4_X1)
     2    2.4226    0.0145    0.0769    4.8082 ^ hidden_layer/neuron0/u_add01/_3058_/ZN (AND4_X1)
                                                 hidden_layer/neuron0/u_add01/_0785_ (net)
                    0.0145    0.0000    4.8082 ^ hidden_layer/neuron0/u_add01/_3091_/A1 (AND4_X1)
     5    6.7156    0.0234    0.0681    4.8763 ^ hidden_layer/neuron0/u_add01/_3091_/ZN (AND4_X1)
                                                 hidden_layer/neuron0/u_add01/_0818_ (net)
                    0.0234    0.0000    4.8763 ^ hidden_layer/neuron0/u_add01/_3110_/B2 (AOI21_X1)
     1    0.8500    0.0158    0.0155    4.8918 v hidden_layer/neuron0/u_add01/_3110_/ZN (AOI21_X1)
                                                 hidden_layer/neuron0/u_add01/_0837_ (net)
                    0.0158    0.0000    4.8918 v hidden_layer/neuron0/u_add01/_3112_/A2 (OR3_X1)
     1    1.4099    0.0128    0.0776    4.9694 v hidden_layer/neuron0/u_add01/_3112_/ZN (OR3_X1)
                                                 hidden_layer/neuron0/u_add01/_0839_ (net)
                    0.0128    0.0000    4.9694 v hidden_layer/neuron0/u_add01/_3115_/B2 (AOI21_X1)
     1    1.1403    0.0239    0.0295    4.9990 ^ hidden_layer/neuron0/u_add01/_3115_/ZN (AOI21_X1)
                                                 hidden_layer/neuron0/u_add01/_0070_ (net)
                    0.0239    0.0000    4.9990 ^ hidden_layer/neuron0/u_add01/_3288_/D (DFF_X1)
                                        4.9990   data arrival time

                    0.0000   10.0000   10.0000   clock clk (rise edge)
                              0.0000   10.0000   clock network delay (ideal)
                             -0.1000    9.9000   clock uncertainty
                              0.0000    9.9000   clock reconvergence pessimism
                                        9.9000 ^ hidden_layer/neuron0/u_add01/_3288_/CK (DFF_X1)
                             -0.0356    9.8644   library setup time
                                        9.8644   data required time
-------------------------------------------------------------------------------------
                                        9.8644   data required time
                                       -4.9990   data arrival time
-------------------------------------------------------------------------------------
                                        4.8654   slack (MET)


Startpoint: hidden_layer/neuron0/u_mul0/_7900_
            (rising edge-triggered flip-flop clocked by clk)
Endpoint: hidden_layer/neuron0/u_mul0/_7813_
          (rising edge-triggered flip-flop clocked by clk)
Path Group: clk
Path Type: min

Fanout       Cap      Slew     Delay      Time   Description
-------------------------------------------------------------------------------------
                    0.0000    0.0000    0.0000   clock clk (rise edge)
                              0.0000    0.0000   clock network delay (ideal)
                    0.0000    0.0000    0.0000 ^ hidden_layer/neuron0/u_mul0/_7900_/CK (DFF_X1)
     2    3.3173    0.0115    0.0886    0.0886 ^ hidden_layer/neuron0/u_mul0/_7900_/Q (DFF_X1)
                                                 hidden_layer/neuron0/u_mul0/a_reg[31] (net)
                    0.0115    0.0000    0.0886 ^ hidden_layer/neuron0/u_mul0/_7802_/C1 (AOI211_X1)
     1    1.0623    0.0063    0.0138    0.1025 v hidden_layer/neuron0/u_mul0/_7802_/ZN (AOI211_X1)
                                                 hidden_layer/neuron0/u_mul0/_0112_ (net)
                    0.0063    0.0000    0.1025 v hidden_layer/neuron0/u_mul0/_7813_/D (DFF_X1)
                                        0.1025   data arrival time

                    0.0000    0.0000    0.0000   clock clk (rise edge)
                              0.0000    0.0000   clock network delay (ideal)
                              0.1000    0.1000   clock uncertainty
                              0.0000    0.1000   clock reconvergence pessimism
                                        0.1000 ^ hidden_layer/neuron0/u_mul0/_7813_/CK (DFF_X1)
                              0.0017    0.1017   library hold time
                                        0.1017   data required time
-------------------------------------------------------------------------------------
                                        0.1017   data required time
                                       -0.1025   data arrival time
-------------------------------------------------------------------------------------
                                        0.0008   slack (MET)


wns max 0.00
tns max 0.00
Clock                   Period          Waveform
----------------------------------------------------
clk                      10.00        0.00      5.00
Startpoint: hidden_layer/neuron0/u_add01/_3357_
            (rising edge-triggered flip-flop clocked by clk)
Endpoint: hidden_layer/neuron0/u_add01/_3288_
          (rising edge-triggered flip-flop clocked by clk)
Path Group: clk
Path Type: max

  Delay    Time   Description
---------------------------------------------------------
   0.00    0.00   clock clk (rise edge)
   0.00    0.00   clock network delay (ideal)
   0.00    0.00 ^ hidden_layer/neuron0/u_add01/_3357_/CK (DFF_X1)
   0.11    0.11 ^ hidden_layer/neuron0/u_add01/_3357_/Q (DFF_X1)
   0.02    0.12 v hidden_layer/neuron0/u_add01/_1877_/ZN (NOR4_X1)
   0.02    0.15 ^ hidden_layer/neuron0/u_add01/_1878_/ZN (NAND4_X1)
   0.07    0.21 v hidden_layer/neuron0/u_add01/_1884_/ZN (NOR2_X1)
   0.72    0.93 ^ hidden_layer/neuron0/u_add01/_1885_/ZN (NOR2_X1)
   0.15    1.09 v hidden_layer/neuron0/u_add01/_2009_/ZN (OAI211_X1)
   0.08    1.16 v hidden_layer/neuron0/u_add01/_2069_/ZN (AND3_X1)
   0.04    1.21 ^ hidden_layer/neuron0/u_add01/_2070_/ZN (NOR2_X1)
   0.03    1.24 v hidden_layer/neuron0/u_add01/_2071_/ZN (AOI21_X1)
   0.05    1.29 ^ hidden_layer/neuron0/u_add01/_2073_/ZN (OAI21_X1)
   0.02    1.31 v hidden_layer/neuron0/u_add01/_2101_/ZN (AOI211_X1)
   0.56    1.87 ^ hidden_layer/neuron0/u_add01/_2103_/ZN (NOR4_X1)
   0.06    1.93 v hidden_layer/neuron0/u_add01/_2105_/ZN (OAI211_X1)
   0.10    2.03 v hidden_layer/neuron0/u_add01/_2134_/Z (MUX2_X1)
   0.06    2.09 v hidden_layer/neuron0/u_add01/_2192_/Z (MUX2_X1)
   0.04    2.13 ^ hidden_layer/neuron0/u_add01/_2193_/ZN (NOR2_X1)
   0.03    2.16 v hidden_layer/neuron0/u_add01/_2425_/ZN (AOI22_X1)
   0.07    2.23 v hidden_layer/neuron0/u_add01/_2544_/ZN (XNOR2_X1)
   0.05    2.28 ^ hidden_layer/neuron0/u_add01/_2546_/ZN (OAI21_X1)
   0.02    2.31 v hidden_layer/neuron0/u_add01/_2547_/ZN (AOI21_X1)
   0.05    2.35 ^ hidden_layer/neuron0/u_add01/_2548_/ZN (OAI21_X1)
   0.03    2.38 v hidden_layer/neuron0/u_add01/_2549_/ZN (AOI21_X1)
   0.05    2.43 ^ hidden_layer/neuron0/u_add01/_2550_/ZN (OAI21_X1)
   0.03    2.45 v hidden_layer/neuron0/u_add01/_2551_/ZN (AOI21_X1)
   0.04    2.50 ^ hidden_layer/neuron0/u_add01/_2554_/ZN (OAI21_X1)
   0.02    2.52 v hidden_layer/neuron0/u_add01/_2563_/ZN (AOI21_X1)
   0.04    2.57 ^ hidden_layer/neuron0/u_add01/_2567_/ZN (OAI21_X1)
   0.03    2.59 v hidden_layer/neuron0/u_add01/_2571_/ZN (AOI21_X1)
   0.04    2.64 ^ hidden_layer/neuron0/u_add01/_2574_/ZN (OAI21_X1)
   0.03    2.66 v hidden_layer/neuron0/u_add01/_2584_/ZN (AOI21_X1)
   0.06    2.72 ^ hidden_layer/neuron0/u_add01/_2585_/ZN (OAI21_X1)
   0.03    2.75 v hidden_layer/neuron0/u_add01/_2587_/ZN (AOI211_X1)
   0.10    2.85 ^ hidden_layer/neuron0/u_add01/_2589_/ZN (OAI33_X1)
   0.03    2.88 v hidden_layer/neuron0/u_add01/_2598_/ZN (AOI21_X1)
   0.05    2.93 ^ hidden_layer/neuron0/u_add01/_2599_/ZN (OAI21_X1)
   0.03    2.96 v hidden_layer/neuron0/u_add01/_2601_/ZN (AOI21_X1)
   0.05    3.00 ^ hidden_layer/neuron0/u_add01/_2603_/ZN (OAI211_X1)
   0.03    3.03 v hidden_layer/neuron0/u_add01/_2605_/ZN (NAND3_X1)
   0.03    3.06 ^ hidden_layer/neuron0/u_add01/_2609_/ZN (NAND2_X1)
   0.04    3.11 ^ hidden_layer/neuron0/u_add01/_2613_/ZN (XNOR2_X1)
   0.05    3.15 v hidden_layer/neuron0/u_add01/_2620_/ZN (NAND4_X1)
   0.10    3.25 ^ hidden_layer/neuron0/u_add01/_2631_/ZN (NOR4_X1)
   0.07    3.32 v hidden_layer/neuron0/u_add01/_2644_/ZN (NAND4_X1)
   0.14    3.46 ^ hidden_layer/neuron0/u_add01/_2656_/ZN (NOR4_X1)
   0.04    3.50 v hidden_layer/neuron0/u_add01/_2668_/ZN (NAND3_X1)
   0.04    3.54 v hidden_layer/neuron0/u_add01/_2671_/ZN (AND2_X1)
   0.05    3.59 ^ hidden_layer/neuron0/u_add01/_2697_/ZN (AOI21_X1)
   0.02    3.61 v hidden_layer/neuron0/u_add01/_2735_/ZN (AOI21_X1)
   0.09    3.69 ^ hidden_layer/neuron0/u_add01/_2736_/ZN (NOR3_X1)
   0.04    3.73 ^ hidden_layer/neuron0/u_add01/_2737_/ZN (OR2_X1)
   0.03    3.76 v hidden_layer/neuron0/u_add01/_2762_/ZN (NAND4_X1)
   0.04    3.80 ^ hidden_layer/neuron0/u_add01/_2769_/ZN (AOI21_X1)
   0.06    3.86 v hidden_layer/neuron0/u_add01/_2773_/ZN (OAI211_X1)
   0.19    4.05 ^ hidden_layer/neuron0/u_add01/_2860_/Z (MUX2_X1)
   0.06    4.12 v hidden_layer/neuron0/u_add01/_2888_/Z (MUX2_X1)
   0.06    4.18 v hidden_layer/neuron0/u_add01/_2926_/Z (MUX2_X1)
   0.09    4.27 ^ hidden_layer/neuron0/u_add01/_3015_/ZN (OAI33_X1)
   0.09    4.37 ^ hidden_layer/neuron0/u_add01/_3023_/ZN (AND4_X1)
   0.05    4.41 v hidden_layer/neuron0/u_add01/_3026_/ZN (NAND4_X1)
   0.14    4.56 ^ hidden_layer/neuron0/u_add01/_3028_/ZN (NOR4_X1)
   0.05    4.61 v hidden_layer/neuron0/u_add01/_3031_/ZN (NAND4_X1)
   0.12    4.73 ^ hidden_layer/neuron0/u_add01/_3034_/ZN (NOR4_X1)
   0.08    4.81 ^ hidden_layer/neuron0/u_add01/_3058_/ZN (AND4_X1)
   0.07    4.88 ^ hidden_layer/neuron0/u_add01/_3091_/ZN (AND4_X1)
   0.02    4.89 v hidden_layer/neuron0/u_add01/_3110_/ZN (AOI21_X1)
   0.08    4.97 v hidden_layer/neuron0/u_add01/_3112_/ZN (OR3_X1)
   0.03    5.00 ^ hidden_layer/neuron0/u_add01/_3115_/ZN (AOI21_X1)
   0.00    5.00 ^ hidden_layer/neuron0/u_add01/_3288_/D (DFF_X1)
           5.00   data arrival time

  10.00   10.00   clock clk (rise edge)
   0.00   10.00   clock network delay (ideal)
  -0.10    9.90   clock uncertainty
   0.00    9.90   clock reconvergence pessimism
           9.90 ^ hidden_layer/neuron0/u_add01/_3288_/CK (DFF_X1)
  -0.04    9.86   library setup time
           9.86   data required time
---------------------------------------------------------
           9.86   data required time
          -5.00   data arrival time
---------------------------------------------------------
           4.87   slack (MET)


Startpoint: hidden_layer/neuron0/u_add01/_3357_
            (rising edge-triggered flip-flop clocked by clk)
Endpoint: hidden_layer/neuron0/u_add01/_3288_
          (rising edge-triggered flip-flop clocked by clk)
Path Group: clk
Path Type: max

  Delay    Time   Description
---------------------------------------------------------
   0.00    0.00   clock clk (rise edge)
   0.00    0.00   clock network delay (ideal)
   0.00    0.00 ^ hidden_layer/neuron0/u_add01/_3357_/CK (DFF_X1)
   0.11    0.11 ^ hidden_layer/neuron0/u_add01/_3357_/Q (DFF_X1)
   0.02    0.12 v hidden_layer/neuron0/u_add01/_1877_/ZN (NOR4_X1)
   0.02    0.15 ^ hidden_layer/neuron0/u_add01/_1878_/ZN (NAND4_X1)
   0.07    0.21 v hidden_layer/neuron0/u_add01/_1884_/ZN (NOR2_X1)
   0.72    0.93 ^ hidden_layer/neuron0/u_add01/_1885_/ZN (NOR2_X1)
   0.15    1.09 v hidden_layer/neuron0/u_add01/_2009_/ZN (OAI211_X1)
   0.08    1.16 v hidden_layer/neuron0/u_add01/_2069_/ZN (AND3_X1)
   0.04    1.21 ^ hidden_layer/neuron0/u_add01/_2070_/ZN (NOR2_X1)
   0.03    1.24 v hidden_layer/neuron0/u_add01/_2071_/ZN (AOI21_X1)
   0.05    1.29 ^ hidden_layer/neuron0/u_add01/_2073_/ZN (OAI21_X1)
   0.02    1.31 v hidden_layer/neuron0/u_add01/_2101_/ZN (AOI211_X1)
   0.56    1.87 ^ hidden_layer/neuron0/u_add01/_2103_/ZN (NOR4_X1)
   0.06    1.93 v hidden_layer/neuron0/u_add01/_2105_/ZN (OAI211_X1)
   0.10    2.03 v hidden_layer/neuron0/u_add01/_2134_/Z (MUX2_X1)
   0.06    2.09 v hidden_layer/neuron0/u_add01/_2192_/Z (MUX2_X1)
   0.04    2.13 ^ hidden_layer/neuron0/u_add01/_2193_/ZN (NOR2_X1)
   0.03    2.16 v hidden_layer/neuron0/u_add01/_2425_/ZN (AOI22_X1)
   0.07    2.23 v hidden_layer/neuron0/u_add01/_2544_/ZN (XNOR2_X1)
   0.05    2.28 ^ hidden_layer/neuron0/u_add01/_2546_/ZN (OAI21_X1)
   0.02    2.31 v hidden_layer/neuron0/u_add01/_2547_/ZN (AOI21_X1)
   0.05    2.35 ^ hidden_layer/neuron0/u_add01/_2548_/ZN (OAI21_X1)
   0.03    2.38 v hidden_layer/neuron0/u_add01/_2549_/ZN (AOI21_X1)
   0.05    2.43 ^ hidden_layer/neuron0/u_add01/_2550_/ZN (OAI21_X1)
   0.03    2.45 v hidden_layer/neuron0/u_add01/_2551_/ZN (AOI21_X1)
   0.04    2.50 ^ hidden_layer/neuron0/u_add01/_2554_/ZN (OAI21_X1)
   0.02    2.52 v hidden_layer/neuron0/u_add01/_2563_/ZN (AOI21_X1)
   0.04    2.57 ^ hidden_layer/neuron0/u_add01/_2567_/ZN (OAI21_X1)
   0.03    2.59 v hidden_layer/neuron0/u_add01/_2571_/ZN (AOI21_X1)
   0.04    2.64 ^ hidden_layer/neuron0/u_add01/_2574_/ZN (OAI21_X1)
   0.03    2.66 v hidden_layer/neuron0/u_add01/_2584_/ZN (AOI21_X1)
   0.06    2.72 ^ hidden_layer/neuron0/u_add01/_2585_/ZN (OAI21_X1)
   0.03    2.75 v hidden_layer/neuron0/u_add01/_2587_/ZN (AOI211_X1)
   0.10    2.85 ^ hidden_layer/neuron0/u_add01/_2589_/ZN (OAI33_X1)
   0.03    2.88 v hidden_layer/neuron0/u_add01/_2598_/ZN (AOI21_X1)
   0.05    2.93 ^ hidden_layer/neuron0/u_add01/_2599_/ZN (OAI21_X1)
   0.03    2.96 v hidden_layer/neuron0/u_add01/_2601_/ZN (AOI21_X1)
   0.05    3.00 ^ hidden_layer/neuron0/u_add01/_2603_/ZN (OAI211_X1)
   0.03    3.03 v hidden_layer/neuron0/u_add01/_2605_/ZN (NAND3_X1)
   0.03    3.06 ^ hidden_layer/neuron0/u_add01/_2609_/ZN (NAND2_X1)
   0.04    3.11 ^ hidden_layer/neuron0/u_add01/_2613_/ZN (XNOR2_X1)
   0.05    3.15 v hidden_layer/neuron0/u_add01/_2620_/ZN (NAND4_X1)
   0.10    3.25 ^ hidden_layer/neuron0/u_add01/_2631_/ZN (NOR4_X1)
   0.07    3.32 v hidden_layer/neuron0/u_add01/_2644_/ZN (NAND4_X1)
   0.14    3.46 ^ hidden_layer/neuron0/u_add01/_2656_/ZN (NOR4_X1)
   0.04    3.50 v hidden_layer/neuron0/u_add01/_2668_/ZN (NAND3_X1)
   0.04    3.54 v hidden_layer/neuron0/u_add01/_2671_/ZN (AND2_X1)
   0.05    3.59 ^ hidden_layer/neuron0/u_add01/_2697_/ZN (AOI21_X1)
   0.02    3.61 v hidden_layer/neuron0/u_add01/_2735_/ZN (AOI21_X1)
   0.09    3.69 ^ hidden_layer/neuron0/u_add01/_2736_/ZN (NOR3_X1)
   0.04    3.73 ^ hidden_layer/neuron0/u_add01/_2737_/ZN (OR2_X1)
   0.03    3.76 v hidden_layer/neuron0/u_add01/_2762_/ZN (NAND4_X1)
   0.04    3.80 ^ hidden_layer/neuron0/u_add01/_2769_/ZN (AOI21_X1)
   0.06    3.86 v hidden_layer/neuron0/u_add01/_2773_/ZN (OAI211_X1)
   0.19    4.05 ^ hidden_layer/neuron0/u_add01/_2860_/Z (MUX2_X1)
   0.06    4.12 v hidden_layer/neuron0/u_add01/_2888_/Z (MUX2_X1)
   0.06    4.18 v hidden_layer/neuron0/u_add01/_2926_/Z (MUX2_X1)
   0.09    4.27 ^ hidden_layer/neuron0/u_add01/_3015_/ZN (OAI33_X1)
   0.09    4.37 ^ hidden_layer/neuron0/u_add01/_3023_/ZN (AND4_X1)
   0.05    4.41 v hidden_layer/neuron0/u_add01/_3026_/ZN (NAND4_X1)
   0.14    4.56 ^ hidden_layer/neuron0/u_add01/_3028_/ZN (NOR4_X1)
   0.05    4.61 v hidden_layer/neuron0/u_add01/_3031_/ZN (NAND4_X1)
   0.12    4.73 ^ hidden_layer/neuron0/u_add01/_3034_/ZN (NOR4_X1)
   0.08    4.81 ^ hidden_layer/neuron0/u_add01/_3058_/ZN (AND4_X1)
   0.07    4.88 ^ hidden_layer/neuron0/u_add01/_3091_/ZN (AND4_X1)
   0.02    4.89 v hidden_layer/neuron0/u_add01/_3110_/ZN (AOI21_X1)
   0.08    4.97 v hidden_layer/neuron0/u_add01/_3112_/ZN (OR3_X1)
   0.03    5.00 ^ hidden_layer/neuron0/u_add01/_3115_/ZN (AOI21_X1)
   0.00    5.00 ^ hidden_layer/neuron0/u_add01/_3288_/D (DFF_X1)
           5.00   data arrival time

  10.00   10.00   clock clk (rise edge)
   0.00   10.00   clock network delay (ideal)
  -0.10    9.90   clock uncertainty
   0.00    9.90   clock reconvergence pessimism
           9.90 ^ hidden_layer/neuron0/u_add01/_3288_/CK (DFF_X1)
  -0.04    9.86   library setup time
           9.86   data required time
---------------------------------------------------------
           9.86   data required time
          -5.00   data arrival time
---------------------------------------------------------
           4.87   slack (MET)


