
==========================================================================
floorplan final report_tns
--------------------------------------------------------------------------
tns max 0.00

==========================================================================
floorplan final report_wns
--------------------------------------------------------------------------
wns max 0.00

==========================================================================
floorplan final report_worst_slack
--------------------------------------------------------------------------
worst slack max 6.14

==========================================================================
floorplan final report_clock_min_period
--------------------------------------------------------------------------
clk period_min = 3.86 fmax = 258.88

==========================================================================
floorplan final report_checks -path_delay min
--------------------------------------------------------------------------
Startpoint: y1_mul3.b_reg[31]$_SDFF_PN0_
            (rising edge-triggered flip-flop clocked by clk)
Endpoint: y1_mul3.product[31]$_SDFF_PP0_
          (rising edge-triggered flip-flop clocked by clk)
Path Group: clk
Path Type: min

Fanout     Cap    Slew   Delay    Time   Description
-----------------------------------------------------------------------------
                  0.00    0.00    0.00   clock clk (rise edge)
                          0.00    0.00   clock network delay (ideal)
                  0.00    0.00    0.00 ^ y1_mul3.b_reg[31]$_SDFF_PN0_/CK (DFF_X1)
     1    1.55    0.01    0.08    0.08 v y1_mul3.b_reg[31]$_SDFF_PN0_/Q (DFF_X1)
                                         y1_mul3.b_reg[31] (net)
                  0.01    0.00    0.08 v _264529_/A (INV_X1)
     1    1.66    0.01    0.01    0.09 ^ _264529_/ZN (INV_X1)
                                         _073391_ (net)
                  0.01    0.00    0.09 ^ _264530_/A2 (NOR3_X1)
     1    1.06    0.00    0.01    0.10 v _264530_/ZN (NOR3_X1)
                                         _033023_ (net)
                  0.00    0.00    0.10 v y1_mul3.product[31]$_SDFF_PP0_/D (DFF_X1)
                                  0.10   data arrival time

                  0.00    0.00    0.00   clock clk (rise edge)
                          0.00    0.00   clock network delay (ideal)
                          0.10    0.10   clock uncertainty
                          0.00    0.10   clock reconvergence pessimism
                                  0.10 ^ y1_mul3.product[31]$_SDFF_PP0_/CK (DFF_X1)
                          0.00    0.10   library hold time
                                  0.10   data required time
-----------------------------------------------------------------------------
                                  0.10   data required time
                                 -0.10   data arrival time
-----------------------------------------------------------------------------
                                  0.00   slack (VIOLATED)



==========================================================================
floorplan final report_checks -path_delay max
--------------------------------------------------------------------------
Startpoint: hidden_layer.neuron0.u_add_all.a_reg[26]$_SDFFE_PN0P_
            (rising edge-triggered flip-flop clocked by clk)
Endpoint: hidden_layer.neuron0.u_add_all.sum_reg[10]$_SDFFE_PN0P_
          (rising edge-triggered flip-flop clocked by clk)
Path Group: clk
Path Type: max

Fanout     Cap    Slew   Delay    Time   Description
-----------------------------------------------------------------------------
                  0.00    0.00    0.00   clock clk (rise edge)
                          0.00    0.00   clock network delay (ideal)
                  0.00    0.00    0.00 ^ hidden_layer.neuron0.u_add_all.a_reg[26]$_SDFFE_PN0P_/CK (DFF_X1)
     6    9.60    0.02    0.10    0.10 ^ hidden_layer.neuron0.u_add_all.a_reg[26]$_SDFFE_PN0P_/Q (DFF_X1)
                                         hidden_layer.neuron0.u_add_all.a_reg[26] (net)
                  0.02    0.00    0.10 ^ _280890_/B (HA_X1)
     2    3.31    0.03    0.06    0.16 ^ _280890_/S (HA_X1)
                                         _018441_ (net)
                  0.03    0.00    0.16 ^ _158081_/A1 (NAND2_X1)
     2    3.08    0.01    0.02    0.18 v _158081_/ZN (NAND2_X1)
                                         _074297_ (net)
                  0.01    0.00    0.18 v _158124_/A (AOI21_X1)
     1    0.92    0.02    0.04    0.22 ^ _158124_/ZN (AOI21_X1)
                                         _074340_ (net)
                  0.02    0.00    0.22 ^ _158126_/A3 (AND4_X1)
     1    1.62    0.01    0.06    0.28 ^ _158126_/ZN (AND4_X1)
                                         _074342_ (net)
                  0.01    0.00    0.28 ^ _158132_/A2 (NAND3_X1)
     2    2.45    0.01    0.02    0.30 v _158132_/ZN (NAND3_X1)
                                         _074348_ (net)
                  0.01    0.00    0.30 v _158133_/B3 (OAI33_X1)
     1    1.78    0.06    0.08    0.38 ^ _158133_/ZN (OAI33_X1)
                                         _074349_ (net)
                  0.06    0.00    0.38 ^ _158134_/A (BUF_X2)
    10   18.92    0.02    0.05    0.43 ^ _158134_/Z (BUF_X2)
                                         _074350_ (net)
                  0.02    0.00    0.43 ^ _158135_/A (BUF_X2)
    10   19.06    0.02    0.05    0.48 ^ _158135_/Z (BUF_X2)
                                         _074351_ (net)
                  0.02    0.00    0.48 ^ _158136_/A (BUF_X2)
    10   18.60    0.02    0.04    0.52 ^ _158136_/Z (BUF_X2)
                                         _074352_ (net)
                  0.02    0.00    0.52 ^ _158137_/A (BUF_X2)
    10   17.10    0.02    0.04    0.56 ^ _158137_/Z (BUF_X2)
                                         _074353_ (net)
                  0.02    0.00    0.56 ^ _161320_/A (BUF_X1)
    10   16.36    0.04    0.06    0.62 ^ _161320_/Z (BUF_X1)
                                         _077501_ (net)
                  0.04    0.00    0.62 ^ _171715_/A (BUF_X1)
    10   15.42    0.04    0.06    0.69 ^ _171715_/Z (BUF_X1)
                                         _087697_ (net)
                  0.04    0.00    0.69 ^ _218803_/A (BUF_X1)
    10   19.20    0.05    0.07    0.76 ^ _218803_/Z (BUF_X1)
                                         _033735_ (net)
                  0.05    0.00    0.76 ^ _218804_/S (MUX2_X1)
     1    3.34    0.01    0.07    0.83 v _218804_/Z (MUX2_X1)
                                         _015091_ (net)
                  0.01    0.00    0.83 v _278645_/B (HA_X1)
     4    7.13    0.01    0.04    0.87 v _278645_/CO (HA_X1)
                                         _001525_ (net)
                  0.01    0.00    0.87 v _266059_/CI (FA_X1)
     1    0.88    0.01    0.06    0.93 v _266059_/CO (FA_X1)
                                         _001526_ (net)
                  0.01    0.00    0.93 v _160890_/A (BUF_X1)
     5    8.97    0.01    0.04    0.97 v _160890_/Z (BUF_X1)
                                         _077074_ (net)
                  0.01    0.00    0.97 v _160935_/A (INV_X1)
     1    1.68    0.01    0.01    0.99 ^ _160935_/ZN (INV_X1)
                                         _077119_ (net)
                  0.01    0.00    0.99 ^ _160936_/B2 (AOI21_X1)
     2    2.87    0.01    0.02    1.00 v _160936_/ZN (AOI21_X1)
                                         _077120_ (net)
                  0.01    0.00    1.00 v _160955_/B1 (OAI21_X1)
     4    6.59    0.04    0.05    1.06 ^ _160955_/ZN (OAI21_X1)
                                         _077139_ (net)
                  0.04    0.00    1.06 ^ _160957_/A2 (NAND3_X1)
     1    1.54    0.01    0.03    1.08 v _160957_/ZN (NAND3_X1)
                                         _077141_ (net)
                  0.01    0.00    1.08 v _160959_/B2 (OAI221_X1)
     3    5.01    0.05    0.07    1.15 ^ _160959_/ZN (OAI221_X1)
                                         _077143_ (net)
                  0.05    0.00    1.15 ^ _160960_/A (BUF_X2)
    10   17.26    0.02    0.05    1.20 ^ _160960_/Z (BUF_X2)
                                         _077144_ (net)
                  0.02    0.00    1.20 ^ _161159_/A1 (OR2_X1)
     6    8.55    0.02    0.04    1.24 ^ _161159_/ZN (OR2_X1)
                                         _077343_ (net)
                  0.02    0.00    1.24 ^ _186018_/A (BUF_X1)
    10   15.51    0.04    0.06    1.30 ^ _186018_/Z (BUF_X1)
                                         _101559_ (net)
                  0.04    0.00    1.30 ^ _212823_/A1 (NAND2_X1)
     2    1.80    0.01    0.02    1.32 v _212823_/ZN (NAND2_X1)
                                         _116063_ (net)
                  0.01    0.00    1.32 v _218777_/B (MUX2_X1)
     2    1.81    0.01    0.06    1.38 v _218777_/Z (MUX2_X1)
                                         _033717_ (net)
                  0.01    0.00    1.38 v _218791_/A (MUX2_X1)
     1    1.41    0.01    0.06    1.44 v _218791_/Z (MUX2_X1)
                                         _033727_ (net)
                  0.01    0.00    1.44 v _218792_/B1 (OAI22_X1)
     1    1.58    0.03    0.04    1.48 ^ _218792_/ZN (OAI22_X1)
                                         _033728_ (net)
                  0.03    0.00    1.48 ^ _218793_/B1 (AOI22_X1)
     2    4.89    0.02    0.03    1.51 v _218793_/ZN (AOI22_X1)
                                         _021662_ (net)
                  0.02    0.00    1.51 v _283323_/B (HA_X1)
     1    0.97    0.02    0.03    1.54 ^ _283323_/S (HA_X1)
                                         _021664_ (net)
                  0.02    0.00    1.54 ^ _160888_/A (BUF_X1)
     8   13.35    0.03    0.05    1.60 ^ _160888_/Z (BUF_X1)
                                         _077072_ (net)
                  0.03    0.00    1.60 ^ _161563_/A1 (OR2_X1)
     2    3.25    0.01    0.03    1.63 ^ _161563_/ZN (OR2_X1)
                                         _077742_ (net)
                  0.01    0.00    1.63 ^ _161564_/B1 (AOI21_X1)
     3    4.47    0.01    0.02    1.65 v _161564_/ZN (AOI21_X1)
                                         _077743_ (net)
                  0.01    0.00    1.65 v _161565_/A (INV_X1)
     2    3.33    0.01    0.02    1.67 ^ _161565_/ZN (INV_X1)
                                         _077744_ (net)
                  0.01    0.00    1.67 ^ _161566_/A2 (NAND2_X1)
     4    5.38    0.02    0.02    1.69 v _161566_/ZN (NAND2_X1)
                                         _077745_ (net)
                  0.02    0.00    1.69 v _161567_/A2 (NAND2_X1)
     1    1.65    0.01    0.02    1.71 ^ _161567_/ZN (NAND2_X1)
                                         _077746_ (net)
                  0.01    0.00    1.71 ^ _161568_/A3 (NAND3_X1)
     4    5.76    0.02    0.03    1.75 v _161568_/ZN (NAND3_X1)
                                         _077747_ (net)
                  0.02    0.00    1.75 v _161589_/A2 (NOR3_X1)
     1    1.67    0.03    0.05    1.80 ^ _161589_/ZN (NOR3_X1)
                                         _077768_ (net)
                  0.03    0.00    1.80 ^ _161591_/A (OAI21_X1)
     3    3.98    0.02    0.03    1.82 v _161591_/ZN (OAI21_X1)
                                         _077770_ (net)
                  0.02    0.00    1.82 v _161592_/A2 (OR3_X1)
     6    6.58    0.02    0.09    1.92 v _161592_/ZN (OR3_X1)
                                         _077771_ (net)
                  0.02    0.00    1.92 v _161597_/A2 (AND4_X1)
     1    3.05    0.01    0.04    1.96 v _161597_/ZN (AND4_X1)
                                         _077776_ (net)
                  0.01    0.00    1.96 v _161600_/B (AOI211_X2)
     6    8.43    0.06    0.08    2.04 ^ _161600_/ZN (AOI211_X2)
                                         _077779_ (net)
                  0.06    0.00    2.04 ^ _161618_/A (AOI21_X1)
     2    2.34    0.02    0.02    2.07 v _161618_/ZN (AOI21_X1)
                                         _077797_ (net)
                  0.02    0.00    2.07 v _161619_/A4 (AND4_X1)
     4    9.09    0.01    0.06    2.12 v _161619_/ZN (AND4_X1)
                                         _077798_ (net)
                  0.01    0.00    2.12 v _161748_/A2 (NAND3_X2)
    10   19.52    0.03    0.04    2.16 ^ _161748_/ZN (NAND3_X2)
                                         _077926_ (net)
                  0.03    0.00    2.16 ^ _161838_/A2 (AOI22_X2)
     8   11.41    0.02    0.03    2.19 v _161838_/ZN (AOI22_X2)
                                         _078014_ (net)
                  0.02    0.00    2.19 v _161893_/A2 (NOR4_X2)
     9   19.82    0.12    0.16    2.35 ^ _161893_/ZN (NOR4_X2)
                                         _078064_ (net)
                  0.12    0.00    2.35 ^ _207210_/A (BUF_X2)
    10   21.12    0.03    0.06    2.40 ^ _207210_/Z (BUF_X2)
                                         _114815_ (net)
                  0.03    0.00    2.40 ^ _207211_/A (AOI21_X1)
     1    3.06    0.02    0.02    2.42 v _207211_/ZN (AOI21_X1)
                                         _016641_ (net)
                  0.02    0.00    2.42 v _279666_/A (HA_X1)
     1    1.56    0.01    0.03    2.46 v _279666_/CO (HA_X1)
                                         _016642_ (net)
                  0.01    0.00    2.46 v _161311_/B2 (OAI21_X1)
     1    1.65    0.02    0.03    2.49 ^ _161311_/ZN (OAI21_X1)
                                         _077493_ (net)
                  0.02    0.00    2.49 ^ _161312_/B1 (AOI21_X1)
     1    1.46    0.01    0.02    2.50 v _161312_/ZN (AOI21_X1)
                                         _077494_ (net)
                  0.01    0.00    2.50 v _161313_/B1 (OAI21_X1)
     1    1.68    0.02    0.03    2.53 ^ _161313_/ZN (OAI21_X1)
                                         _077495_ (net)
                  0.02    0.00    2.53 ^ _161314_/B2 (AOI21_X1)
     1    0.90    0.01    0.02    2.54 v _161314_/ZN (AOI21_X1)
                                         _077496_ (net)
                  0.01    0.00    2.54 v _161315_/A3 (OR3_X1)
     3    3.82    0.02    0.09    2.63 v _161315_/ZN (OR3_X1)
                                         _077497_ (net)
                  0.02    0.00    2.63 v _161319_/A2 (NOR3_X1)
    10   15.47    0.12    0.16    2.79 ^ _161319_/ZN (NOR3_X1)
                                         _077500_ (net)
                  0.12    0.00    2.79 ^ _161787_/A (AOI21_X1)
     4    7.02    0.04    0.04    2.83 v _161787_/ZN (AOI21_X1)
                                         _077965_ (net)
                  0.04    0.00    2.83 v _161852_/A1 (NOR2_X2)
     7   10.29    0.03    0.05    2.88 ^ _161852_/ZN (NOR2_X2)
                                         _078028_ (net)
                  0.03    0.00    2.88 ^ _161889_/A (INV_X1)
     6    9.35    0.02    0.03    2.90 v _161889_/ZN (INV_X1)
                                         _078061_ (net)
                  0.02    0.00    2.90 v _161890_/A (BUF_X1)
    10   14.59    0.02    0.05    2.95 v _161890_/Z (BUF_X1)
                                         _078062_ (net)
                  0.02    0.00    2.95 v _161891_/A (BUF_X1)
    10   13.90    0.02    0.05    3.00 v _161891_/Z (BUF_X1)
                                         _078063_ (net)
                  0.02    0.00    3.00 v _161892_/A (BUF_X1)
    10   18.04    0.02    0.05    3.06 v _161892_/Z (BUF_X1)
                                         _019508_ (net)
                  0.02    0.00    3.06 v _281734_/B (HA_X1)
     3    5.36    0.02    0.07    3.12 v _281734_/S (HA_X1)
                                         _019510_ (net)
                  0.02    0.00    3.12 v _238773_/B1 (AOI21_X1)
     2    4.22    0.03    0.04    3.17 ^ _238773_/ZN (AOI21_X1)
                                         _050857_ (net)
                  0.03    0.00    3.17 ^ _238774_/A2 (NOR2_X1)
     1    1.56    0.01    0.01    3.18 v _238774_/ZN (NOR2_X1)
                                         _050858_ (net)
                  0.01    0.00    3.18 v _238775_/B2 (OAI21_X1)
     2    2.64    0.02    0.04    3.22 ^ _238775_/ZN (OAI21_X1)
                                         _050859_ (net)
                  0.02    0.00    3.22 ^ _238776_/B2 (AOI21_X1)
     2    2.45    0.01    0.02    3.24 v _238776_/ZN (AOI21_X1)
                                         _050860_ (net)
                  0.01    0.00    3.24 v _238777_/A2 (OR2_X1)
     1    1.45    0.01    0.05    3.29 v _238777_/ZN (OR2_X1)
                                         _050861_ (net)
                  0.01    0.00    3.29 v _238778_/B1 (AOI21_X1)
     2    3.33    0.03    0.03    3.32 ^ _238778_/ZN (AOI21_X1)
                                         _050862_ (net)
                  0.03    0.00    3.32 ^ _238779_/C1 (AOI221_X1)
     1    1.54    0.03    0.02    3.34 v _238779_/ZN (AOI221_X1)
                                         _050863_ (net)
                  0.03    0.00    3.34 v _238783_/A (AOI21_X1)
     3    5.05    0.04    0.06    3.40 ^ _238783_/ZN (AOI21_X1)
                                         _050867_ (net)
                  0.04    0.00    3.40 ^ _238863_/A1 (NOR2_X1)
     1    1.55    0.01    0.01    3.42 v _238863_/ZN (NOR2_X1)
                                         _050939_ (net)
                  0.01    0.00    3.42 v _238866_/B2 (AOI221_X1)
     3    4.86    0.06    0.10    3.52 ^ _238866_/ZN (AOI221_X1)
                                         _050942_ (net)
                  0.06    0.00    3.52 ^ _238867_/A (INV_X1)
     1    1.59    0.01    0.01    3.53 v _238867_/ZN (INV_X1)
                                         _050943_ (net)
                  0.01    0.00    3.53 v _238868_/A2 (OR2_X2)
     9    8.17    0.01    0.05    3.58 v _238868_/ZN (OR2_X2)
                                         _050944_ (net)
                  0.01    0.00    3.58 v _238869_/A2 (OR2_X1)
     4    6.01    0.01    0.06    3.64 v _238869_/ZN (OR2_X1)
                                         _050945_ (net)
                  0.01    0.00    3.64 v _238990_/B3 (OAI33_X1)
     1    1.14    0.05    0.08    3.72 ^ _238990_/ZN (OAI33_X1)
                                         _029889_ (net)
                  0.05    0.00    3.72 ^ hidden_layer.neuron0.u_add_all.sum_reg[10]$_SDFFE_PN0P_/D (DFF_X1)
                                  3.72   data arrival time

                  0.00   10.00   10.00   clock clk (rise edge)
                          0.00   10.00   clock network delay (ideal)
                         -0.10    9.90   clock uncertainty
                          0.00    9.90   clock reconvergence pessimism
                                  9.90 ^ hidden_layer.neuron0.u_add_all.sum_reg[10]$_SDFFE_PN0P_/CK (DFF_X1)
                         -0.04    9.86   library setup time
                                  9.86   data required time
-----------------------------------------------------------------------------
                                  9.86   data required time
                                 -3.72   data arrival time
-----------------------------------------------------------------------------
                                  6.14   slack (MET)



==========================================================================
floorplan final report_checks -unconstrained
--------------------------------------------------------------------------
Startpoint: hidden_layer.neuron0.u_add_all.a_reg[26]$_SDFFE_PN0P_
            (rising edge-triggered flip-flop clocked by clk)
Endpoint: hidden_layer.neuron0.u_add_all.sum_reg[10]$_SDFFE_PN0P_
          (rising edge-triggered flip-flop clocked by clk)
Path Group: clk
Path Type: max

Fanout     Cap    Slew   Delay    Time   Description
-----------------------------------------------------------------------------
                  0.00    0.00    0.00   clock clk (rise edge)
                          0.00    0.00   clock network delay (ideal)
                  0.00    0.00    0.00 ^ hidden_layer.neuron0.u_add_all.a_reg[26]$_SDFFE_PN0P_/CK (DFF_X1)
     6    9.60    0.02    0.10    0.10 ^ hidden_layer.neuron0.u_add_all.a_reg[26]$_SDFFE_PN0P_/Q (DFF_X1)
                                         hidden_layer.neuron0.u_add_all.a_reg[26] (net)
                  0.02    0.00    0.10 ^ _280890_/B (HA_X1)
     2    3.31    0.03    0.06    0.16 ^ _280890_/S (HA_X1)
                                         _018441_ (net)
                  0.03    0.00    0.16 ^ _158081_/A1 (NAND2_X1)
     2    3.08    0.01    0.02    0.18 v _158081_/ZN (NAND2_X1)
                                         _074297_ (net)
                  0.01    0.00    0.18 v _158124_/A (AOI21_X1)
     1    0.92    0.02    0.04    0.22 ^ _158124_/ZN (AOI21_X1)
                                         _074340_ (net)
                  0.02    0.00    0.22 ^ _158126_/A3 (AND4_X1)
     1    1.62    0.01    0.06    0.28 ^ _158126_/ZN (AND4_X1)
                                         _074342_ (net)
                  0.01    0.00    0.28 ^ _158132_/A2 (NAND3_X1)
     2    2.45    0.01    0.02    0.30 v _158132_/ZN (NAND3_X1)
                                         _074348_ (net)
                  0.01    0.00    0.30 v _158133_/B3 (OAI33_X1)
     1    1.78    0.06    0.08    0.38 ^ _158133_/ZN (OAI33_X1)
                                         _074349_ (net)
                  0.06    0.00    0.38 ^ _158134_/A (BUF_X2)
    10   18.92    0.02    0.05    0.43 ^ _158134_/Z (BUF_X2)
                                         _074350_ (net)
                  0.02    0.00    0.43 ^ _158135_/A (BUF_X2)
    10   19.06    0.02    0.05    0.48 ^ _158135_/Z (BUF_X2)
                                         _074351_ (net)
                  0.02    0.00    0.48 ^ _158136_/A (BUF_X2)
    10   18.60    0.02    0.04    0.52 ^ _158136_/Z (BUF_X2)
                                         _074352_ (net)
                  0.02    0.00    0.52 ^ _158137_/A (BUF_X2)
    10   17.10    0.02    0.04    0.56 ^ _158137_/Z (BUF_X2)
                                         _074353_ (net)
                  0.02    0.00    0.56 ^ _161320_/A (BUF_X1)
    10   16.36    0.04    0.06    0.62 ^ _161320_/Z (BUF_X1)
                                         _077501_ (net)
                  0.04    0.00    0.62 ^ _171715_/A (BUF_X1)
    10   15.42    0.04    0.06    0.69 ^ _171715_/Z (BUF_X1)
                                         _087697_ (net)
                  0.04    0.00    0.69 ^ _218803_/A (BUF_X1)
    10   19.20    0.05    0.07    0.76 ^ _218803_/Z (BUF_X1)
                                         _033735_ (net)
                  0.05    0.00    0.76 ^ _218804_/S (MUX2_X1)
     1    3.34    0.01    0.07    0.83 v _218804_/Z (MUX2_X1)
                                         _015091_ (net)
                  0.01    0.00    0.83 v _278645_/B (HA_X1)
     4    7.13    0.01    0.04    0.87 v _278645_/CO (HA_X1)
                                         _001525_ (net)
                  0.01    0.00    0.87 v _266059_/CI (FA_X1)
     1    0.88    0.01    0.06    0.93 v _266059_/CO (FA_X1)
                                         _001526_ (net)
                  0.01    0.00    0.93 v _160890_/A (BUF_X1)
     5    8.97    0.01    0.04    0.97 v _160890_/Z (BUF_X1)
                                         _077074_ (net)
                  0.01    0.00    0.97 v _160935_/A (INV_X1)
     1    1.68    0.01    0.01    0.99 ^ _160935_/ZN (INV_X1)
                                         _077119_ (net)
                  0.01    0.00    0.99 ^ _160936_/B2 (AOI21_X1)
     2    2.87    0.01    0.02    1.00 v _160936_/ZN (AOI21_X1)
                                         _077120_ (net)
                  0.01    0.00    1.00 v _160955_/B1 (OAI21_X1)
     4    6.59    0.04    0.05    1.06 ^ _160955_/ZN (OAI21_X1)
                                         _077139_ (net)
                  0.04    0.00    1.06 ^ _160957_/A2 (NAND3_X1)
     1    1.54    0.01    0.03    1.08 v _160957_/ZN (NAND3_X1)
                                         _077141_ (net)
                  0.01    0.00    1.08 v _160959_/B2 (OAI221_X1)
     3    5.01    0.05    0.07    1.15 ^ _160959_/ZN (OAI221_X1)
                                         _077143_ (net)
                  0.05    0.00    1.15 ^ _160960_/A (BUF_X2)
    10   17.26    0.02    0.05    1.20 ^ _160960_/Z (BUF_X2)
                                         _077144_ (net)
                  0.02    0.00    1.20 ^ _161159_/A1 (OR2_X1)
     6    8.55    0.02    0.04    1.24 ^ _161159_/ZN (OR2_X1)
                                         _077343_ (net)
                  0.02    0.00    1.24 ^ _186018_/A (BUF_X1)
    10   15.51    0.04    0.06    1.30 ^ _186018_/Z (BUF_X1)
                                         _101559_ (net)
                  0.04    0.00    1.30 ^ _212823_/A1 (NAND2_X1)
     2    1.80    0.01    0.02    1.32 v _212823_/ZN (NAND2_X1)
                                         _116063_ (net)
                  0.01    0.00    1.32 v _218777_/B (MUX2_X1)
     2    1.81    0.01    0.06    1.38 v _218777_/Z (MUX2_X1)
                                         _033717_ (net)
                  0.01    0.00    1.38 v _218791_/A (MUX2_X1)
     1    1.41    0.01    0.06    1.44 v _218791_/Z (MUX2_X1)
                                         _033727_ (net)
                  0.01    0.00    1.44 v _218792_/B1 (OAI22_X1)
     1    1.58    0.03    0.04    1.48 ^ _218792_/ZN (OAI22_X1)
                                         _033728_ (net)
                  0.03    0.00    1.48 ^ _218793_/B1 (AOI22_X1)
     2    4.89    0.02    0.03    1.51 v _218793_/ZN (AOI22_X1)
                                         _021662_ (net)
                  0.02    0.00    1.51 v _283323_/B (HA_X1)
     1    0.97    0.02    0.03    1.54 ^ _283323_/S (HA_X1)
                                         _021664_ (net)
                  0.02    0.00    1.54 ^ _160888_/A (BUF_X1)
     8   13.35    0.03    0.05    1.60 ^ _160888_/Z (BUF_X1)
                                         _077072_ (net)
                  0.03    0.00    1.60 ^ _161563_/A1 (OR2_X1)
     2    3.25    0.01    0.03    1.63 ^ _161563_/ZN (OR2_X1)
                                         _077742_ (net)
                  0.01    0.00    1.63 ^ _161564_/B1 (AOI21_X1)
     3    4.47    0.01    0.02    1.65 v _161564_/ZN (AOI21_X1)
                                         _077743_ (net)
                  0.01    0.00    1.65 v _161565_/A (INV_X1)
     2    3.33    0.01    0.02    1.67 ^ _161565_/ZN (INV_X1)
                                         _077744_ (net)
                  0.01    0.00    1.67 ^ _161566_/A2 (NAND2_X1)
     4    5.38    0.02    0.02    1.69 v _161566_/ZN (NAND2_X1)
                                         _077745_ (net)
                  0.02    0.00    1.69 v _161567_/A2 (NAND2_X1)
     1    1.65    0.01    0.02    1.71 ^ _161567_/ZN (NAND2_X1)
                                         _077746_ (net)
                  0.01    0.00    1.71 ^ _161568_/A3 (NAND3_X1)
     4    5.76    0.02    0.03    1.75 v _161568_/ZN (NAND3_X1)
                                         _077747_ (net)
                  0.02    0.00    1.75 v _161589_/A2 (NOR3_X1)
     1    1.67    0.03    0.05    1.80 ^ _161589_/ZN (NOR3_X1)
                                         _077768_ (net)
                  0.03    0.00    1.80 ^ _161591_/A (OAI21_X1)
     3    3.98    0.02    0.03    1.82 v _161591_/ZN (OAI21_X1)
                                         _077770_ (net)
                  0.02    0.00    1.82 v _161592_/A2 (OR3_X1)
     6    6.58    0.02    0.09    1.92 v _161592_/ZN (OR3_X1)
                                         _077771_ (net)
                  0.02    0.00    1.92 v _161597_/A2 (AND4_X1)
     1    3.05    0.01    0.04    1.96 v _161597_/ZN (AND4_X1)
                                         _077776_ (net)
                  0.01    0.00    1.96 v _161600_/B (AOI211_X2)
     6    8.43    0.06    0.08    2.04 ^ _161600_/ZN (AOI211_X2)
                                         _077779_ (net)
                  0.06    0.00    2.04 ^ _161618_/A (AOI21_X1)
     2    2.34    0.02    0.02    2.07 v _161618_/ZN (AOI21_X1)
                                         _077797_ (net)
                  0.02    0.00    2.07 v _161619_/A4 (AND4_X1)
     4    9.09    0.01    0.06    2.12 v _161619_/ZN (AND4_X1)
                                         _077798_ (net)
                  0.01    0.00    2.12 v _161748_/A2 (NAND3_X2)
    10   19.52    0.03    0.04    2.16 ^ _161748_/ZN (NAND3_X2)
                                         _077926_ (net)
                  0.03    0.00    2.16 ^ _161838_/A2 (AOI22_X2)
     8   11.41    0.02    0.03    2.19 v _161838_/ZN (AOI22_X2)
                                         _078014_ (net)
                  0.02    0.00    2.19 v _161893_/A2 (NOR4_X2)
     9   19.82    0.12    0.16    2.35 ^ _161893_/ZN (NOR4_X2)
                                         _078064_ (net)
                  0.12    0.00    2.35 ^ _207210_/A (BUF_X2)
    10   21.12    0.03    0.06    2.40 ^ _207210_/Z (BUF_X2)
                                         _114815_ (net)
                  0.03    0.00    2.40 ^ _207211_/A (AOI21_X1)
     1    3.06    0.02    0.02    2.42 v _207211_/ZN (AOI21_X1)
                                         _016641_ (net)
                  0.02    0.00    2.42 v _279666_/A (HA_X1)
     1    1.56    0.01    0.03    2.46 v _279666_/CO (HA_X1)
                                         _016642_ (net)
                  0.01    0.00    2.46 v _161311_/B2 (OAI21_X1)
     1    1.65    0.02    0.03    2.49 ^ _161311_/ZN (OAI21_X1)
                                         _077493_ (net)
                  0.02    0.00    2.49 ^ _161312_/B1 (AOI21_X1)
     1    1.46    0.01    0.02    2.50 v _161312_/ZN (AOI21_X1)
                                         _077494_ (net)
                  0.01    0.00    2.50 v _161313_/B1 (OAI21_X1)
     1    1.68    0.02    0.03    2.53 ^ _161313_/ZN (OAI21_X1)
                                         _077495_ (net)
                  0.02    0.00    2.53 ^ _161314_/B2 (AOI21_X1)
     1    0.90    0.01    0.02    2.54 v _161314_/ZN (AOI21_X1)
                                         _077496_ (net)
                  0.01    0.00    2.54 v _161315_/A3 (OR3_X1)
     3    3.82    0.02    0.09    2.63 v _161315_/ZN (OR3_X1)
                                         _077497_ (net)
                  0.02    0.00    2.63 v _161319_/A2 (NOR3_X1)
    10   15.47    0.12    0.16    2.79 ^ _161319_/ZN (NOR3_X1)
                                         _077500_ (net)
                  0.12    0.00    2.79 ^ _161787_/A (AOI21_X1)
     4    7.02    0.04    0.04    2.83 v _161787_/ZN (AOI21_X1)
                                         _077965_ (net)
                  0.04    0.00    2.83 v _161852_/A1 (NOR2_X2)
     7   10.29    0.03    0.05    2.88 ^ _161852_/ZN (NOR2_X2)
                                         _078028_ (net)
                  0.03    0.00    2.88 ^ _161889_/A (INV_X1)
     6    9.35    0.02    0.03    2.90 v _161889_/ZN (INV_X1)
                                         _078061_ (net)
                  0.02    0.00    2.90 v _161890_/A (BUF_X1)
    10   14.59    0.02    0.05    2.95 v _161890_/Z (BUF_X1)
                                         _078062_ (net)
                  0.02    0.00    2.95 v _161891_/A (BUF_X1)
    10   13.90    0.02    0.05    3.00 v _161891_/Z (BUF_X1)
                                         _078063_ (net)
                  0.02    0.00    3.00 v _161892_/A (BUF_X1)
    10   18.04    0.02    0.05    3.06 v _161892_/Z (BUF_X1)
                                         _019508_ (net)
                  0.02    0.00    3.06 v _281734_/B (HA_X1)
     3    5.36    0.02    0.07    3.12 v _281734_/S (HA_X1)
                                         _019510_ (net)
                  0.02    0.00    3.12 v _238773_/B1 (AOI21_X1)
     2    4.22    0.03    0.04    3.17 ^ _238773_/ZN (AOI21_X1)
                                         _050857_ (net)
                  0.03    0.00    3.17 ^ _238774_/A2 (NOR2_X1)
     1    1.56    0.01    0.01    3.18 v _238774_/ZN (NOR2_X1)
                                         _050858_ (net)
                  0.01    0.00    3.18 v _238775_/B2 (OAI21_X1)
     2    2.64    0.02    0.04    3.22 ^ _238775_/ZN (OAI21_X1)
                                         _050859_ (net)
                  0.02    0.00    3.22 ^ _238776_/B2 (AOI21_X1)
     2    2.45    0.01    0.02    3.24 v _238776_/ZN (AOI21_X1)
                                         _050860_ (net)
                  0.01    0.00    3.24 v _238777_/A2 (OR2_X1)
     1    1.45    0.01    0.05    3.29 v _238777_/ZN (OR2_X1)
                                         _050861_ (net)
                  0.01    0.00    3.29 v _238778_/B1 (AOI21_X1)
     2    3.33    0.03    0.03    3.32 ^ _238778_/ZN (AOI21_X1)
                                         _050862_ (net)
                  0.03    0.00    3.32 ^ _238779_/C1 (AOI221_X1)
     1    1.54    0.03    0.02    3.34 v _238779_/ZN (AOI221_X1)
                                         _050863_ (net)
                  0.03    0.00    3.34 v _238783_/A (AOI21_X1)
     3    5.05    0.04    0.06    3.40 ^ _238783_/ZN (AOI21_X1)
                                         _050867_ (net)
                  0.04    0.00    3.40 ^ _238863_/A1 (NOR2_X1)
     1    1.55    0.01    0.01    3.42 v _238863_/ZN (NOR2_X1)
                                         _050939_ (net)
                  0.01    0.00    3.42 v _238866_/B2 (AOI221_X1)
     3    4.86    0.06    0.10    3.52 ^ _238866_/ZN (AOI221_X1)
                                         _050942_ (net)
                  0.06    0.00    3.52 ^ _238867_/A (INV_X1)
     1    1.59    0.01    0.01    3.53 v _238867_/ZN (INV_X1)
                                         _050943_ (net)
                  0.01    0.00    3.53 v _238868_/A2 (OR2_X2)
     9    8.17    0.01    0.05    3.58 v _238868_/ZN (OR2_X2)
                                         _050944_ (net)
                  0.01    0.00    3.58 v _238869_/A2 (OR2_X1)
     4    6.01    0.01    0.06    3.64 v _238869_/ZN (OR2_X1)
                                         _050945_ (net)
                  0.01    0.00    3.64 v _238990_/B3 (OAI33_X1)
     1    1.14    0.05    0.08    3.72 ^ _238990_/ZN (OAI33_X1)
                                         _029889_ (net)
                  0.05    0.00    3.72 ^ hidden_layer.neuron0.u_add_all.sum_reg[10]$_SDFFE_PN0P_/D (DFF_X1)
                                  3.72   data arrival time

                  0.00   10.00   10.00   clock clk (rise edge)
                          0.00   10.00   clock network delay (ideal)
                         -0.10    9.90   clock uncertainty
                          0.00    9.90   clock reconvergence pessimism
                                  9.90 ^ hidden_layer.neuron0.u_add_all.sum_reg[10]$_SDFFE_PN0P_/CK (DFF_X1)
                         -0.04    9.86   library setup time
                                  9.86   data required time
-----------------------------------------------------------------------------
                                  9.86   data required time
                                 -3.72   data arrival time
-----------------------------------------------------------------------------
                                  6.14   slack (MET)



==========================================================================
floorplan final report_power
--------------------------------------------------------------------------
Group                  Internal  Switching    Leakage      Total
                          Power      Power      Power      Power (Watts)
----------------------------------------------------------------
Sequential             3.69e-03   5.66e-05   4.27e-04   4.18e-03  12.0%
Combinational          1.40e-02   1.25e-02   4.05e-03   3.06e-02  88.0%
Clock                  0.00e+00   0.00e+00   0.00e+00   0.00e+00   0.0%
Macro                  0.00e+00   0.00e+00   0.00e+00   0.00e+00   0.0%
Pad                    0.00e+00   0.00e+00   0.00e+00   0.00e+00   0.0%
----------------------------------------------------------------
Total                  1.77e-02   1.26e-02   4.48e-03   3.48e-02 100.0%
                          51.0%      36.2%      12.9%
