
==========================================================================
detailed place report_tns
--------------------------------------------------------------------------
tns max 0.00

==========================================================================
detailed place report_wns
--------------------------------------------------------------------------
wns max 0.00

==========================================================================
detailed place report_worst_slack
--------------------------------------------------------------------------
worst slack max 5.60

==========================================================================
detailed place report_clock_min_period
--------------------------------------------------------------------------
clk period_min = 4.40 fmax = 227.19

==========================================================================
detailed place report_checks -path_delay min
--------------------------------------------------------------------------
Startpoint: hidden_layer.neuron3.u_add_bias.sum_reg[26]$_SDFFE_PN0P_
            (rising edge-triggered flip-flop clocked by clk)
Endpoint: hidden_layer.neuron3.u_relu.data_out[26]$_SDFF_PP0_
          (rising edge-triggered flip-flop clocked by clk)
Path Group: clk
Path Type: min

Fanout     Cap    Slew   Delay    Time   Description
-----------------------------------------------------------------------------
                  0.00    0.00    0.00   clock clk (rise edge)
                          0.00    0.00   clock network delay (ideal)
                  0.00    0.00    0.00 ^ hidden_layer.neuron3.u_add_bias.sum_reg[26]$_SDFFE_PN0P_/CK (DFF_X1)
     1    1.69    0.01    0.08    0.08 v hidden_layer.neuron3.u_add_bias.sum_reg[26]$_SDFFE_PN0P_/Q (DFF_X1)
                                         hidden_layer.neuron3.sum_bias[26] (net)
                  0.01    0.00    0.08 v _230606_/A (INV_X1)
     2    3.93    0.01    0.02    0.10 ^ _230606_/ZN (INV_X1)
                                         _043675_ (net)
                  0.01    0.00    0.10 ^ _231039_/A1 (NOR3_X1)
     1    1.25    0.00    0.01    0.10 v _231039_/ZN (NOR3_X1)
                                         _028982_ (net)
                  0.00    0.00    0.10 v hidden_layer.neuron3.u_relu.data_out[26]$_SDFF_PP0_/D (DFF_X1)
                                  0.10   data arrival time

                  0.00    0.00    0.00   clock clk (rise edge)
                          0.00    0.00   clock network delay (ideal)
                          0.10    0.10   clock uncertainty
                          0.00    0.10   clock reconvergence pessimism
                                  0.10 ^ hidden_layer.neuron3.u_relu.data_out[26]$_SDFF_PP0_/CK (DFF_X1)
                          0.00    0.10   library hold time
                                  0.10   data required time
-----------------------------------------------------------------------------
                                  0.10   data required time
                                 -0.10   data arrival time
-----------------------------------------------------------------------------
                                  0.00   slack (MET)



==========================================================================
detailed place report_checks -path_delay max
--------------------------------------------------------------------------
Startpoint: hidden_layer.neuron1.u_add23.a_reg[30]$_SDFFE_PN0P_
            (rising edge-triggered flip-flop clocked by clk)
Endpoint: hidden_layer.neuron1.u_add23.sum_reg[22]$_SDFFE_PN0P_
          (rising edge-triggered flip-flop clocked by clk)
Path Group: clk
Path Type: max

Fanout     Cap    Slew   Delay    Time   Description
-----------------------------------------------------------------------------
                  0.00    0.00    0.00   clock clk (rise edge)
                          0.00    0.00   clock network delay (ideal)
                  0.00    0.00    0.00 ^ hidden_layer.neuron1.u_add23.a_reg[30]$_SDFFE_PN0P_/CK (DFF_X1)
     6   14.63    0.03    0.11    0.11 ^ hidden_layer.neuron1.u_add23.a_reg[30]$_SDFFE_PN0P_/Q (DFF_X1)
                                         hidden_layer.neuron1.u_add23.a_reg[30] (net)
                  0.03    0.00    0.11 ^ _286722_/B (HA_X1)
     3    7.27    0.05    0.08    0.19 ^ _286722_/S (HA_X1)
                                         _027060_ (net)
                  0.05    0.00    0.19 ^ _157441_/A1 (AND3_X2)
     3    6.47    0.01    0.06    0.25 ^ _157441_/ZN (AND3_X2)
                                         _073662_ (net)
                  0.01    0.00    0.25 ^ _157459_/A3 (NAND4_X1)
     1    3.50    0.02    0.04    0.29 v _157459_/ZN (NAND4_X1)
                                         _073680_ (net)
                  0.02    0.00    0.29 v _157460_/A3 (NOR3_X2)
    14   26.39    0.11    0.15    0.43 ^ _157460_/ZN (NOR3_X2)
                                         _073681_ (net)
                  0.11    0.00    0.43 ^ _157461_/A2 (AND2_X1)
    16   30.51    0.07    0.12    0.55 ^ _157461_/ZN (AND2_X1)
                                         _073682_ (net)
                  0.07    0.00    0.55 ^ _157654_/A2 (OR2_X1)
     9   16.93    0.04    0.07    0.63 ^ _157654_/ZN (OR2_X1)
                                         _073875_ (net)
                  0.04    0.00    0.63 ^ _166107_/A1 (NAND2_X1)
    17   33.64    0.06    0.09    0.72 v _166107_/ZN (NAND2_X1)
                                         _082215_ (net)
                  0.06    0.00    0.72 v _178458_/A2 (AND2_X1)
     1    1.91    0.01    0.05    0.78 v _178458_/ZN (AND2_X1)
                                         _094292_ (net)
                  0.01    0.00    0.78 v _178461_/A (AOI21_X1)
     5   12.76    0.07    0.10    0.87 ^ _178461_/ZN (AOI21_X1)
                                         _020914_ (net)
                  0.07    0.00    0.87 ^ _178462_/A (INV_X1)
     3   10.09    0.02    0.03    0.90 v _178462_/ZN (INV_X1)
                                         _023023_ (net)
                  0.02    0.00    0.90 v _284276_/A (HA_X1)
     7   16.27    0.09    0.11    1.01 ^ _284276_/S (HA_X1)
                                         _023026_ (net)
                  0.09    0.00    1.01 ^ _157552_/A2 (NOR2_X1)
     1    1.79    0.02    0.01    1.03 v _157552_/ZN (NOR2_X1)
                                         _073773_ (net)
                  0.02    0.00    1.03 v _157553_/A2 (NOR2_X1)
     3    5.50    0.03    0.05    1.08 ^ _157553_/ZN (NOR2_X1)
                                         _073774_ (net)
                  0.03    0.00    1.08 ^ _157556_/B1 (AOI21_X1)
     1    1.82    0.01    0.02    1.10 v _157556_/ZN (AOI21_X1)
                                         _073777_ (net)
                  0.01    0.00    1.10 v _157559_/B2 (AOI221_X1)
     2    3.35    0.05    0.09    1.19 ^ _157559_/ZN (AOI221_X1)
                                         _073780_ (net)
                  0.05    0.00    1.19 ^ _157641_/A1 (NOR2_X1)
     3    8.14    0.02    0.03    1.22 v _157641_/ZN (NOR2_X1)
                                         _073862_ (net)
                  0.02    0.00    1.22 v _157647_/A2 (AOI22_X2)
    11   25.53    0.07    0.10    1.31 ^ _157647_/ZN (AOI22_X2)
                                         _073868_ (net)
                  0.07    0.00    1.31 ^ place3845/A (BUF_X1)
    14   37.42    0.09    0.12    1.43 ^ place3845/Z (BUF_X1)
                                         net3844 (net)
                  0.09    0.00    1.43 ^ _157701_/A2 (NOR3_X1)
     2    2.48    0.02    0.02    1.45 v _157701_/ZN (NOR3_X1)
                                         _073922_ (net)
                  0.02    0.00    1.45 v _157708_/A1 (OR2_X1)
     3    5.49    0.01    0.06    1.51 v _157708_/ZN (OR2_X1)
                                         _073929_ (net)
                  0.01    0.00    1.51 v _178505_/B (MUX2_X1)
     1    1.58    0.01    0.06    1.57 v _178505_/Z (MUX2_X1)
                                         _094336_ (net)
                  0.01    0.00    1.57 v _178506_/B1 (AOI21_X1)
     3    4.95    0.04    0.04    1.61 ^ _178506_/ZN (AOI21_X1)
                                         _094337_ (net)
                  0.04    0.00    1.61 ^ _178507_/B (MUX2_X1)
     1    1.84    0.01    0.04    1.66 ^ _178507_/Z (MUX2_X1)
                                         _094338_ (net)
                  0.01    0.00    1.66 ^ _178508_/B1 (OAI22_X1)
     1    2.47    0.02    0.02    1.68 v _178508_/ZN (OAI22_X1)
                                         _094339_ (net)
                  0.02    0.00    1.68 v _178513_/B1 (AOI22_X1)
     2    6.33    0.05    0.07    1.75 ^ _178513_/ZN (AOI22_X1)
                                         _023264_ (net)
                  0.05    0.00    1.75 ^ _284407_/B (HA_X1)
     7   17.17    0.09    0.13    1.88 ^ _284407_/S (HA_X1)
                                         _023266_ (net)
                  0.09    0.00    1.88 ^ _191468_/A (OAI21_X1)
     2    2.62    0.02    0.03    1.91 v _191468_/ZN (OAI21_X1)
                                         _106781_ (net)
                  0.02    0.00    1.91 v _191469_/B2 (AOI21_X1)
     2    4.04    0.03    0.05    1.96 ^ _191469_/ZN (AOI21_X1)
                                         _106782_ (net)
                  0.03    0.00    1.96 ^ _191470_/A (INV_X1)
     3    5.64    0.01    0.02    1.98 v _191470_/ZN (INV_X1)
                                         _106783_ (net)
                  0.01    0.00    1.98 v _191471_/B2 (AOI21_X1)
     2    3.73    0.03    0.04    2.02 ^ _191471_/ZN (AOI21_X1)
                                         _106784_ (net)
                  0.03    0.00    2.02 ^ _191472_/A2 (NAND2_X1)
     6    9.00    0.03    0.04    2.06 v _191472_/ZN (NAND2_X1)
                                         _106785_ (net)
                  0.03    0.00    2.06 v _191616_/B1 (OAI22_X1)
     1    1.79    0.03    0.05    2.10 ^ _191616_/ZN (OAI22_X1)
                                         _106929_ (net)
                  0.03    0.00    2.10 ^ _191617_/A2 (NOR2_X1)
     2    3.47    0.01    0.02    2.12 v _191617_/ZN (NOR2_X1)
                                         _106930_ (net)
                  0.01    0.00    2.12 v _191621_/A (OAI21_X1)
     3    6.29    0.04    0.03    2.15 ^ _191621_/ZN (OAI21_X1)
                                         _106934_ (net)
                  0.04    0.00    2.15 ^ _191622_/A2 (NAND2_X1)
     4    6.05    0.03    0.03    2.18 v _191622_/ZN (NAND2_X1)
                                         _106935_ (net)
                  0.03    0.00    2.18 v _191660_/A1 (OR2_X1)
     2    5.21    0.01    0.06    2.24 v _191660_/ZN (OR2_X1)
                                         _106973_ (net)
                  0.01    0.00    2.24 v _191667_/A3 (NOR3_X2)
     4   10.61    0.05    0.08    2.32 ^ _191667_/ZN (NOR3_X2)
                                         _106980_ (net)
                  0.05    0.00    2.32 ^ _191668_/B2 (OAI21_X1)
     3    5.94    0.02    0.04    2.36 v _191668_/ZN (OAI21_X1)
                                         _106981_ (net)
                  0.02    0.00    2.36 v _191743_/B2 (AOI21_X1)
     2    4.47    0.03    0.05    2.41 ^ _191743_/ZN (AOI21_X1)
                                         _107056_ (net)
                  0.03    0.00    2.42 ^ _191744_/B (XNOR2_X1)
     2    5.43    0.04    0.05    2.47 ^ _191744_/ZN (XNOR2_X1)
                                         _107057_ (net)
                  0.04    0.00    2.47 ^ _191902_/A4 (AND4_X1)
     2    5.15    0.02    0.07    2.54 ^ _191902_/ZN (AND4_X1)
                                         _107215_ (net)
                  0.02    0.00    2.54 ^ _191903_/C2 (OAI211_X2)
    13   22.26    0.04    0.05    2.60 v _191903_/ZN (OAI211_X2)
                                         _107216_ (net)
                  0.04    0.00    2.60 v _191937_/A1 (OR3_X1)
     1    3.24    0.01    0.08    2.68 v _191937_/ZN (OR3_X1)
                                         _107250_ (net)
                  0.01    0.00    2.68 v _191938_/B2 (AOI21_X2)
    14   46.92    0.12    0.14    2.82 ^ _191938_/ZN (AOI21_X2)
                                         _107251_ (net)
                  0.12    0.00    2.82 ^ _197484_/B1 (AOI21_X1)
     1    4.06    0.03    0.03    2.86 v _197484_/ZN (AOI21_X1)
                                         _020064_ (net)
                  0.03    0.00    2.86 v _282162_/A (HA_X1)
     1    1.59    0.01    0.04    2.89 v _282162_/CO (HA_X1)
                                         _020065_ (net)
                  0.01    0.00    2.89 v _191441_/B2 (OAI21_X1)
     1    2.02    0.02    0.03    2.93 ^ _191441_/ZN (OAI21_X1)
                                         _106754_ (net)
                  0.02    0.00    2.93 ^ _191442_/B2 (AOI21_X1)
     1    1.72    0.01    0.02    2.94 v _191442_/ZN (AOI21_X1)
                                         _106755_ (net)
                  0.01    0.00    2.94 v _191443_/B2 (OAI21_X1)
     1    1.77    0.02    0.03    2.98 ^ _191443_/ZN (OAI21_X1)
                                         _106756_ (net)
                  0.02    0.00    2.98 ^ _191444_/B2 (AOI21_X1)
     1    1.23    0.01    0.02    2.99 v _191444_/ZN (AOI21_X1)
                                         _106757_ (net)
                  0.01    0.00    2.99 v _191445_/A3 (OR3_X1)
     3    6.42    0.02    0.09    3.09 v _191445_/ZN (OR3_X1)
                                         _106758_ (net)
                  0.02    0.00    3.09 v _191446_/A3 (NOR3_X2)
     1    1.22    0.02    0.04    3.13 ^ _191446_/ZN (NOR3_X2)
                                         _106759_ (net)
                  0.02    0.00    3.13 ^ place3566/A (BUF_X1)
    13   35.86    0.08    0.11    3.24 ^ place3566/Z (BUF_X1)
                                         net3565 (net)
                  0.08    0.00    3.24 ^ _191876_/A (AOI21_X1)
     2    2.90    0.02    0.02    3.26 v _191876_/ZN (AOI21_X1)
                                         _107189_ (net)
                  0.02    0.00    3.26 v _191877_/A4 (AND4_X1)
     2    4.98    0.01    0.05    3.32 v _191877_/ZN (AND4_X1)
                                         _107190_ (net)
                  0.01    0.00    3.32 v _191939_/A2 (NOR2_X1)
     2    4.63    0.03    0.04    3.36 ^ _191939_/ZN (NOR2_X1)
                                         _107252_ (net)
                  0.03    0.00    3.36 ^ _192048_/A (OAI21_X2)
    14   33.32    0.05    0.06    3.42 v _192048_/ZN (OAI21_X2)
                                         _107360_ (net)
                  0.05    0.00    3.42 v _192049_/A (INV_X2)
    19   51.11    0.06    0.09    3.51 ^ _192049_/ZN (INV_X2)
                                         _107361_ (net)
                  0.06    0.00    3.51 ^ _281673_/B (HA_X1)
     2    4.78    0.02    0.05    3.56 ^ _281673_/CO (HA_X1)
                                         _009637_ (net)
                  0.02    0.00    3.56 ^ _250114_/B1 (OAI21_X1)
     1    1.50    0.01    0.02    3.58 v _250114_/ZN (OAI21_X1)
                                         _060846_ (net)
                  0.01    0.00    3.58 v _250115_/B2 (AOI21_X1)
     2    4.98    0.04    0.05    3.62 ^ _250115_/ZN (AOI21_X1)
                                         _060847_ (net)
                  0.04    0.00    3.62 ^ _250116_/A2 (NOR2_X1)
     1    1.64    0.01    0.01    3.64 v _250116_/ZN (NOR2_X1)
                                         _060848_ (net)
                  0.01    0.00    3.64 v _250117_/B2 (OAI21_X1)
     1    1.88    0.02    0.03    3.67 ^ _250117_/ZN (OAI21_X1)
                                         _060849_ (net)
                  0.02    0.00    3.67 ^ _250118_/A (INV_X1)
     2    2.94    0.01    0.01    3.68 v _250118_/ZN (INV_X1)
                                         _060850_ (net)
                  0.01    0.00    3.68 v _250119_/B2 (OAI21_X1)
     2    3.61    0.03    0.04    3.72 ^ _250119_/ZN (OAI21_X1)
                                         _060851_ (net)
                  0.03    0.00    3.72 ^ _250120_/A2 (NAND2_X1)
     1    1.93    0.01    0.02    3.74 v _250120_/ZN (NAND2_X1)
                                         _060852_ (net)
                  0.01    0.00    3.74 v _250121_/B1 (AOI21_X1)
     2    3.39    0.03    0.03    3.78 ^ _250121_/ZN (AOI21_X1)
                                         _060853_ (net)
                  0.03    0.00    3.78 ^ _250122_/B2 (OAI21_X1)
     1    1.34    0.01    0.02    3.80 v _250122_/ZN (OAI21_X1)
                                         _060854_ (net)
                  0.01    0.00    3.80 v _250123_/A3 (AND3_X1)
     1    1.69    0.01    0.04    3.83 v _250123_/ZN (AND3_X1)
                                         _060855_ (net)
                  0.01    0.00    3.83 v _250128_/A (AOI21_X1)
     3    5.09    0.04    0.06    3.89 ^ _250128_/ZN (AOI21_X1)
                                         _060860_ (net)
                  0.04    0.00    3.89 ^ _250696_/A1 (NOR4_X1)
     1    2.06    0.01    0.01    3.90 v _250696_/ZN (NOR4_X1)
                                         _061420_ (net)
                  0.01    0.00    3.90 v _250697_/A3 (NOR3_X1)
     6   11.90    0.10    0.13    4.04 ^ _250697_/ZN (NOR3_X1)
                                         _061421_ (net)
                  0.10    0.00    4.04 ^ _250698_/A2 (AND2_X1)
    12   23.80    0.06    0.10    4.14 ^ _250698_/ZN (AND2_X1)
                                         _061422_ (net)
                  0.06    0.00    4.14 ^ _250700_/A2 (NAND2_X1)
     4    6.89    0.03    0.04    4.17 v _250700_/ZN (NAND2_X1)
                                         _061424_ (net)
                  0.03    0.00    4.17 v _250701_/B3 (OAI33_X1)
     1    1.29    0.05    0.09    4.26 ^ _250701_/ZN (OAI33_X1)
                                         _031221_ (net)
                  0.05    0.00    4.26 ^ hidden_layer.neuron1.u_add23.sum_reg[22]$_SDFFE_PN0P_/D (DFF_X1)
                                  4.26   data arrival time

                  0.00   10.00   10.00   clock clk (rise edge)
                          0.00   10.00   clock network delay (ideal)
                         -0.10    9.90   clock uncertainty
                          0.00    9.90   clock reconvergence pessimism
                                  9.90 ^ hidden_layer.neuron1.u_add23.sum_reg[22]$_SDFFE_PN0P_/CK (DFF_X1)
                         -0.04    9.86   library setup time
                                  9.86   data required time
-----------------------------------------------------------------------------
                                  9.86   data required time
                                 -4.26   data arrival time
-----------------------------------------------------------------------------
                                  5.60   slack (MET)



==========================================================================
detailed place report_checks -unconstrained
--------------------------------------------------------------------------
Startpoint: hidden_layer.neuron1.u_add23.a_reg[30]$_SDFFE_PN0P_
            (rising edge-triggered flip-flop clocked by clk)
Endpoint: hidden_layer.neuron1.u_add23.sum_reg[22]$_SDFFE_PN0P_
          (rising edge-triggered flip-flop clocked by clk)
Path Group: clk
Path Type: max

Fanout     Cap    Slew   Delay    Time   Description
-----------------------------------------------------------------------------
                  0.00    0.00    0.00   clock clk (rise edge)
                          0.00    0.00   clock network delay (ideal)
                  0.00    0.00    0.00 ^ hidden_layer.neuron1.u_add23.a_reg[30]$_SDFFE_PN0P_/CK (DFF_X1)
     6   14.63    0.03    0.11    0.11 ^ hidden_layer.neuron1.u_add23.a_reg[30]$_SDFFE_PN0P_/Q (DFF_X1)
                                         hidden_layer.neuron1.u_add23.a_reg[30] (net)
                  0.03    0.00    0.11 ^ _286722_/B (HA_X1)
     3    7.27    0.05    0.08    0.19 ^ _286722_/S (HA_X1)
                                         _027060_ (net)
                  0.05    0.00    0.19 ^ _157441_/A1 (AND3_X2)
     3    6.47    0.01    0.06    0.25 ^ _157441_/ZN (AND3_X2)
                                         _073662_ (net)
                  0.01    0.00    0.25 ^ _157459_/A3 (NAND4_X1)
     1    3.50    0.02    0.04    0.29 v _157459_/ZN (NAND4_X1)
                                         _073680_ (net)
                  0.02    0.00    0.29 v _157460_/A3 (NOR3_X2)
    14   26.39    0.11    0.15    0.43 ^ _157460_/ZN (NOR3_X2)
                                         _073681_ (net)
                  0.11    0.00    0.43 ^ _157461_/A2 (AND2_X1)
    16   30.51    0.07    0.12    0.55 ^ _157461_/ZN (AND2_X1)
                                         _073682_ (net)
                  0.07    0.00    0.55 ^ _157654_/A2 (OR2_X1)
     9   16.93    0.04    0.07    0.63 ^ _157654_/ZN (OR2_X1)
                                         _073875_ (net)
                  0.04    0.00    0.63 ^ _166107_/A1 (NAND2_X1)
    17   33.64    0.06    0.09    0.72 v _166107_/ZN (NAND2_X1)
                                         _082215_ (net)
                  0.06    0.00    0.72 v _178458_/A2 (AND2_X1)
     1    1.91    0.01    0.05    0.78 v _178458_/ZN (AND2_X1)
                                         _094292_ (net)
                  0.01    0.00    0.78 v _178461_/A (AOI21_X1)
     5   12.76    0.07    0.10    0.87 ^ _178461_/ZN (AOI21_X1)
                                         _020914_ (net)
                  0.07    0.00    0.87 ^ _178462_/A (INV_X1)
     3   10.09    0.02    0.03    0.90 v _178462_/ZN (INV_X1)
                                         _023023_ (net)
                  0.02    0.00    0.90 v _284276_/A (HA_X1)
     7   16.27    0.09    0.11    1.01 ^ _284276_/S (HA_X1)
                                         _023026_ (net)
                  0.09    0.00    1.01 ^ _157552_/A2 (NOR2_X1)
     1    1.79    0.02    0.01    1.03 v _157552_/ZN (NOR2_X1)
                                         _073773_ (net)
                  0.02    0.00    1.03 v _157553_/A2 (NOR2_X1)
     3    5.50    0.03    0.05    1.08 ^ _157553_/ZN (NOR2_X1)
                                         _073774_ (net)
                  0.03    0.00    1.08 ^ _157556_/B1 (AOI21_X1)
     1    1.82    0.01    0.02    1.10 v _157556_/ZN (AOI21_X1)
                                         _073777_ (net)
                  0.01    0.00    1.10 v _157559_/B2 (AOI221_X1)
     2    3.35    0.05    0.09    1.19 ^ _157559_/ZN (AOI221_X1)
                                         _073780_ (net)
                  0.05    0.00    1.19 ^ _157641_/A1 (NOR2_X1)
     3    8.14    0.02    0.03    1.22 v _157641_/ZN (NOR2_X1)
                                         _073862_ (net)
                  0.02    0.00    1.22 v _157647_/A2 (AOI22_X2)
    11   25.53    0.07    0.10    1.31 ^ _157647_/ZN (AOI22_X2)
                                         _073868_ (net)
                  0.07    0.00    1.31 ^ place3845/A (BUF_X1)
    14   37.42    0.09    0.12    1.43 ^ place3845/Z (BUF_X1)
                                         net3844 (net)
                  0.09    0.00    1.43 ^ _157701_/A2 (NOR3_X1)
     2    2.48    0.02    0.02    1.45 v _157701_/ZN (NOR3_X1)
                                         _073922_ (net)
                  0.02    0.00    1.45 v _157708_/A1 (OR2_X1)
     3    5.49    0.01    0.06    1.51 v _157708_/ZN (OR2_X1)
                                         _073929_ (net)
                  0.01    0.00    1.51 v _178505_/B (MUX2_X1)
     1    1.58    0.01    0.06    1.57 v _178505_/Z (MUX2_X1)
                                         _094336_ (net)
                  0.01    0.00    1.57 v _178506_/B1 (AOI21_X1)
     3    4.95    0.04    0.04    1.61 ^ _178506_/ZN (AOI21_X1)
                                         _094337_ (net)
                  0.04    0.00    1.61 ^ _178507_/B (MUX2_X1)
     1    1.84    0.01    0.04    1.66 ^ _178507_/Z (MUX2_X1)
                                         _094338_ (net)
                  0.01    0.00    1.66 ^ _178508_/B1 (OAI22_X1)
     1    2.47    0.02    0.02    1.68 v _178508_/ZN (OAI22_X1)
                                         _094339_ (net)
                  0.02    0.00    1.68 v _178513_/B1 (AOI22_X1)
     2    6.33    0.05    0.07    1.75 ^ _178513_/ZN (AOI22_X1)
                                         _023264_ (net)
                  0.05    0.00    1.75 ^ _284407_/B (HA_X1)
     7   17.17    0.09    0.13    1.88 ^ _284407_/S (HA_X1)
                                         _023266_ (net)
                  0.09    0.00    1.88 ^ _191468_/A (OAI21_X1)
     2    2.62    0.02    0.03    1.91 v _191468_/ZN (OAI21_X1)
                                         _106781_ (net)
                  0.02    0.00    1.91 v _191469_/B2 (AOI21_X1)
     2    4.04    0.03    0.05    1.96 ^ _191469_/ZN (AOI21_X1)
                                         _106782_ (net)
                  0.03    0.00    1.96 ^ _191470_/A (INV_X1)
     3    5.64    0.01    0.02    1.98 v _191470_/ZN (INV_X1)
                                         _106783_ (net)
                  0.01    0.00    1.98 v _191471_/B2 (AOI21_X1)
     2    3.73    0.03    0.04    2.02 ^ _191471_/ZN (AOI21_X1)
                                         _106784_ (net)
                  0.03    0.00    2.02 ^ _191472_/A2 (NAND2_X1)
     6    9.00    0.03    0.04    2.06 v _191472_/ZN (NAND2_X1)
                                         _106785_ (net)
                  0.03    0.00    2.06 v _191616_/B1 (OAI22_X1)
     1    1.79    0.03    0.05    2.10 ^ _191616_/ZN (OAI22_X1)
                                         _106929_ (net)
                  0.03    0.00    2.10 ^ _191617_/A2 (NOR2_X1)
     2    3.47    0.01    0.02    2.12 v _191617_/ZN (NOR2_X1)
                                         _106930_ (net)
                  0.01    0.00    2.12 v _191621_/A (OAI21_X1)
     3    6.29    0.04    0.03    2.15 ^ _191621_/ZN (OAI21_X1)
                                         _106934_ (net)
                  0.04    0.00    2.15 ^ _191622_/A2 (NAND2_X1)
     4    6.05    0.03    0.03    2.18 v _191622_/ZN (NAND2_X1)
                                         _106935_ (net)
                  0.03    0.00    2.18 v _191660_/A1 (OR2_X1)
     2    5.21    0.01    0.06    2.24 v _191660_/ZN (OR2_X1)
                                         _106973_ (net)
                  0.01    0.00    2.24 v _191667_/A3 (NOR3_X2)
     4   10.61    0.05    0.08    2.32 ^ _191667_/ZN (NOR3_X2)
                                         _106980_ (net)
                  0.05    0.00    2.32 ^ _191668_/B2 (OAI21_X1)
     3    5.94    0.02    0.04    2.36 v _191668_/ZN (OAI21_X1)
                                         _106981_ (net)
                  0.02    0.00    2.36 v _191743_/B2 (AOI21_X1)
     2    4.47    0.03    0.05    2.41 ^ _191743_/ZN (AOI21_X1)
                                         _107056_ (net)
                  0.03    0.00    2.42 ^ _191744_/B (XNOR2_X1)
     2    5.43    0.04    0.05    2.47 ^ _191744_/ZN (XNOR2_X1)
                                         _107057_ (net)
                  0.04    0.00    2.47 ^ _191902_/A4 (AND4_X1)
     2    5.15    0.02    0.07    2.54 ^ _191902_/ZN (AND4_X1)
                                         _107215_ (net)
                  0.02    0.00    2.54 ^ _191903_/C2 (OAI211_X2)
    13   22.26    0.04    0.05    2.60 v _191903_/ZN (OAI211_X2)
                                         _107216_ (net)
                  0.04    0.00    2.60 v _191937_/A1 (OR3_X1)
     1    3.24    0.01    0.08    2.68 v _191937_/ZN (OR3_X1)
                                         _107250_ (net)
                  0.01    0.00    2.68 v _191938_/B2 (AOI21_X2)
    14   46.92    0.12    0.14    2.82 ^ _191938_/ZN (AOI21_X2)
                                         _107251_ (net)
                  0.12    0.00    2.82 ^ _197484_/B1 (AOI21_X1)
     1    4.06    0.03    0.03    2.86 v _197484_/ZN (AOI21_X1)
                                         _020064_ (net)
                  0.03    0.00    2.86 v _282162_/A (HA_X1)
     1    1.59    0.01    0.04    2.89 v _282162_/CO (HA_X1)
                                         _020065_ (net)
                  0.01    0.00    2.89 v _191441_/B2 (OAI21_X1)
     1    2.02    0.02    0.03    2.93 ^ _191441_/ZN (OAI21_X1)
                                         _106754_ (net)
                  0.02    0.00    2.93 ^ _191442_/B2 (AOI21_X1)
     1    1.72    0.01    0.02    2.94 v _191442_/ZN (AOI21_X1)
                                         _106755_ (net)
                  0.01    0.00    2.94 v _191443_/B2 (OAI21_X1)
     1    1.77    0.02    0.03    2.98 ^ _191443_/ZN (OAI21_X1)
                                         _106756_ (net)
                  0.02    0.00    2.98 ^ _191444_/B2 (AOI21_X1)
     1    1.23    0.01    0.02    2.99 v _191444_/ZN (AOI21_X1)
                                         _106757_ (net)
                  0.01    0.00    2.99 v _191445_/A3 (OR3_X1)
     3    6.42    0.02    0.09    3.09 v _191445_/ZN (OR3_X1)
                                         _106758_ (net)
                  0.02    0.00    3.09 v _191446_/A3 (NOR3_X2)
     1    1.22    0.02    0.04    3.13 ^ _191446_/ZN (NOR3_X2)
                                         _106759_ (net)
                  0.02    0.00    3.13 ^ place3566/A (BUF_X1)
    13   35.86    0.08    0.11    3.24 ^ place3566/Z (BUF_X1)
                                         net3565 (net)
                  0.08    0.00    3.24 ^ _191876_/A (AOI21_X1)
     2    2.90    0.02    0.02    3.26 v _191876_/ZN (AOI21_X1)
                                         _107189_ (net)
                  0.02    0.00    3.26 v _191877_/A4 (AND4_X1)
     2    4.98    0.01    0.05    3.32 v _191877_/ZN (AND4_X1)
                                         _107190_ (net)
                  0.01    0.00    3.32 v _191939_/A2 (NOR2_X1)
     2    4.63    0.03    0.04    3.36 ^ _191939_/ZN (NOR2_X1)
                                         _107252_ (net)
                  0.03    0.00    3.36 ^ _192048_/A (OAI21_X2)
    14   33.32    0.05    0.06    3.42 v _192048_/ZN (OAI21_X2)
                                         _107360_ (net)
                  0.05    0.00    3.42 v _192049_/A (INV_X2)
    19   51.11    0.06    0.09    3.51 ^ _192049_/ZN (INV_X2)
                                         _107361_ (net)
                  0.06    0.00    3.51 ^ _281673_/B (HA_X1)
     2    4.78    0.02    0.05    3.56 ^ _281673_/CO (HA_X1)
                                         _009637_ (net)
                  0.02    0.00    3.56 ^ _250114_/B1 (OAI21_X1)
     1    1.50    0.01    0.02    3.58 v _250114_/ZN (OAI21_X1)
                                         _060846_ (net)
                  0.01    0.00    3.58 v _250115_/B2 (AOI21_X1)
     2    4.98    0.04    0.05    3.62 ^ _250115_/ZN (AOI21_X1)
                                         _060847_ (net)
                  0.04    0.00    3.62 ^ _250116_/A2 (NOR2_X1)
     1    1.64    0.01    0.01    3.64 v _250116_/ZN (NOR2_X1)
                                         _060848_ (net)
                  0.01    0.00    3.64 v _250117_/B2 (OAI21_X1)
     1    1.88    0.02    0.03    3.67 ^ _250117_/ZN (OAI21_X1)
                                         _060849_ (net)
                  0.02    0.00    3.67 ^ _250118_/A (INV_X1)
     2    2.94    0.01    0.01    3.68 v _250118_/ZN (INV_X1)
                                         _060850_ (net)
                  0.01    0.00    3.68 v _250119_/B2 (OAI21_X1)
     2    3.61    0.03    0.04    3.72 ^ _250119_/ZN (OAI21_X1)
                                         _060851_ (net)
                  0.03    0.00    3.72 ^ _250120_/A2 (NAND2_X1)
     1    1.93    0.01    0.02    3.74 v _250120_/ZN (NAND2_X1)
                                         _060852_ (net)
                  0.01    0.00    3.74 v _250121_/B1 (AOI21_X1)
     2    3.39    0.03    0.03    3.78 ^ _250121_/ZN (AOI21_X1)
                                         _060853_ (net)
                  0.03    0.00    3.78 ^ _250122_/B2 (OAI21_X1)
     1    1.34    0.01    0.02    3.80 v _250122_/ZN (OAI21_X1)
                                         _060854_ (net)
                  0.01    0.00    3.80 v _250123_/A3 (AND3_X1)
     1    1.69    0.01    0.04    3.83 v _250123_/ZN (AND3_X1)
                                         _060855_ (net)
                  0.01    0.00    3.83 v _250128_/A (AOI21_X1)
     3    5.09    0.04    0.06    3.89 ^ _250128_/ZN (AOI21_X1)
                                         _060860_ (net)
                  0.04    0.00    3.89 ^ _250696_/A1 (NOR4_X1)
     1    2.06    0.01    0.01    3.90 v _250696_/ZN (NOR4_X1)
                                         _061420_ (net)
                  0.01    0.00    3.90 v _250697_/A3 (NOR3_X1)
     6   11.90    0.10    0.13    4.04 ^ _250697_/ZN (NOR3_X1)
                                         _061421_ (net)
                  0.10    0.00    4.04 ^ _250698_/A2 (AND2_X1)
    12   23.80    0.06    0.10    4.14 ^ _250698_/ZN (AND2_X1)
                                         _061422_ (net)
                  0.06    0.00    4.14 ^ _250700_/A2 (NAND2_X1)
     4    6.89    0.03    0.04    4.17 v _250700_/ZN (NAND2_X1)
                                         _061424_ (net)
                  0.03    0.00    4.17 v _250701_/B3 (OAI33_X1)
     1    1.29    0.05    0.09    4.26 ^ _250701_/ZN (OAI33_X1)
                                         _031221_ (net)
                  0.05    0.00    4.26 ^ hidden_layer.neuron1.u_add23.sum_reg[22]$_SDFFE_PN0P_/D (DFF_X1)
                                  4.26   data arrival time

                  0.00   10.00   10.00   clock clk (rise edge)
                          0.00   10.00   clock network delay (ideal)
                         -0.10    9.90   clock uncertainty
                          0.00    9.90   clock reconvergence pessimism
                                  9.90 ^ hidden_layer.neuron1.u_add23.sum_reg[22]$_SDFFE_PN0P_/CK (DFF_X1)
                         -0.04    9.86   library setup time
                                  9.86   data required time
-----------------------------------------------------------------------------
                                  9.86   data required time
                                 -4.26   data arrival time
-----------------------------------------------------------------------------
                                  5.60   slack (MET)



==========================================================================
detailed place report_check_types -max_slew -max_cap -max_fanout -violators
--------------------------------------------------------------------------
max capacitance

Pin                                    Limit     Cap   Slack
------------------------------------------------------------
_177455_/ZN                            52.03   53.22   -1.19 (VIOLATED)


==========================================================================
detailed place max_slew_check_slack
--------------------------------------------------------------------------
0.06180933862924576

==========================================================================
detailed place max_slew_check_limit
--------------------------------------------------------------------------
0.1985349953174591

==========================================================================
detailed place max_slew_check_slack_limit
--------------------------------------------------------------------------
0.3113

==========================================================================
detailed place max_fanout_check_slack
--------------------------------------------------------------------------
1.0000000150474662e+30

==========================================================================
detailed place max_fanout_check_limit
--------------------------------------------------------------------------
1.0000000150474662e+30

==========================================================================
detailed place max_capacitance_check_slack
--------------------------------------------------------------------------
-1.1914162635803223

==========================================================================
detailed place max_capacitance_check_limit
--------------------------------------------------------------------------
52.032501220703125

==========================================================================
detailed place max_capacitance_check_slack_limit
--------------------------------------------------------------------------
-0.0229

==========================================================================
detailed place max_slew_violation_count
--------------------------------------------------------------------------
max slew violation count 0

==========================================================================
detailed place max_fanout_violation_count
--------------------------------------------------------------------------
max fanout violation count 0

==========================================================================
detailed place max_cap_violation_count
--------------------------------------------------------------------------
max cap violation count 1

==========================================================================
detailed place setup_violation_count
--------------------------------------------------------------------------
setup violation count 0

==========================================================================
detailed place hold_violation_count
--------------------------------------------------------------------------
hold violation count 0

==========================================================================
detailed place report_checks -path_delay max reg to reg
--------------------------------------------------------------------------
Startpoint: hidden_layer.neuron1.u_add23.a_reg[30]$_SDFFE_PN0P_
            (rising edge-triggered flip-flop clocked by clk)
Endpoint: hidden_layer.neuron1.u_add23.sum_reg[22]$_SDFFE_PN0P_
          (rising edge-triggered flip-flop clocked by clk)
Path Group: clk
Path Type: max

  Delay    Time   Description
---------------------------------------------------------
   0.00    0.00   clock clk (rise edge)
   0.00    0.00   clock network delay (ideal)
   0.00    0.00 ^ hidden_layer.neuron1.u_add23.a_reg[30]$_SDFFE_PN0P_/CK (DFF_X1)
   0.11    0.11 ^ hidden_layer.neuron1.u_add23.a_reg[30]$_SDFFE_PN0P_/Q (DFF_X1)
   0.08    0.19 ^ _286722_/S (HA_X1)
   0.06    0.25 ^ _157441_/ZN (AND3_X2)
   0.04    0.29 v _157459_/ZN (NAND4_X1)
   0.15    0.43 ^ _157460_/ZN (NOR3_X2)
   0.12    0.55 ^ _157461_/ZN (AND2_X1)
   0.07    0.63 ^ _157654_/ZN (OR2_X1)
   0.09    0.72 v _166107_/ZN (NAND2_X1)
   0.06    0.78 v _178458_/ZN (AND2_X1)
   0.10    0.87 ^ _178461_/ZN (AOI21_X1)
   0.03    0.90 v _178462_/ZN (INV_X1)
   0.11    1.01 ^ _284276_/S (HA_X1)
   0.01    1.03 v _157552_/ZN (NOR2_X1)
   0.05    1.08 ^ _157553_/ZN (NOR2_X1)
   0.02    1.10 v _157556_/ZN (AOI21_X1)
   0.09    1.19 ^ _157559_/ZN (AOI221_X1)
   0.03    1.22 v _157641_/ZN (NOR2_X1)
   0.10    1.31 ^ _157647_/ZN (AOI22_X2)
   0.12    1.43 ^ place3845/Z (BUF_X1)
   0.02    1.45 v _157701_/ZN (NOR3_X1)
   0.06    1.51 v _157708_/ZN (OR2_X1)
   0.06    1.57 v _178505_/Z (MUX2_X1)
   0.04    1.61 ^ _178506_/ZN (AOI21_X1)
   0.04    1.66 ^ _178507_/Z (MUX2_X1)
   0.02    1.68 v _178508_/ZN (OAI22_X1)
   0.07    1.75 ^ _178513_/ZN (AOI22_X1)
   0.13    1.88 ^ _284407_/S (HA_X1)
   0.03    1.91 v _191468_/ZN (OAI21_X1)
   0.05    1.96 ^ _191469_/ZN (AOI21_X1)
   0.02    1.98 v _191470_/ZN (INV_X1)
   0.04    2.02 ^ _191471_/ZN (AOI21_X1)
   0.04    2.06 v _191472_/ZN (NAND2_X1)
   0.05    2.10 ^ _191616_/ZN (OAI22_X1)
   0.02    2.12 v _191617_/ZN (NOR2_X1)
   0.03    2.15 ^ _191621_/ZN (OAI21_X1)
   0.03    2.18 v _191622_/ZN (NAND2_X1)
   0.06    2.24 v _191660_/ZN (OR2_X1)
   0.08    2.32 ^ _191667_/ZN (NOR3_X2)
   0.04    2.36 v _191668_/ZN (OAI21_X1)
   0.05    2.41 ^ _191743_/ZN (AOI21_X1)
   0.05    2.47 ^ _191744_/ZN (XNOR2_X1)
   0.07    2.54 ^ _191902_/ZN (AND4_X1)
   0.05    2.60 v _191903_/ZN (OAI211_X2)
   0.08    2.68 v _191937_/ZN (OR3_X1)
   0.14    2.82 ^ _191938_/ZN (AOI21_X2)
   0.03    2.86 v _197484_/ZN (AOI21_X1)
   0.04    2.89 v _282162_/CO (HA_X1)
   0.03    2.93 ^ _191441_/ZN (OAI21_X1)
   0.02    2.94 v _191442_/ZN (AOI21_X1)
   0.03    2.98 ^ _191443_/ZN (OAI21_X1)
   0.02    2.99 v _191444_/ZN (AOI21_X1)
   0.09    3.09 v _191445_/ZN (OR3_X1)
   0.04    3.13 ^ _191446_/ZN (NOR3_X2)
   0.11    3.24 ^ place3566/Z (BUF_X1)
   0.03    3.26 v _191876_/ZN (AOI21_X1)
   0.05    3.32 v _191877_/ZN (AND4_X1)
   0.04    3.36 ^ _191939_/ZN (NOR2_X1)
   0.06    3.42 v _192048_/ZN (OAI21_X2)
   0.09    3.51 ^ _192049_/ZN (INV_X2)
   0.05    3.56 ^ _281673_/CO (HA_X1)
   0.02    3.58 v _250114_/ZN (OAI21_X1)
   0.05    3.62 ^ _250115_/ZN (AOI21_X1)
   0.01    3.64 v _250116_/ZN (NOR2_X1)
   0.03    3.67 ^ _250117_/ZN (OAI21_X1)
   0.01    3.68 v _250118_/ZN (INV_X1)
   0.04    3.72 ^ _250119_/ZN (OAI21_X1)
   0.02    3.74 v _250120_/ZN (NAND2_X1)
   0.03    3.78 ^ _250121_/ZN (AOI21_X1)
   0.02    3.80 v _250122_/ZN (OAI21_X1)
   0.04    3.83 v _250123_/ZN (AND3_X1)
   0.06    3.89 ^ _250128_/ZN (AOI21_X1)
   0.01    3.90 v _250696_/ZN (NOR4_X1)
   0.13    4.04 ^ _250697_/ZN (NOR3_X1)
   0.10    4.14 ^ _250698_/ZN (AND2_X1)
   0.04    4.17 v _250700_/ZN (NAND2_X1)
   0.09    4.26 ^ _250701_/ZN (OAI33_X1)
   0.00    4.26 ^ hidden_layer.neuron1.u_add23.sum_reg[22]$_SDFFE_PN0P_/D (DFF_X1)
           4.26   data arrival time

  10.00   10.00   clock clk (rise edge)
   0.00   10.00   clock network delay (ideal)
  -0.10    9.90   clock uncertainty
   0.00    9.90   clock reconvergence pessimism
           9.90 ^ hidden_layer.neuron1.u_add23.sum_reg[22]$_SDFFE_PN0P_/CK (DFF_X1)
  -0.04    9.86   library setup time
           9.86   data required time
---------------------------------------------------------
           9.86   data required time
          -4.26   data arrival time
---------------------------------------------------------
           5.60   slack (MET)



==========================================================================
detailed place report_checks -path_delay min reg to reg
--------------------------------------------------------------------------
Startpoint: hidden_layer.neuron3.u_add_bias.sum_reg[26]$_SDFFE_PN0P_
            (rising edge-triggered flip-flop clocked by clk)
Endpoint: hidden_layer.neuron3.u_relu.data_out[26]$_SDFF_PP0_
          (rising edge-triggered flip-flop clocked by clk)
Path Group: clk
Path Type: min

  Delay    Time   Description
---------------------------------------------------------
   0.00    0.00   clock clk (rise edge)
   0.00    0.00   clock network delay (ideal)
   0.00    0.00 ^ hidden_layer.neuron3.u_add_bias.sum_reg[26]$_SDFFE_PN0P_/CK (DFF_X1)
   0.08    0.08 v hidden_layer.neuron3.u_add_bias.sum_reg[26]$_SDFFE_PN0P_/Q (DFF_X1)
   0.02    0.10 ^ _230606_/ZN (INV_X1)
   0.01    0.10 v _231039_/ZN (NOR3_X1)
   0.00    0.10 v hidden_layer.neuron3.u_relu.data_out[26]$_SDFF_PP0_/D (DFF_X1)
           0.10   data arrival time

   0.00    0.00   clock clk (rise edge)
   0.00    0.00   clock network delay (ideal)
   0.10    0.10   clock uncertainty
   0.00    0.10   clock reconvergence pessimism
           0.10 ^ hidden_layer.neuron3.u_relu.data_out[26]$_SDFF_PP0_/CK (DFF_X1)
   0.00    0.10   library hold time
           0.10   data required time
---------------------------------------------------------
           0.10   data required time
          -0.10   data arrival time
---------------------------------------------------------
           0.00   slack (MET)



==========================================================================
detailed place critical path target clock latency max path
--------------------------------------------------------------------------
0.0000

==========================================================================
detailed place critical path target clock latency min path
--------------------------------------------------------------------------
0.0000

==========================================================================
detailed place critical path source clock latency min path
--------------------------------------------------------------------------
0.0000

==========================================================================
detailed place critical path delay
--------------------------------------------------------------------------
4.2594

==========================================================================
detailed place critical path slack
--------------------------------------------------------------------------
5.5984

==========================================================================
detailed place slack div critical path delay
--------------------------------------------------------------------------
131.436353

==========================================================================
detailed place report_power
--------------------------------------------------------------------------
Group                  Internal  Switching    Leakage      Total
                          Power      Power      Power      Power (Watts)
----------------------------------------------------------------
Sequential             3.70e-03   2.75e-04   4.33e-04   4.41e-03  11.7%
Combinational          1.37e-02   1.57e-02   3.90e-03   3.33e-02  88.3%
Clock                  0.00e+00   0.00e+00   0.00e+00   0.00e+00   0.0%
Macro                  0.00e+00   0.00e+00   0.00e+00   0.00e+00   0.0%
Pad                    0.00e+00   0.00e+00   0.00e+00   0.00e+00   0.0%
----------------------------------------------------------------
Total                  1.74e-02   1.60e-02   4.33e-03   3.77e-02 100.0%
                          46.2%      42.3%      11.5%
