
==========================================================================
resizer report_tns
--------------------------------------------------------------------------
tns max 0.00

==========================================================================
resizer report_wns
--------------------------------------------------------------------------
wns max 0.00

==========================================================================
resizer report_worst_slack
--------------------------------------------------------------------------
worst slack max 5.58

==========================================================================
resizer report_clock_min_period
--------------------------------------------------------------------------
clk period_min = 4.42 fmax = 226.44

==========================================================================
resizer report_checks -path_delay min
--------------------------------------------------------------------------
Startpoint: hidden_layer.neuron3.u_add_bias.sum_reg[26]$_SDFFE_PN0P_
            (rising edge-triggered flip-flop clocked by clk)
Endpoint: hidden_layer.neuron3.u_relu.data_out[26]$_SDFF_PP0_
          (rising edge-triggered flip-flop clocked by clk)
Path Group: clk
Path Type: min

Fanout     Cap    Slew   Delay    Time   Description
-----------------------------------------------------------------------------
                  0.00    0.00    0.00   clock clk (rise edge)
                          0.00    0.00   clock network delay (ideal)
                  0.00    0.00    0.00 ^ hidden_layer.neuron3.u_add_bias.sum_reg[26]$_SDFFE_PN0P_/CK (DFF_X1)
     1    1.66    0.01    0.08    0.08 v hidden_layer.neuron3.u_add_bias.sum_reg[26]$_SDFFE_PN0P_/Q (DFF_X1)
                                         hidden_layer.neuron3.sum_bias[26] (net)
                  0.01    0.00    0.08 v _230606_/A (INV_X1)
     2    4.05    0.01    0.02    0.10 ^ _230606_/ZN (INV_X1)
                                         _043675_ (net)
                  0.01    0.00    0.10 ^ _231039_/A1 (NOR3_X1)
     1    1.19    0.00    0.01    0.10 v _231039_/ZN (NOR3_X1)
                                         _028982_ (net)
                  0.00    0.00    0.10 v hidden_layer.neuron3.u_relu.data_out[26]$_SDFF_PP0_/D (DFF_X1)
                                  0.10   data arrival time

                  0.00    0.00    0.00   clock clk (rise edge)
                          0.00    0.00   clock network delay (ideal)
                          0.10    0.10   clock uncertainty
                          0.00    0.10   clock reconvergence pessimism
                                  0.10 ^ hidden_layer.neuron3.u_relu.data_out[26]$_SDFF_PP0_/CK (DFF_X1)
                          0.00    0.10   library hold time
                                  0.10   data required time
-----------------------------------------------------------------------------
                                  0.10   data required time
                                 -0.10   data arrival time
-----------------------------------------------------------------------------
                                  0.00   slack (MET)



==========================================================================
resizer report_checks -path_delay max
--------------------------------------------------------------------------
Startpoint: hidden_layer.neuron1.u_add23.a_reg[30]$_SDFFE_PN0P_
            (rising edge-triggered flip-flop clocked by clk)
Endpoint: hidden_layer.neuron1.u_add23.sum_reg[21]$_SDFFE_PN0P_
          (rising edge-triggered flip-flop clocked by clk)
Path Group: clk
Path Type: max

Fanout     Cap    Slew   Delay    Time   Description
-----------------------------------------------------------------------------
                  0.00    0.00    0.00   clock clk (rise edge)
                          0.00    0.00   clock network delay (ideal)
                  0.00    0.00    0.00 ^ hidden_layer.neuron1.u_add23.a_reg[30]$_SDFFE_PN0P_/CK (DFF_X1)
     6   14.46    0.03    0.11    0.11 ^ hidden_layer.neuron1.u_add23.a_reg[30]$_SDFFE_PN0P_/Q (DFF_X1)
                                         hidden_layer.neuron1.u_add23.a_reg[30] (net)
                  0.03    0.00    0.11 ^ _286722_/B (HA_X1)
     3    7.17    0.05    0.08    0.19 ^ _286722_/S (HA_X1)
                                         _027060_ (net)
                  0.05    0.00    0.19 ^ _157441_/A1 (AND3_X2)
     3    6.01    0.01    0.06    0.25 ^ _157441_/ZN (AND3_X2)
                                         _073662_ (net)
                  0.01    0.00    0.25 ^ _157459_/A3 (NAND4_X1)
     1    3.54    0.02    0.04    0.29 v _157459_/ZN (NAND4_X1)
                                         _073680_ (net)
                  0.02    0.00    0.29 v _157460_/A3 (NOR3_X2)
    14   26.04    0.10    0.14    0.43 ^ _157460_/ZN (NOR3_X2)
                                         _073681_ (net)
                  0.10    0.00    0.43 ^ _157461_/A2 (AND2_X1)
    16   29.82    0.07    0.12    0.55 ^ _157461_/ZN (AND2_X1)
                                         _073682_ (net)
                  0.07    0.00    0.55 ^ _157654_/A2 (OR2_X1)
     9   15.73    0.04    0.07    0.62 ^ _157654_/ZN (OR2_X1)
                                         _073875_ (net)
                  0.04    0.00    0.62 ^ _166107_/A1 (NAND2_X1)
    17   32.39    0.06    0.09    0.71 v _166107_/ZN (NAND2_X1)
                                         _082215_ (net)
                  0.06    0.00    0.71 v _178458_/A2 (AND2_X1)
     1    2.05    0.01    0.05    0.76 v _178458_/ZN (AND2_X1)
                                         _094292_ (net)
                  0.01    0.00    0.76 v _178461_/A (AOI21_X1)
     5   12.06    0.07    0.09    0.86 ^ _178461_/ZN (AOI21_X1)
                                         _020914_ (net)
                  0.07    0.00    0.86 ^ _178462_/A (INV_X1)
     3   10.04    0.02    0.03    0.89 v _178462_/ZN (INV_X1)
                                         _023023_ (net)
                  0.02    0.00    0.89 v _284276_/A (HA_X1)
     7   16.07    0.09    0.11    0.99 ^ _284276_/S (HA_X1)
                                         _023026_ (net)
                  0.09    0.00    0.99 ^ _157552_/A2 (NOR2_X1)
     1    1.92    0.02    0.01    1.01 v _157552_/ZN (NOR2_X1)
                                         _073773_ (net)
                  0.02    0.00    1.01 v _157553_/A2 (NOR2_X1)
     3    5.82    0.03    0.05    1.06 ^ _157553_/ZN (NOR2_X1)
                                         _073774_ (net)
                  0.03    0.00    1.06 ^ _157556_/B1 (AOI21_X1)
     1    2.56    0.01    0.02    1.08 v _157556_/ZN (AOI21_X1)
                                         _073777_ (net)
                  0.01    0.00    1.08 v _157559_/B2 (AOI221_X1)
     2    3.30    0.05    0.09    1.18 ^ _157559_/ZN (AOI221_X1)
                                         _073780_ (net)
                  0.05    0.00    1.18 ^ _157641_/A1 (NOR2_X1)
     3    8.03    0.02    0.03    1.20 v _157641_/ZN (NOR2_X1)
                                         _073862_ (net)
                  0.02    0.00    1.20 v _157647_/A2 (AOI22_X2)
    11   25.07    0.07    0.09    1.30 ^ _157647_/ZN (AOI22_X2)
                                         _073868_ (net)
                  0.07    0.00    1.30 ^ place3845/A (BUF_X1)
    14   36.45    0.08    0.12    1.42 ^ place3845/Z (BUF_X1)
                                         net3844 (net)
                  0.08    0.00    1.42 ^ _157701_/A2 (NOR3_X1)
     2    2.62    0.02    0.02    1.43 v _157701_/ZN (NOR3_X1)
                                         _073922_ (net)
                  0.02    0.00    1.43 v _157708_/A1 (OR2_X1)
     3    5.75    0.01    0.06    1.49 v _157708_/ZN (OR2_X1)
                                         _073929_ (net)
                  0.01    0.00    1.49 v _178505_/B (MUX2_X1)
     1    1.88    0.01    0.06    1.55 v _178505_/Z (MUX2_X1)
                                         _094336_ (net)
                  0.01    0.00    1.55 v _178506_/B1 (AOI21_X1)
     3    5.07    0.04    0.04    1.60 ^ _178506_/ZN (AOI21_X1)
                                         _094337_ (net)
                  0.04    0.00    1.60 ^ _178507_/B (MUX2_X1)
     1    2.11    0.01    0.04    1.64 ^ _178507_/Z (MUX2_X1)
                                         _094338_ (net)
                  0.01    0.00    1.64 ^ _178508_/B1 (OAI22_X1)
     1    2.64    0.02    0.02    1.66 v _178508_/ZN (OAI22_X1)
                                         _094339_ (net)
                  0.02    0.00    1.66 v _178513_/B1 (AOI22_X1)
     2    6.54    0.05    0.07    1.73 ^ _178513_/ZN (AOI22_X1)
                                         _023264_ (net)
                  0.05    0.00    1.73 ^ _284407_/B (HA_X1)
     7   15.90    0.09    0.13    1.86 ^ _284407_/S (HA_X1)
                                         _023266_ (net)
                  0.09    0.00    1.86 ^ _191468_/A (OAI21_X1)
     2    2.90    0.02    0.03    1.89 v _191468_/ZN (OAI21_X1)
                                         _106781_ (net)
                  0.02    0.00    1.89 v _191469_/B2 (AOI21_X1)
     2    4.09    0.03    0.05    1.94 ^ _191469_/ZN (AOI21_X1)
                                         _106782_ (net)
                  0.03    0.00    1.94 ^ _191470_/A (INV_X1)
     3    5.57    0.01    0.02    1.96 v _191470_/ZN (INV_X1)
                                         _106783_ (net)
                  0.01    0.00    1.96 v _191471_/B2 (AOI21_X1)
     2    4.01    0.03    0.04    2.00 ^ _191471_/ZN (AOI21_X1)
                                         _106784_ (net)
                  0.03    0.00    2.00 ^ _191472_/A2 (NAND2_X1)
     6    9.29    0.03    0.04    2.04 v _191472_/ZN (NAND2_X1)
                                         _106785_ (net)
                  0.03    0.00    2.04 v _191616_/B1 (OAI22_X1)
     1    2.53    0.03    0.05    2.09 ^ _191616_/ZN (OAI22_X1)
                                         _106929_ (net)
                  0.03    0.00    2.09 ^ _191617_/A2 (NOR2_X1)
     2    3.26    0.01    0.02    2.11 v _191617_/ZN (NOR2_X1)
                                         _106930_ (net)
                  0.01    0.00    2.11 v _191621_/A (OAI21_X1)
     3    5.88    0.04    0.03    2.14 ^ _191621_/ZN (OAI21_X1)
                                         _106934_ (net)
                  0.04    0.00    2.14 ^ _191622_/A2 (NAND2_X1)
     4    6.15    0.03    0.03    2.17 v _191622_/ZN (NAND2_X1)
                                         _106935_ (net)
                  0.03    0.00    2.17 v _191660_/A1 (OR2_X1)
     2    5.15    0.01    0.06    2.23 v _191660_/ZN (OR2_X1)
                                         _106973_ (net)
                  0.01    0.00    2.23 v _191667_/A3 (NOR3_X2)
     4   10.55    0.05    0.08    2.31 ^ _191667_/ZN (NOR3_X2)
                                         _106980_ (net)
                  0.05    0.00    2.31 ^ _191668_/B2 (OAI21_X1)
     3    6.08    0.02    0.04    2.35 v _191668_/ZN (OAI21_X1)
                                         _106981_ (net)
                  0.02    0.00    2.35 v _191743_/B2 (AOI21_X1)
     2    4.39    0.03    0.05    2.40 ^ _191743_/ZN (AOI21_X1)
                                         _107056_ (net)
                  0.03    0.00    2.40 ^ _191744_/B (XNOR2_X1)
     2    5.25    0.03    0.05    2.46 ^ _191744_/ZN (XNOR2_X1)
                                         _107057_ (net)
                  0.03    0.00    2.46 ^ _191902_/A4 (AND4_X1)
     2    4.99    0.02    0.07    2.53 ^ _191902_/ZN (AND4_X1)
                                         _107215_ (net)
                  0.02    0.00    2.53 ^ _191903_/C2 (OAI211_X2)
    13   21.62    0.04    0.05    2.58 v _191903_/ZN (OAI211_X2)
                                         _107216_ (net)
                  0.04    0.00    2.58 v _191937_/A1 (OR3_X1)
     1    3.64    0.02    0.08    2.67 v _191937_/ZN (OR3_X1)
                                         _107250_ (net)
                  0.02    0.00    2.67 v _191938_/B2 (AOI21_X2)
    14   46.74    0.12    0.14    2.81 ^ _191938_/ZN (AOI21_X2)
                                         _107251_ (net)
                  0.12    0.00    2.81 ^ _197484_/B1 (AOI21_X1)
     1    4.64    0.03    0.04    2.85 v _197484_/ZN (AOI21_X1)
                                         _020064_ (net)
                  0.03    0.00    2.85 v _282162_/A (HA_X1)
     1    2.11    0.01    0.04    2.89 v _282162_/CO (HA_X1)
                                         _020065_ (net)
                  0.01    0.00    2.89 v _191441_/B2 (OAI21_X1)
     1    2.55    0.02    0.04    2.92 ^ _191441_/ZN (OAI21_X1)
                                         _106754_ (net)
                  0.02    0.00    2.92 ^ _191442_/B2 (AOI21_X1)
     1    1.95    0.01    0.02    2.94 v _191442_/ZN (AOI21_X1)
                                         _106755_ (net)
                  0.01    0.00    2.94 v _191443_/B2 (OAI21_X1)
     1    2.17    0.02    0.04    2.97 ^ _191443_/ZN (OAI21_X1)
                                         _106756_ (net)
                  0.02    0.00    2.97 ^ _191444_/B2 (AOI21_X1)
     1    1.62    0.01    0.02    2.99 v _191444_/ZN (AOI21_X1)
                                         _106757_ (net)
                  0.01    0.00    2.99 v _191445_/A3 (OR3_X1)
     3    6.31    0.02    0.09    3.09 v _191445_/ZN (OR3_X1)
                                         _106758_ (net)
                  0.02    0.00    3.09 v _191446_/A3 (NOR3_X2)
     1    1.81    0.02    0.05    3.13 ^ _191446_/ZN (NOR3_X2)
                                         _106759_ (net)
                  0.02    0.00    3.13 ^ place3566/A (BUF_X1)
    13   35.50    0.08    0.11    3.24 ^ place3566/Z (BUF_X1)
                                         net3565 (net)
                  0.08    0.00    3.24 ^ _191876_/A (AOI21_X1)
     2    2.64    0.02    0.02    3.26 v _191876_/ZN (AOI21_X1)
                                         _107189_ (net)
                  0.02    0.00    3.26 v _191877_/A4 (AND4_X1)
     2    5.20    0.01    0.05    3.32 v _191877_/ZN (AND4_X1)
                                         _107190_ (net)
                  0.01    0.00    3.32 v _191939_/A2 (NOR2_X1)
     2    4.55    0.03    0.04    3.36 ^ _191939_/ZN (NOR2_X1)
                                         _107252_ (net)
                  0.03    0.00    3.36 ^ _192048_/A (OAI21_X2)
    14   34.52    0.05    0.06    3.42 v _192048_/ZN (OAI21_X2)
                                         _107360_ (net)
                  0.05    0.00    3.42 v _192049_/A (INV_X2)
    19   50.73    0.06    0.09    3.51 ^ _192049_/ZN (INV_X2)
                                         _107361_ (net)
                  0.06    0.00    3.51 ^ _281673_/B (HA_X1)
     2    4.96    0.02    0.05    3.56 ^ _281673_/CO (HA_X1)
                                         _009637_ (net)
                  0.02    0.00    3.56 ^ _250114_/B1 (OAI21_X1)
     1    2.14    0.01    0.02    3.58 v _250114_/ZN (OAI21_X1)
                                         _060846_ (net)
                  0.01    0.00    3.58 v _250115_/B2 (AOI21_X1)
     2    5.44    0.04    0.05    3.63 ^ _250115_/ZN (AOI21_X1)
                                         _060847_ (net)
                  0.04    0.00    3.63 ^ _250116_/A2 (NOR2_X1)
     1    2.27    0.01    0.02    3.65 v _250116_/ZN (NOR2_X1)
                                         _060848_ (net)
                  0.01    0.00    3.65 v _250117_/B2 (OAI21_X1)
     1    2.42    0.02    0.04    3.68 ^ _250117_/ZN (OAI21_X1)
                                         _060849_ (net)
                  0.02    0.00    3.68 ^ _250118_/A (INV_X1)
     2    2.91    0.01    0.01    3.69 v _250118_/ZN (INV_X1)
                                         _060850_ (net)
                  0.01    0.00    3.69 v _250119_/B2 (OAI21_X1)
     2    3.95    0.03    0.04    3.74 ^ _250119_/ZN (OAI21_X1)
                                         _060851_ (net)
                  0.03    0.00    3.74 ^ _250120_/A2 (NAND2_X1)
     1    1.75    0.01    0.02    3.75 v _250120_/ZN (NAND2_X1)
                                         _060852_ (net)
                  0.01    0.00    3.75 v _250121_/B1 (AOI21_X1)
     2    3.57    0.03    0.04    3.79 ^ _250121_/ZN (AOI21_X1)
                                         _060853_ (net)
                  0.03    0.00    3.79 ^ _250122_/B2 (OAI21_X1)
     1    1.32    0.01    0.02    3.81 v _250122_/ZN (OAI21_X1)
                                         _060854_ (net)
                  0.01    0.00    3.81 v _250123_/A3 (AND3_X1)
     1    1.63    0.01    0.04    3.85 v _250123_/ZN (AND3_X1)
                                         _060855_ (net)
                  0.01    0.00    3.85 v _250128_/A (AOI21_X1)
     3    5.25    0.04    0.06    3.90 ^ _250128_/ZN (AOI21_X1)
                                         _060860_ (net)
                  0.04    0.00    3.90 ^ _250696_/A1 (NOR4_X1)
     1    2.12    0.01    0.01    3.92 v _250696_/ZN (NOR4_X1)
                                         _061420_ (net)
                  0.01    0.00    3.92 v _250697_/A3 (NOR3_X1)
     6   11.67    0.09    0.13    4.05 ^ _250697_/ZN (NOR3_X1)
                                         _061421_ (net)
                  0.09    0.00    4.05 ^ _250698_/A2 (AND2_X1)
    12   24.49    0.06    0.10    4.15 ^ _250698_/ZN (AND2_X1)
                                         _061422_ (net)
                  0.06    0.00    4.15 ^ _250700_/A2 (NAND2_X1)
     4    6.77    0.03    0.04    4.19 v _250700_/ZN (NAND2_X1)
                                         _061424_ (net)
                  0.03    0.00    4.19 v _250714_/B3 (OAI33_X1)
     1    1.34    0.05    0.09    4.27 ^ _250714_/ZN (OAI33_X1)
                                         _031222_ (net)
                  0.05    0.00    4.27 ^ hidden_layer.neuron1.u_add23.sum_reg[21]$_SDFFE_PN0P_/D (DFF_X1)
                                  4.27   data arrival time

                  0.00   10.00   10.00   clock clk (rise edge)
                          0.00   10.00   clock network delay (ideal)
                         -0.10    9.90   clock uncertainty
                          0.00    9.90   clock reconvergence pessimism
                                  9.90 ^ hidden_layer.neuron1.u_add23.sum_reg[21]$_SDFFE_PN0P_/CK (DFF_X1)
                         -0.04    9.86   library setup time
                                  9.86   data required time
-----------------------------------------------------------------------------
                                  9.86   data required time
                                 -4.27   data arrival time
-----------------------------------------------------------------------------
                                  5.58   slack (MET)



==========================================================================
resizer report_checks -unconstrained
--------------------------------------------------------------------------
Startpoint: hidden_layer.neuron1.u_add23.a_reg[30]$_SDFFE_PN0P_
            (rising edge-triggered flip-flop clocked by clk)
Endpoint: hidden_layer.neuron1.u_add23.sum_reg[21]$_SDFFE_PN0P_
          (rising edge-triggered flip-flop clocked by clk)
Path Group: clk
Path Type: max

Fanout     Cap    Slew   Delay    Time   Description
-----------------------------------------------------------------------------
                  0.00    0.00    0.00   clock clk (rise edge)
                          0.00    0.00   clock network delay (ideal)
                  0.00    0.00    0.00 ^ hidden_layer.neuron1.u_add23.a_reg[30]$_SDFFE_PN0P_/CK (DFF_X1)
     6   14.46    0.03    0.11    0.11 ^ hidden_layer.neuron1.u_add23.a_reg[30]$_SDFFE_PN0P_/Q (DFF_X1)
                                         hidden_layer.neuron1.u_add23.a_reg[30] (net)
                  0.03    0.00    0.11 ^ _286722_/B (HA_X1)
     3    7.17    0.05    0.08    0.19 ^ _286722_/S (HA_X1)
                                         _027060_ (net)
                  0.05    0.00    0.19 ^ _157441_/A1 (AND3_X2)
     3    6.01    0.01    0.06    0.25 ^ _157441_/ZN (AND3_X2)
                                         _073662_ (net)
                  0.01    0.00    0.25 ^ _157459_/A3 (NAND4_X1)
     1    3.54    0.02    0.04    0.29 v _157459_/ZN (NAND4_X1)
                                         _073680_ (net)
                  0.02    0.00    0.29 v _157460_/A3 (NOR3_X2)
    14   26.04    0.10    0.14    0.43 ^ _157460_/ZN (NOR3_X2)
                                         _073681_ (net)
                  0.10    0.00    0.43 ^ _157461_/A2 (AND2_X1)
    16   29.82    0.07    0.12    0.55 ^ _157461_/ZN (AND2_X1)
                                         _073682_ (net)
                  0.07    0.00    0.55 ^ _157654_/A2 (OR2_X1)
     9   15.73    0.04    0.07    0.62 ^ _157654_/ZN (OR2_X1)
                                         _073875_ (net)
                  0.04    0.00    0.62 ^ _166107_/A1 (NAND2_X1)
    17   32.39    0.06    0.09    0.71 v _166107_/ZN (NAND2_X1)
                                         _082215_ (net)
                  0.06    0.00    0.71 v _178458_/A2 (AND2_X1)
     1    2.05    0.01    0.05    0.76 v _178458_/ZN (AND2_X1)
                                         _094292_ (net)
                  0.01    0.00    0.76 v _178461_/A (AOI21_X1)
     5   12.06    0.07    0.09    0.86 ^ _178461_/ZN (AOI21_X1)
                                         _020914_ (net)
                  0.07    0.00    0.86 ^ _178462_/A (INV_X1)
     3   10.04    0.02    0.03    0.89 v _178462_/ZN (INV_X1)
                                         _023023_ (net)
                  0.02    0.00    0.89 v _284276_/A (HA_X1)
     7   16.07    0.09    0.11    0.99 ^ _284276_/S (HA_X1)
                                         _023026_ (net)
                  0.09    0.00    0.99 ^ _157552_/A2 (NOR2_X1)
     1    1.92    0.02    0.01    1.01 v _157552_/ZN (NOR2_X1)
                                         _073773_ (net)
                  0.02    0.00    1.01 v _157553_/A2 (NOR2_X1)
     3    5.82    0.03    0.05    1.06 ^ _157553_/ZN (NOR2_X1)
                                         _073774_ (net)
                  0.03    0.00    1.06 ^ _157556_/B1 (AOI21_X1)
     1    2.56    0.01    0.02    1.08 v _157556_/ZN (AOI21_X1)
                                         _073777_ (net)
                  0.01    0.00    1.08 v _157559_/B2 (AOI221_X1)
     2    3.30    0.05    0.09    1.18 ^ _157559_/ZN (AOI221_X1)
                                         _073780_ (net)
                  0.05    0.00    1.18 ^ _157641_/A1 (NOR2_X1)
     3    8.03    0.02    0.03    1.20 v _157641_/ZN (NOR2_X1)
                                         _073862_ (net)
                  0.02    0.00    1.20 v _157647_/A2 (AOI22_X2)
    11   25.07    0.07    0.09    1.30 ^ _157647_/ZN (AOI22_X2)
                                         _073868_ (net)
                  0.07    0.00    1.30 ^ place3845/A (BUF_X1)
    14   36.45    0.08    0.12    1.42 ^ place3845/Z (BUF_X1)
                                         net3844 (net)
                  0.08    0.00    1.42 ^ _157701_/A2 (NOR3_X1)
     2    2.62    0.02    0.02    1.43 v _157701_/ZN (NOR3_X1)
                                         _073922_ (net)
                  0.02    0.00    1.43 v _157708_/A1 (OR2_X1)
     3    5.75    0.01    0.06    1.49 v _157708_/ZN (OR2_X1)
                                         _073929_ (net)
                  0.01    0.00    1.49 v _178505_/B (MUX2_X1)
     1    1.88    0.01    0.06    1.55 v _178505_/Z (MUX2_X1)
                                         _094336_ (net)
                  0.01    0.00    1.55 v _178506_/B1 (AOI21_X1)
     3    5.07    0.04    0.04    1.60 ^ _178506_/ZN (AOI21_X1)
                                         _094337_ (net)
                  0.04    0.00    1.60 ^ _178507_/B (MUX2_X1)
     1    2.11    0.01    0.04    1.64 ^ _178507_/Z (MUX2_X1)
                                         _094338_ (net)
                  0.01    0.00    1.64 ^ _178508_/B1 (OAI22_X1)
     1    2.64    0.02    0.02    1.66 v _178508_/ZN (OAI22_X1)
                                         _094339_ (net)
                  0.02    0.00    1.66 v _178513_/B1 (AOI22_X1)
     2    6.54    0.05    0.07    1.73 ^ _178513_/ZN (AOI22_X1)
                                         _023264_ (net)
                  0.05    0.00    1.73 ^ _284407_/B (HA_X1)
     7   15.90    0.09    0.13    1.86 ^ _284407_/S (HA_X1)
                                         _023266_ (net)
                  0.09    0.00    1.86 ^ _191468_/A (OAI21_X1)
     2    2.90    0.02    0.03    1.89 v _191468_/ZN (OAI21_X1)
                                         _106781_ (net)
                  0.02    0.00    1.89 v _191469_/B2 (AOI21_X1)
     2    4.09    0.03    0.05    1.94 ^ _191469_/ZN (AOI21_X1)
                                         _106782_ (net)
                  0.03    0.00    1.94 ^ _191470_/A (INV_X1)
     3    5.57    0.01    0.02    1.96 v _191470_/ZN (INV_X1)
                                         _106783_ (net)
                  0.01    0.00    1.96 v _191471_/B2 (AOI21_X1)
     2    4.01    0.03    0.04    2.00 ^ _191471_/ZN (AOI21_X1)
                                         _106784_ (net)
                  0.03    0.00    2.00 ^ _191472_/A2 (NAND2_X1)
     6    9.29    0.03    0.04    2.04 v _191472_/ZN (NAND2_X1)
                                         _106785_ (net)
                  0.03    0.00    2.04 v _191616_/B1 (OAI22_X1)
     1    2.53    0.03    0.05    2.09 ^ _191616_/ZN (OAI22_X1)
                                         _106929_ (net)
                  0.03    0.00    2.09 ^ _191617_/A2 (NOR2_X1)
     2    3.26    0.01    0.02    2.11 v _191617_/ZN (NOR2_X1)
                                         _106930_ (net)
                  0.01    0.00    2.11 v _191621_/A (OAI21_X1)
     3    5.88    0.04    0.03    2.14 ^ _191621_/ZN (OAI21_X1)
                                         _106934_ (net)
                  0.04    0.00    2.14 ^ _191622_/A2 (NAND2_X1)
     4    6.15    0.03    0.03    2.17 v _191622_/ZN (NAND2_X1)
                                         _106935_ (net)
                  0.03    0.00    2.17 v _191660_/A1 (OR2_X1)
     2    5.15    0.01    0.06    2.23 v _191660_/ZN (OR2_X1)
                                         _106973_ (net)
                  0.01    0.00    2.23 v _191667_/A3 (NOR3_X2)
     4   10.55    0.05    0.08    2.31 ^ _191667_/ZN (NOR3_X2)
                                         _106980_ (net)
                  0.05    0.00    2.31 ^ _191668_/B2 (OAI21_X1)
     3    6.08    0.02    0.04    2.35 v _191668_/ZN (OAI21_X1)
                                         _106981_ (net)
                  0.02    0.00    2.35 v _191743_/B2 (AOI21_X1)
     2    4.39    0.03    0.05    2.40 ^ _191743_/ZN (AOI21_X1)
                                         _107056_ (net)
                  0.03    0.00    2.40 ^ _191744_/B (XNOR2_X1)
     2    5.25    0.03    0.05    2.46 ^ _191744_/ZN (XNOR2_X1)
                                         _107057_ (net)
                  0.03    0.00    2.46 ^ _191902_/A4 (AND4_X1)
     2    4.99    0.02    0.07    2.53 ^ _191902_/ZN (AND4_X1)
                                         _107215_ (net)
                  0.02    0.00    2.53 ^ _191903_/C2 (OAI211_X2)
    13   21.62    0.04    0.05    2.58 v _191903_/ZN (OAI211_X2)
                                         _107216_ (net)
                  0.04    0.00    2.58 v _191937_/A1 (OR3_X1)
     1    3.64    0.02    0.08    2.67 v _191937_/ZN (OR3_X1)
                                         _107250_ (net)
                  0.02    0.00    2.67 v _191938_/B2 (AOI21_X2)
    14   46.74    0.12    0.14    2.81 ^ _191938_/ZN (AOI21_X2)
                                         _107251_ (net)
                  0.12    0.00    2.81 ^ _197484_/B1 (AOI21_X1)
     1    4.64    0.03    0.04    2.85 v _197484_/ZN (AOI21_X1)
                                         _020064_ (net)
                  0.03    0.00    2.85 v _282162_/A (HA_X1)
     1    2.11    0.01    0.04    2.89 v _282162_/CO (HA_X1)
                                         _020065_ (net)
                  0.01    0.00    2.89 v _191441_/B2 (OAI21_X1)
     1    2.55    0.02    0.04    2.92 ^ _191441_/ZN (OAI21_X1)
                                         _106754_ (net)
                  0.02    0.00    2.92 ^ _191442_/B2 (AOI21_X1)
     1    1.95    0.01    0.02    2.94 v _191442_/ZN (AOI21_X1)
                                         _106755_ (net)
                  0.01    0.00    2.94 v _191443_/B2 (OAI21_X1)
     1    2.17    0.02    0.04    2.97 ^ _191443_/ZN (OAI21_X1)
                                         _106756_ (net)
                  0.02    0.00    2.97 ^ _191444_/B2 (AOI21_X1)
     1    1.62    0.01    0.02    2.99 v _191444_/ZN (AOI21_X1)
                                         _106757_ (net)
                  0.01    0.00    2.99 v _191445_/A3 (OR3_X1)
     3    6.31    0.02    0.09    3.09 v _191445_/ZN (OR3_X1)
                                         _106758_ (net)
                  0.02    0.00    3.09 v _191446_/A3 (NOR3_X2)
     1    1.81    0.02    0.05    3.13 ^ _191446_/ZN (NOR3_X2)
                                         _106759_ (net)
                  0.02    0.00    3.13 ^ place3566/A (BUF_X1)
    13   35.50    0.08    0.11    3.24 ^ place3566/Z (BUF_X1)
                                         net3565 (net)
                  0.08    0.00    3.24 ^ _191876_/A (AOI21_X1)
     2    2.64    0.02    0.02    3.26 v _191876_/ZN (AOI21_X1)
                                         _107189_ (net)
                  0.02    0.00    3.26 v _191877_/A4 (AND4_X1)
     2    5.20    0.01    0.05    3.32 v _191877_/ZN (AND4_X1)
                                         _107190_ (net)
                  0.01    0.00    3.32 v _191939_/A2 (NOR2_X1)
     2    4.55    0.03    0.04    3.36 ^ _191939_/ZN (NOR2_X1)
                                         _107252_ (net)
                  0.03    0.00    3.36 ^ _192048_/A (OAI21_X2)
    14   34.52    0.05    0.06    3.42 v _192048_/ZN (OAI21_X2)
                                         _107360_ (net)
                  0.05    0.00    3.42 v _192049_/A (INV_X2)
    19   50.73    0.06    0.09    3.51 ^ _192049_/ZN (INV_X2)
                                         _107361_ (net)
                  0.06    0.00    3.51 ^ _281673_/B (HA_X1)
     2    4.96    0.02    0.05    3.56 ^ _281673_/CO (HA_X1)
                                         _009637_ (net)
                  0.02    0.00    3.56 ^ _250114_/B1 (OAI21_X1)
     1    2.14    0.01    0.02    3.58 v _250114_/ZN (OAI21_X1)
                                         _060846_ (net)
                  0.01    0.00    3.58 v _250115_/B2 (AOI21_X1)
     2    5.44    0.04    0.05    3.63 ^ _250115_/ZN (AOI21_X1)
                                         _060847_ (net)
                  0.04    0.00    3.63 ^ _250116_/A2 (NOR2_X1)
     1    2.27    0.01    0.02    3.65 v _250116_/ZN (NOR2_X1)
                                         _060848_ (net)
                  0.01    0.00    3.65 v _250117_/B2 (OAI21_X1)
     1    2.42    0.02    0.04    3.68 ^ _250117_/ZN (OAI21_X1)
                                         _060849_ (net)
                  0.02    0.00    3.68 ^ _250118_/A (INV_X1)
     2    2.91    0.01    0.01    3.69 v _250118_/ZN (INV_X1)
                                         _060850_ (net)
                  0.01    0.00    3.69 v _250119_/B2 (OAI21_X1)
     2    3.95    0.03    0.04    3.74 ^ _250119_/ZN (OAI21_X1)
                                         _060851_ (net)
                  0.03    0.00    3.74 ^ _250120_/A2 (NAND2_X1)
     1    1.75    0.01    0.02    3.75 v _250120_/ZN (NAND2_X1)
                                         _060852_ (net)
                  0.01    0.00    3.75 v _250121_/B1 (AOI21_X1)
     2    3.57    0.03    0.04    3.79 ^ _250121_/ZN (AOI21_X1)
                                         _060853_ (net)
                  0.03    0.00    3.79 ^ _250122_/B2 (OAI21_X1)
     1    1.32    0.01    0.02    3.81 v _250122_/ZN (OAI21_X1)
                                         _060854_ (net)
                  0.01    0.00    3.81 v _250123_/A3 (AND3_X1)
     1    1.63    0.01    0.04    3.85 v _250123_/ZN (AND3_X1)
                                         _060855_ (net)
                  0.01    0.00    3.85 v _250128_/A (AOI21_X1)
     3    5.25    0.04    0.06    3.90 ^ _250128_/ZN (AOI21_X1)
                                         _060860_ (net)
                  0.04    0.00    3.90 ^ _250696_/A1 (NOR4_X1)
     1    2.12    0.01    0.01    3.92 v _250696_/ZN (NOR4_X1)
                                         _061420_ (net)
                  0.01    0.00    3.92 v _250697_/A3 (NOR3_X1)
     6   11.67    0.09    0.13    4.05 ^ _250697_/ZN (NOR3_X1)
                                         _061421_ (net)
                  0.09    0.00    4.05 ^ _250698_/A2 (AND2_X1)
    12   24.49    0.06    0.10    4.15 ^ _250698_/ZN (AND2_X1)
                                         _061422_ (net)
                  0.06    0.00    4.15 ^ _250700_/A2 (NAND2_X1)
     4    6.77    0.03    0.04    4.19 v _250700_/ZN (NAND2_X1)
                                         _061424_ (net)
                  0.03    0.00    4.19 v _250714_/B3 (OAI33_X1)
     1    1.34    0.05    0.09    4.27 ^ _250714_/ZN (OAI33_X1)
                                         _031222_ (net)
                  0.05    0.00    4.27 ^ hidden_layer.neuron1.u_add23.sum_reg[21]$_SDFFE_PN0P_/D (DFF_X1)
                                  4.27   data arrival time

                  0.00   10.00   10.00   clock clk (rise edge)
                          0.00   10.00   clock network delay (ideal)
                         -0.10    9.90   clock uncertainty
                          0.00    9.90   clock reconvergence pessimism
                                  9.90 ^ hidden_layer.neuron1.u_add23.sum_reg[21]$_SDFFE_PN0P_/CK (DFF_X1)
                         -0.04    9.86   library setup time
                                  9.86   data required time
-----------------------------------------------------------------------------
                                  9.86   data required time
                                 -4.27   data arrival time
-----------------------------------------------------------------------------
                                  5.58   slack (MET)



==========================================================================
resizer report_check_types -max_slew -max_cap -max_fanout -violators
--------------------------------------------------------------------------

==========================================================================
resizer max_slew_check_slack
--------------------------------------------------------------------------
0.06449256837368011

==========================================================================
resizer max_slew_check_limit
--------------------------------------------------------------------------
0.1985349953174591

==========================================================================
resizer max_slew_check_slack_limit
--------------------------------------------------------------------------
0.3248

==========================================================================
resizer max_fanout_check_slack
--------------------------------------------------------------------------
1.0000000150474662e+30

==========================================================================
resizer max_fanout_check_limit
--------------------------------------------------------------------------
1.0000000150474662e+30

==========================================================================
resizer max_capacitance_check_slack
--------------------------------------------------------------------------
0.008434753865003586

==========================================================================
resizer max_capacitance_check_limit
--------------------------------------------------------------------------
10.47130012512207

==========================================================================
resizer max_capacitance_check_slack_limit
--------------------------------------------------------------------------
0.0008

==========================================================================
resizer max_slew_violation_count
--------------------------------------------------------------------------
max slew violation count 0

==========================================================================
resizer max_fanout_violation_count
--------------------------------------------------------------------------
max fanout violation count 0

==========================================================================
resizer max_cap_violation_count
--------------------------------------------------------------------------
max cap violation count 0

==========================================================================
resizer setup_violation_count
--------------------------------------------------------------------------
setup violation count 0

==========================================================================
resizer hold_violation_count
--------------------------------------------------------------------------
hold violation count 0

==========================================================================
resizer report_checks -path_delay max reg to reg
--------------------------------------------------------------------------
Startpoint: hidden_layer.neuron1.u_add23.a_reg[30]$_SDFFE_PN0P_
            (rising edge-triggered flip-flop clocked by clk)
Endpoint: hidden_layer.neuron1.u_add23.sum_reg[21]$_SDFFE_PN0P_
          (rising edge-triggered flip-flop clocked by clk)
Path Group: clk
Path Type: max

  Delay    Time   Description
---------------------------------------------------------
   0.00    0.00   clock clk (rise edge)
   0.00    0.00   clock network delay (ideal)
   0.00    0.00 ^ hidden_layer.neuron1.u_add23.a_reg[30]$_SDFFE_PN0P_/CK (DFF_X1)
   0.11    0.11 ^ hidden_layer.neuron1.u_add23.a_reg[30]$_SDFFE_PN0P_/Q (DFF_X1)
   0.08    0.19 ^ _286722_/S (HA_X1)
   0.06    0.25 ^ _157441_/ZN (AND3_X2)
   0.04    0.29 v _157459_/ZN (NAND4_X1)
   0.14    0.43 ^ _157460_/ZN (NOR3_X2)
   0.12    0.55 ^ _157461_/ZN (AND2_X1)
   0.07    0.62 ^ _157654_/ZN (OR2_X1)
   0.09    0.71 v _166107_/ZN (NAND2_X1)
   0.06    0.76 v _178458_/ZN (AND2_X1)
   0.09    0.86 ^ _178461_/ZN (AOI21_X1)
   0.03    0.89 v _178462_/ZN (INV_X1)
   0.11    0.99 ^ _284276_/S (HA_X1)
   0.02    1.01 v _157552_/ZN (NOR2_X1)
   0.05    1.06 ^ _157553_/ZN (NOR2_X1)
   0.02    1.08 v _157556_/ZN (AOI21_X1)
   0.09    1.18 ^ _157559_/ZN (AOI221_X1)
   0.03    1.20 v _157641_/ZN (NOR2_X1)
   0.09    1.30 ^ _157647_/ZN (AOI22_X2)
   0.12    1.42 ^ place3845/Z (BUF_X1)
   0.02    1.43 v _157701_/ZN (NOR3_X1)
   0.06    1.49 v _157708_/ZN (OR2_X1)
   0.06    1.55 v _178505_/Z (MUX2_X1)
   0.04    1.60 ^ _178506_/ZN (AOI21_X1)
   0.04    1.64 ^ _178507_/Z (MUX2_X1)
   0.02    1.66 v _178508_/ZN (OAI22_X1)
   0.07    1.73 ^ _178513_/ZN (AOI22_X1)
   0.13    1.86 ^ _284407_/S (HA_X1)
   0.03    1.89 v _191468_/ZN (OAI21_X1)
   0.05    1.94 ^ _191469_/ZN (AOI21_X1)
   0.02    1.96 v _191470_/ZN (INV_X1)
   0.04    2.00 ^ _191471_/ZN (AOI21_X1)
   0.04    2.04 v _191472_/ZN (NAND2_X1)
   0.05    2.09 ^ _191616_/ZN (OAI22_X1)
   0.02    2.11 v _191617_/ZN (NOR2_X1)
   0.03    2.14 ^ _191621_/ZN (OAI21_X1)
   0.03    2.17 v _191622_/ZN (NAND2_X1)
   0.06    2.23 v _191660_/ZN (OR2_X1)
   0.08    2.31 ^ _191667_/ZN (NOR3_X2)
   0.04    2.35 v _191668_/ZN (OAI21_X1)
   0.05    2.40 ^ _191743_/ZN (AOI21_X1)
   0.05    2.46 ^ _191744_/ZN (XNOR2_X1)
   0.07    2.53 ^ _191902_/ZN (AND4_X1)
   0.05    2.58 v _191903_/ZN (OAI211_X2)
   0.08    2.67 v _191937_/ZN (OR3_X1)
   0.14    2.81 ^ _191938_/ZN (AOI21_X2)
   0.04    2.85 v _197484_/ZN (AOI21_X1)
   0.04    2.89 v _282162_/CO (HA_X1)
   0.04    2.92 ^ _191441_/ZN (OAI21_X1)
   0.02    2.94 v _191442_/ZN (AOI21_X1)
   0.04    2.97 ^ _191443_/ZN (OAI21_X1)
   0.02    2.99 v _191444_/ZN (AOI21_X1)
   0.09    3.09 v _191445_/ZN (OR3_X1)
   0.05    3.13 ^ _191446_/ZN (NOR3_X2)
   0.11    3.24 ^ place3566/Z (BUF_X1)
   0.02    3.26 v _191876_/ZN (AOI21_X1)
   0.05    3.32 v _191877_/ZN (AND4_X1)
   0.04    3.36 ^ _191939_/ZN (NOR2_X1)
   0.06    3.42 v _192048_/ZN (OAI21_X2)
   0.09    3.51 ^ _192049_/ZN (INV_X2)
   0.05    3.56 ^ _281673_/CO (HA_X1)
   0.02    3.58 v _250114_/ZN (OAI21_X1)
   0.05    3.63 ^ _250115_/ZN (AOI21_X1)
   0.02    3.65 v _250116_/ZN (NOR2_X1)
   0.04    3.68 ^ _250117_/ZN (OAI21_X1)
   0.01    3.69 v _250118_/ZN (INV_X1)
   0.04    3.74 ^ _250119_/ZN (OAI21_X1)
   0.02    3.75 v _250120_/ZN (NAND2_X1)
   0.04    3.79 ^ _250121_/ZN (AOI21_X1)
   0.02    3.81 v _250122_/ZN (OAI21_X1)
   0.04    3.85 v _250123_/ZN (AND3_X1)
   0.06    3.90 ^ _250128_/ZN (AOI21_X1)
   0.01    3.92 v _250696_/ZN (NOR4_X1)
   0.13    4.05 ^ _250697_/ZN (NOR3_X1)
   0.10    4.15 ^ _250698_/ZN (AND2_X1)
   0.04    4.19 v _250700_/ZN (NAND2_X1)
   0.09    4.27 ^ _250714_/ZN (OAI33_X1)
   0.00    4.27 ^ hidden_layer.neuron1.u_add23.sum_reg[21]$_SDFFE_PN0P_/D (DFF_X1)
           4.27   data arrival time

  10.00   10.00   clock clk (rise edge)
   0.00   10.00   clock network delay (ideal)
  -0.10    9.90   clock uncertainty
   0.00    9.90   clock reconvergence pessimism
           9.90 ^ hidden_layer.neuron1.u_add23.sum_reg[21]$_SDFFE_PN0P_/CK (DFF_X1)
  -0.04    9.86   library setup time
           9.86   data required time
---------------------------------------------------------
           9.86   data required time
          -4.27   data arrival time
---------------------------------------------------------
           5.58   slack (MET)



==========================================================================
resizer report_checks -path_delay min reg to reg
--------------------------------------------------------------------------
Startpoint: hidden_layer.neuron3.u_add_bias.sum_reg[26]$_SDFFE_PN0P_
            (rising edge-triggered flip-flop clocked by clk)
Endpoint: hidden_layer.neuron3.u_relu.data_out[26]$_SDFF_PP0_
          (rising edge-triggered flip-flop clocked by clk)
Path Group: clk
Path Type: min

  Delay    Time   Description
---------------------------------------------------------
   0.00    0.00   clock clk (rise edge)
   0.00    0.00   clock network delay (ideal)
   0.00    0.00 ^ hidden_layer.neuron3.u_add_bias.sum_reg[26]$_SDFFE_PN0P_/CK (DFF_X1)
   0.08    0.08 v hidden_layer.neuron3.u_add_bias.sum_reg[26]$_SDFFE_PN0P_/Q (DFF_X1)
   0.02    0.10 ^ _230606_/ZN (INV_X1)
   0.01    0.10 v _231039_/ZN (NOR3_X1)
   0.00    0.10 v hidden_layer.neuron3.u_relu.data_out[26]$_SDFF_PP0_/D (DFF_X1)
           0.10   data arrival time

   0.00    0.00   clock clk (rise edge)
   0.00    0.00   clock network delay (ideal)
   0.10    0.10   clock uncertainty
   0.00    0.10   clock reconvergence pessimism
           0.10 ^ hidden_layer.neuron3.u_relu.data_out[26]$_SDFF_PP0_/CK (DFF_X1)
   0.00    0.10   library hold time
           0.10   data required time
---------------------------------------------------------
           0.10   data required time
          -0.10   data arrival time
---------------------------------------------------------
           0.00   slack (MET)



==========================================================================
resizer critical path target clock latency max path
--------------------------------------------------------------------------
0.0000

==========================================================================
resizer critical path target clock latency min path
--------------------------------------------------------------------------
0.0000

==========================================================================
resizer critical path source clock latency min path
--------------------------------------------------------------------------
0.0000

==========================================================================
resizer critical path delay
--------------------------------------------------------------------------
4.2739

==========================================================================
resizer critical path slack
--------------------------------------------------------------------------
5.5838

==========================================================================
resizer slack div critical path delay
--------------------------------------------------------------------------
130.648822

==========================================================================
resizer report_power
--------------------------------------------------------------------------
Group                  Internal  Switching    Leakage      Total
                          Power      Power      Power      Power (Watts)
----------------------------------------------------------------
Sequential             3.70e-03   2.74e-04   4.33e-04   4.41e-03  11.7%
Combinational          1.37e-02   1.55e-02   3.90e-03   3.32e-02  88.3%
Clock                  0.00e+00   0.00e+00   0.00e+00   0.00e+00   0.0%
Macro                  0.00e+00   0.00e+00   0.00e+00   0.00e+00   0.0%
Pad                    0.00e+00   0.00e+00   0.00e+00   0.00e+00   0.0%
----------------------------------------------------------------
Total                  1.74e-02   1.58e-02   4.33e-03   3.76e-02 100.0%
                          46.4%      42.1%      11.5%
