
==========================================================================
cts final report_tns
--------------------------------------------------------------------------
tns max 0.00

==========================================================================
cts final report_wns
--------------------------------------------------------------------------
wns max 0.00

==========================================================================
cts final report_worst_slack
--------------------------------------------------------------------------
worst slack max 5.59

==========================================================================
cts final report_clock_min_period
--------------------------------------------------------------------------
clk period_min = 4.41 fmax = 226.61

==========================================================================
cts final report_clock_skew
--------------------------------------------------------------------------
Clock clk
   0.39 source latency hidden_layer.neuron0.u_mul0.a_reg[4]$_SDFF_PN0_/CK ^
  -0.36 target latency hidden_layer.neuron1.u_mul0.product[21]$_SDFF_PP0_/CK ^
   0.10 clock uncertainty
   0.00 CRPR
--------------
   0.13 setup skew


==========================================================================
cts final report_checks -path_delay min
--------------------------------------------------------------------------
Startpoint: hidden_layer.neuron0.u_add_bias.sum_reg[30]$_SDFFE_PN0P_
            (rising edge-triggered flip-flop clocked by clk)
Endpoint: hidden_layer.neuron0.u_relu.data_out[30]$_SDFF_PP0_
          (rising edge-triggered flip-flop clocked by clk)
Path Group: clk
Path Type: min

Fanout     Cap    Slew   Delay    Time   Description
-----------------------------------------------------------------------------
                          0.00    0.00   clock clk (rise edge)
                          0.00    0.00   clock source latency
     1   42.89    0.00    0.00    0.00 ^ clk (in)
                                         clk (net)
                  0.01    0.01    0.01 ^ wire5124/A (BUF_X8)
     1   34.31    0.01    0.03    0.04 ^ wire5124/Z (BUF_X8)
                                         net5123 (net)
                  0.01    0.01    0.04 ^ clkbuf_0_clk/A (CLKBUF_X3)
     4   42.02    0.03    0.06    0.11 ^ clkbuf_0_clk/Z (CLKBUF_X3)
                                         clknet_0_clk (net)
                  0.03    0.00    0.11 ^ clkbuf_2_0_0_clk/A (CLKBUF_X3)
     2   32.20    0.03    0.06    0.17 ^ clkbuf_2_0_0_clk/Z (CLKBUF_X3)
                                         clknet_2_0_0_clk (net)
                  0.03    0.01    0.17 ^ clkbuf_3_1_0_clk/A (CLKBUF_X3)
     8   51.56    0.04    0.07    0.25 ^ clkbuf_3_1_0_clk/Z (CLKBUF_X3)
                                         clknet_3_1_0_clk (net)
                  0.04    0.00    0.25 ^ clkbuf_6_10_0_clk/A (CLKBUF_X3)
    14   48.71    0.04    0.08    0.33 ^ clkbuf_6_10_0_clk/Z (CLKBUF_X3)
                                         clknet_6_10_0_clk (net)
                  0.04    0.00    0.33 ^ clkbuf_leaf_779_clk/A (CLKBUF_X3)
     9   10.36    0.01    0.05    0.38 ^ clkbuf_leaf_779_clk/Z (CLKBUF_X3)
                                         clknet_leaf_779_clk (net)
                  0.01    0.00    0.38 ^ hidden_layer.neuron0.u_add_bias.sum_reg[30]$_SDFFE_PN0P_/CK (DFF_X1)
     1    1.69    0.01    0.08    0.46 v hidden_layer.neuron0.u_add_bias.sum_reg[30]$_SDFFE_PN0P_/Q (DFF_X1)
                                         hidden_layer.neuron0.sum_bias[30] (net)
                  0.01    0.00    0.46 v _244123_/A (INV_X1)
     2    4.17    0.01    0.02    0.48 ^ _244123_/ZN (INV_X1)
                                         _055501_ (net)
                  0.01    0.00    0.48 ^ _264771_/A1 (NOR3_X1)
     1    1.69    0.01    0.01    0.49 v _264771_/ZN (NOR3_X1)
                                         _033093_ (net)
                  0.01    0.00    0.49 v hidden_layer.neuron0.u_relu.data_out[30]$_SDFF_PP0_/D (DFF_X1)
                                  0.49   data arrival time

                          0.00    0.00   clock clk (rise edge)
                          0.00    0.00   clock source latency
     1   42.89    0.00    0.00    0.00 ^ clk (in)
                                         clk (net)
                  0.01    0.01    0.01 ^ wire5124/A (BUF_X8)
     1   34.31    0.01    0.03    0.04 ^ wire5124/Z (BUF_X8)
                                         net5123 (net)
                  0.01    0.01    0.04 ^ clkbuf_0_clk/A (CLKBUF_X3)
     4   42.02    0.03    0.06    0.11 ^ clkbuf_0_clk/Z (CLKBUF_X3)
                                         clknet_0_clk (net)
                  0.03    0.00    0.11 ^ clkbuf_2_2_0_clk/A (CLKBUF_X3)
     2   32.10    0.03    0.06    0.17 ^ clkbuf_2_2_0_clk/Z (CLKBUF_X3)
                                         clknet_2_2_0_clk (net)
                  0.03    0.01    0.17 ^ clkbuf_3_4_0_clk/A (CLKBUF_X3)
     8   44.95    0.04    0.07    0.24 ^ clkbuf_3_4_0_clk/Z (CLKBUF_X3)
                                         clknet_3_4_0_clk (net)
                  0.04    0.00    0.25 ^ clkbuf_6_36_0_clk/A (CLKBUF_X3)
    25   61.69    0.05    0.09    0.33 ^ clkbuf_6_36_0_clk/Z (CLKBUF_X3)
                                         clknet_6_36_0_clk (net)
                  0.05    0.00    0.33 ^ clkbuf_leaf_758_clk/A (CLKBUF_X3)
     8   10.10    0.01    0.05    0.38 ^ clkbuf_leaf_758_clk/Z (CLKBUF_X3)
                                         clknet_leaf_758_clk (net)
                  0.01    0.00    0.38 ^ hidden_layer.neuron0.u_relu.data_out[30]$_SDFF_PP0_/CK (DFF_X1)
                          0.10    0.48   clock uncertainty
                          0.00    0.48   clock reconvergence pessimism
                          0.00    0.49   library hold time
                                  0.49   data required time
-----------------------------------------------------------------------------
                                  0.49   data required time
                                 -0.49   data arrival time
-----------------------------------------------------------------------------
                                  0.00   slack (MET)



==========================================================================
cts final report_checks -path_delay max
--------------------------------------------------------------------------
Startpoint: hidden_layer.neuron1.u_add23.a_reg[30]$_SDFFE_PN0P_
            (rising edge-triggered flip-flop clocked by clk)
Endpoint: hidden_layer.neuron1.u_add23.sum_reg[21]$_SDFFE_PN0P_
          (rising edge-triggered flip-flop clocked by clk)
Path Group: clk
Path Type: max

Fanout     Cap    Slew   Delay    Time   Description
-----------------------------------------------------------------------------
                          0.00    0.00   clock clk (rise edge)
                          0.00    0.00   clock source latency
     1   42.89    0.00    0.00    0.00 ^ clk (in)
                                         clk (net)
                  0.01    0.01    0.01 ^ wire5124/A (BUF_X8)
     1   34.31    0.01    0.03    0.04 ^ wire5124/Z (BUF_X8)
                                         net5123 (net)
                  0.01    0.01    0.04 ^ clkbuf_0_clk/A (CLKBUF_X3)
     4   42.02    0.03    0.06    0.11 ^ clkbuf_0_clk/Z (CLKBUF_X3)
                                         clknet_0_clk (net)
                  0.03    0.00    0.11 ^ clkbuf_2_0_0_clk/A (CLKBUF_X3)
     2   32.20    0.03    0.06    0.17 ^ clkbuf_2_0_0_clk/Z (CLKBUF_X3)
                                         clknet_2_0_0_clk (net)
                  0.03    0.01    0.17 ^ clkbuf_3_1_0_clk/A (CLKBUF_X3)
     8   51.56    0.04    0.07    0.25 ^ clkbuf_3_1_0_clk/Z (CLKBUF_X3)
                                         clknet_3_1_0_clk (net)
                  0.04    0.01    0.25 ^ clkbuf_6_13_0_clk/A (CLKBUF_X3)
    16   47.56    0.04    0.08    0.33 ^ clkbuf_6_13_0_clk/Z (CLKBUF_X3)
                                         clknet_6_13_0_clk (net)
                  0.04    0.00    0.33 ^ clkbuf_leaf_82_clk/A (CLKBUF_X3)
     8   10.75    0.01    0.05    0.38 ^ clkbuf_leaf_82_clk/Z (CLKBUF_X3)
                                         clknet_leaf_82_clk (net)
                  0.01    0.00    0.38 ^ hidden_layer.neuron1.u_add23.a_reg[30]$_SDFFE_PN0P_/CK (DFF_X1)
     6   14.73    0.04    0.12    0.50 ^ hidden_layer.neuron1.u_add23.a_reg[30]$_SDFFE_PN0P_/Q (DFF_X1)
                                         hidden_layer.neuron1.u_add23.a_reg[30] (net)
                  0.04    0.00    0.50 ^ _286722_/B (HA_X1)
     3    7.27    0.05    0.08    0.58 ^ _286722_/S (HA_X1)
                                         _027060_ (net)
                  0.05    0.00    0.58 ^ _157441_/A1 (AND3_X2)
     3    6.53    0.01    0.06    0.64 ^ _157441_/ZN (AND3_X2)
                                         _073662_ (net)
                  0.01    0.00    0.64 ^ _157459_/A3 (NAND4_X1)
     1    3.50    0.02    0.04    0.67 v _157459_/ZN (NAND4_X1)
                                         _073680_ (net)
                  0.02    0.00    0.67 v _157460_/A3 (NOR3_X2)
    14   26.40    0.11    0.15    0.82 ^ _157460_/ZN (NOR3_X2)
                                         _073681_ (net)
                  0.11    0.00    0.82 ^ _157461_/A2 (AND2_X1)
    16   30.53    0.07    0.12    0.94 ^ _157461_/ZN (AND2_X1)
                                         _073682_ (net)
                  0.07    0.00    0.94 ^ _157654_/A2 (OR2_X1)
     9   16.93    0.04    0.07    1.01 ^ _157654_/ZN (OR2_X1)
                                         _073875_ (net)
                  0.04    0.00    1.01 ^ _166107_/A1 (NAND2_X1)
    17   33.73    0.06    0.09    1.10 v _166107_/ZN (NAND2_X1)
                                         _082215_ (net)
                  0.06    0.00    1.11 v _178458_/A2 (AND2_X1)
     1    1.91    0.01    0.05    1.16 v _178458_/ZN (AND2_X1)
                                         _094292_ (net)
                  0.01    0.00    1.16 v _178461_/A (AOI21_X1)
     5   12.74    0.07    0.10    1.26 ^ _178461_/ZN (AOI21_X1)
                                         _020914_ (net)
                  0.07    0.00    1.26 ^ _178462_/A (INV_X1)
     3   10.06    0.02    0.03    1.29 v _178462_/ZN (INV_X1)
                                         _023023_ (net)
                  0.02    0.00    1.29 v _284276_/A (HA_X1)
     7   16.45    0.09    0.11    1.40 ^ _284276_/S (HA_X1)
                                         _023026_ (net)
                  0.09    0.00    1.40 ^ _157552_/A2 (NOR2_X1)
     1    1.85    0.02    0.01    1.41 v _157552_/ZN (NOR2_X1)
                                         _073773_ (net)
                  0.02    0.00    1.41 v _157553_/A2 (NOR2_X1)
     3    5.52    0.03    0.05    1.46 ^ _157553_/ZN (NOR2_X1)
                                         _073774_ (net)
                  0.03    0.00    1.46 ^ _157556_/B1 (AOI21_X1)
     1    1.91    0.01    0.02    1.48 v _157556_/ZN (AOI21_X1)
                                         _073777_ (net)
                  0.01    0.00    1.48 v _157559_/B2 (AOI221_X1)
     2    3.31    0.05    0.09    1.58 ^ _157559_/ZN (AOI221_X1)
                                         _073780_ (net)
                  0.05    0.00    1.58 ^ _157641_/A1 (NOR2_X1)
     3    8.25    0.02    0.03    1.60 v _157641_/ZN (NOR2_X1)
                                         _073862_ (net)
                  0.02    0.00    1.60 v _157647_/A2 (AOI22_X2)
    11   25.49    0.07    0.10    1.70 ^ _157647_/ZN (AOI22_X2)
                                         _073868_ (net)
                  0.07    0.00    1.70 ^ place3845/A (BUF_X1)
    14   37.50    0.09    0.12    1.82 ^ place3845/Z (BUF_X1)
                                         net3844 (net)
                  0.09    0.00    1.82 ^ _157701_/A2 (NOR3_X1)
     2    2.50    0.02    0.02    1.84 v _157701_/ZN (NOR3_X1)
                                         _073922_ (net)
                  0.02    0.00    1.84 v _157708_/A1 (OR2_X1)
     3    5.52    0.01    0.06    1.90 v _157708_/ZN (OR2_X1)
                                         _073929_ (net)
                  0.01    0.00    1.90 v _178505_/B (MUX2_X1)
     1    1.59    0.01    0.06    1.96 v _178505_/Z (MUX2_X1)
                                         _094336_ (net)
                  0.01    0.00    1.96 v _178506_/B1 (AOI21_X1)
     3    4.91    0.04    0.04    2.00 ^ _178506_/ZN (AOI21_X1)
                                         _094337_ (net)
                  0.04    0.00    2.00 ^ _178507_/B (MUX2_X1)
     1    1.84    0.01    0.04    2.04 ^ _178507_/Z (MUX2_X1)
                                         _094338_ (net)
                  0.01    0.00    2.04 ^ _178508_/B1 (OAI22_X1)
     1    2.50    0.02    0.02    2.06 v _178508_/ZN (OAI22_X1)
                                         _094339_ (net)
                  0.02    0.00    2.06 v _178513_/B1 (AOI22_X1)
     2    6.33    0.05    0.07    2.13 ^ _178513_/ZN (AOI22_X1)
                                         _023264_ (net)
                  0.05    0.00    2.13 ^ _284407_/B (HA_X1)
     7   17.17    0.09    0.13    2.26 ^ _284407_/S (HA_X1)
                                         _023266_ (net)
                  0.09    0.00    2.27 ^ _191468_/A (OAI21_X1)
     2    2.62    0.02    0.03    2.30 v _191468_/ZN (OAI21_X1)
                                         _106781_ (net)
                  0.02    0.00    2.30 v _191469_/B2 (AOI21_X1)
     2    4.04    0.03    0.05    2.35 ^ _191469_/ZN (AOI21_X1)
                                         _106782_ (net)
                  0.03    0.00    2.35 ^ _191470_/A (INV_X1)
     3    5.64    0.01    0.02    2.37 v _191470_/ZN (INV_X1)
                                         _106783_ (net)
                  0.01    0.00    2.37 v _191471_/B2 (AOI21_X1)
     2    3.73    0.03    0.04    2.41 ^ _191471_/ZN (AOI21_X1)
                                         _106784_ (net)
                  0.03    0.00    2.41 ^ _191472_/A2 (NAND2_X1)
     6    9.00    0.03    0.04    2.44 v _191472_/ZN (NAND2_X1)
                                         _106785_ (net)
                  0.03    0.00    2.44 v _191616_/B1 (OAI22_X1)
     1    1.79    0.03    0.05    2.49 ^ _191616_/ZN (OAI22_X1)
                                         _106929_ (net)
                  0.03    0.00    2.49 ^ _191617_/A2 (NOR2_X1)
     2    3.47    0.01    0.02    2.51 v _191617_/ZN (NOR2_X1)
                                         _106930_ (net)
                  0.01    0.00    2.51 v _191621_/A (OAI21_X1)
     3    6.26    0.04    0.03    2.54 ^ _191621_/ZN (OAI21_X1)
                                         _106934_ (net)
                  0.04    0.00    2.54 ^ _191622_/A2 (NAND2_X1)
     4    6.04    0.03    0.03    2.57 v _191622_/ZN (NAND2_X1)
                                         _106935_ (net)
                  0.03    0.00    2.57 v _191660_/A1 (OR2_X1)
     2    5.19    0.01    0.06    2.63 v _191660_/ZN (OR2_X1)
                                         _106973_ (net)
                  0.01    0.00    2.63 v _191667_/A3 (NOR3_X2)
     4   10.73    0.05    0.08    2.71 ^ _191667_/ZN (NOR3_X2)
                                         _106980_ (net)
                  0.05    0.00    2.71 ^ _191668_/B2 (OAI21_X1)
     3    5.93    0.02    0.04    2.75 v _191668_/ZN (OAI21_X1)
                                         _106981_ (net)
                  0.02    0.00    2.75 v _191743_/B2 (AOI21_X1)
     2    4.47    0.03    0.05    2.80 ^ _191743_/ZN (AOI21_X1)
                                         _107056_ (net)
                  0.03    0.00    2.80 ^ _191744_/B (XNOR2_X1)
     2    5.49    0.04    0.05    2.86 ^ _191744_/ZN (XNOR2_X1)
                                         _107057_ (net)
                  0.04    0.00    2.86 ^ _191902_/A4 (AND4_X1)
     2    5.26    0.02    0.07    2.93 ^ _191902_/ZN (AND4_X1)
                                         _107215_ (net)
                  0.02    0.00    2.93 ^ _191903_/C2 (OAI211_X2)
    13   22.43    0.04    0.05    2.98 v _191903_/ZN (OAI211_X2)
                                         _107216_ (net)
                  0.04    0.00    2.99 v _191937_/A1 (OR3_X1)
     1    3.24    0.01    0.08    3.07 v _191937_/ZN (OR3_X1)
                                         _107250_ (net)
                  0.01    0.00    3.07 v _191938_/B2 (AOI21_X2)
    14   46.93    0.12    0.14    3.21 ^ _191938_/ZN (AOI21_X2)
                                         _107251_ (net)
                  0.12    0.00    3.21 ^ _197484_/B1 (AOI21_X1)
     1    4.07    0.03    0.03    3.24 v _197484_/ZN (AOI21_X1)
                                         _020064_ (net)
                  0.03    0.00    3.24 v _282162_/A (HA_X1)
     1    1.59    0.01    0.04    3.28 v _282162_/CO (HA_X1)
                                         _020065_ (net)
                  0.01    0.00    3.28 v _191441_/B2 (OAI21_X1)
     1    2.08    0.02    0.03    3.32 ^ _191441_/ZN (OAI21_X1)
                                         _106754_ (net)
                  0.02    0.00    3.32 ^ _191442_/B2 (AOI21_X1)
     1    1.72    0.01    0.02    3.33 v _191442_/ZN (AOI21_X1)
                                         _106755_ (net)
                  0.01    0.00    3.33 v _191443_/B2 (OAI21_X1)
     1    1.77    0.02    0.03    3.37 ^ _191443_/ZN (OAI21_X1)
                                         _106756_ (net)
                  0.02    0.00    3.37 ^ _191444_/B2 (AOI21_X1)
     1    1.23    0.01    0.02    3.38 v _191444_/ZN (AOI21_X1)
                                         _106757_ (net)
                  0.01    0.00    3.38 v _191445_/A3 (OR3_X1)
     3    6.42    0.02    0.09    3.48 v _191445_/ZN (OR3_X1)
                                         _106758_ (net)
                  0.02    0.00    3.48 v _191446_/A3 (NOR3_X2)
     1    1.27    0.02    0.05    3.52 ^ _191446_/ZN (NOR3_X2)
                                         _106759_ (net)
                  0.02    0.00    3.52 ^ place3566/A (BUF_X1)
    13   35.56    0.08    0.11    3.63 ^ place3566/Z (BUF_X1)
                                         net3565 (net)
                  0.08    0.00    3.63 ^ _191876_/A (AOI21_X1)
     2    2.97    0.02    0.03    3.65 v _191876_/ZN (AOI21_X1)
                                         _107189_ (net)
                  0.02    0.00    3.65 v _191877_/A4 (AND4_X1)
     2    5.01    0.01    0.05    3.71 v _191877_/ZN (AND4_X1)
                                         _107190_ (net)
                  0.01    0.00    3.71 v _191939_/A2 (NOR2_X1)
     2    4.71    0.03    0.04    3.75 ^ _191939_/ZN (NOR2_X1)
                                         _107252_ (net)
                  0.03    0.00    3.75 ^ _192048_/A (OAI21_X2)
    14   33.39    0.05    0.06    3.81 v _192048_/ZN (OAI21_X2)
                                         _107360_ (net)
                  0.05    0.00    3.81 v _192049_/A (INV_X2)
    19   50.90    0.06    0.09    3.90 ^ _192049_/ZN (INV_X2)
                                         _107361_ (net)
                  0.06    0.00    3.90 ^ _281673_/B (HA_X1)
     2    4.78    0.02    0.05    3.95 ^ _281673_/CO (HA_X1)
                                         _009637_ (net)
                  0.02    0.00    3.95 ^ _250114_/B1 (OAI21_X1)
     1    1.55    0.01    0.02    3.97 v _250114_/ZN (OAI21_X1)
                                         _060846_ (net)
                  0.01    0.00    3.97 v _250115_/B2 (AOI21_X1)
     2    4.98    0.04    0.05    4.01 ^ _250115_/ZN (AOI21_X1)
                                         _060847_ (net)
                  0.04    0.00    4.01 ^ _250116_/A2 (NOR2_X1)
     1    1.71    0.01    0.01    4.03 v _250116_/ZN (NOR2_X1)
                                         _060848_ (net)
                  0.01    0.00    4.03 v _250117_/B2 (OAI21_X1)
     1    1.89    0.02    0.03    4.06 ^ _250117_/ZN (OAI21_X1)
                                         _060849_ (net)
                  0.02    0.00    4.06 ^ _250118_/A (INV_X1)
     2    2.96    0.01    0.01    4.07 v _250118_/ZN (INV_X1)
                                         _060850_ (net)
                  0.01    0.00    4.07 v _250119_/B2 (OAI21_X1)
     2    3.61    0.03    0.04    4.11 ^ _250119_/ZN (OAI21_X1)
                                         _060851_ (net)
                  0.03    0.00    4.11 ^ _250120_/A2 (NAND2_X1)
     1    1.93    0.01    0.02    4.13 v _250120_/ZN (NAND2_X1)
                                         _060852_ (net)
                  0.01    0.00    4.13 v _250121_/B1 (AOI21_X1)
     2    3.43    0.03    0.03    4.17 ^ _250121_/ZN (AOI21_X1)
                                         _060853_ (net)
                  0.03    0.00    4.17 ^ _250122_/B2 (OAI21_X1)
     1    1.33    0.01    0.02    4.19 v _250122_/ZN (OAI21_X1)
                                         _060854_ (net)
                  0.01    0.00    4.19 v _250123_/A3 (AND3_X1)
     1    1.73    0.01    0.04    4.22 v _250123_/ZN (AND3_X1)
                                         _060855_ (net)
                  0.01    0.00    4.22 v _250128_/A (AOI21_X1)
     3    5.12    0.04    0.06    4.28 ^ _250128_/ZN (AOI21_X1)
                                         _060860_ (net)
                  0.04    0.00    4.28 ^ _250696_/A1 (NOR4_X1)
     1    2.04    0.01    0.01    4.30 v _250696_/ZN (NOR4_X1)
                                         _061420_ (net)
                  0.01    0.00    4.30 v _250697_/A3 (NOR3_X1)
     6   11.92    0.10    0.13    4.43 ^ _250697_/ZN (NOR3_X1)
                                         _061421_ (net)
                  0.10    0.00    4.43 ^ _250698_/A2 (AND2_X1)
    12   23.79    0.06    0.10    4.53 ^ _250698_/ZN (AND2_X1)
                                         _061422_ (net)
                  0.06    0.00    4.53 ^ _250700_/A2 (NAND2_X1)
     4    6.89    0.03    0.04    4.56 v _250700_/ZN (NAND2_X1)
                                         _061424_ (net)
                  0.03    0.00    4.56 v _250714_/B3 (OAI33_X1)
     1    1.29    0.05    0.09    4.65 ^ _250714_/ZN (OAI33_X1)
                                         _031222_ (net)
                  0.05    0.00    4.65 ^ hidden_layer.neuron1.u_add23.sum_reg[21]$_SDFFE_PN0P_/D (DFF_X1)
                                  4.65   data arrival time

                         10.00   10.00   clock clk (rise edge)
                          0.00   10.00   clock source latency
     1   42.89    0.00    0.00   10.00 ^ clk (in)
                                         clk (net)
                  0.01    0.01   10.01 ^ wire5124/A (BUF_X8)
     1   34.31    0.01    0.03   10.04 ^ wire5124/Z (BUF_X8)
                                         net5123 (net)
                  0.01    0.01   10.04 ^ clkbuf_0_clk/A (CLKBUF_X3)
     4   42.02    0.03    0.06   10.11 ^ clkbuf_0_clk/Z (CLKBUF_X3)
                                         clknet_0_clk (net)
                  0.03    0.00   10.11 ^ clkbuf_2_0_0_clk/A (CLKBUF_X3)
     2   32.20    0.03    0.06   10.17 ^ clkbuf_2_0_0_clk/Z (CLKBUF_X3)
                                         clknet_2_0_0_clk (net)
                  0.03    0.01   10.17 ^ clkbuf_3_1_0_clk/A (CLKBUF_X3)
     8   51.56    0.04    0.07   10.25 ^ clkbuf_3_1_0_clk/Z (CLKBUF_X3)
                                         clknet_3_1_0_clk (net)
                  0.04    0.00   10.25 ^ clkbuf_6_15_0_clk/A (CLKBUF_X3)
    16   46.89    0.04    0.08   10.33 ^ clkbuf_6_15_0_clk/Z (CLKBUF_X3)
                                         clknet_6_15_0_clk (net)
                  0.04    0.00   10.33 ^ clkbuf_leaf_103_clk/A (CLKBUF_X3)
     7   10.44    0.01    0.05   10.38 ^ clkbuf_leaf_103_clk/Z (CLKBUF_X3)
                                         clknet_leaf_103_clk (net)
                  0.01    0.00   10.38 ^ hidden_layer.neuron1.u_add23.sum_reg[21]$_SDFFE_PN0P_/CK (DFF_X1)
                         -0.10   10.28   clock uncertainty
                          0.00   10.28   clock reconvergence pessimism
                         -0.04   10.24   library setup time
                                 10.24   data required time
-----------------------------------------------------------------------------
                                 10.24   data required time
                                 -4.65   data arrival time
-----------------------------------------------------------------------------
                                  5.59   slack (MET)



==========================================================================
cts final report_checks -unconstrained
--------------------------------------------------------------------------
Startpoint: hidden_layer.neuron1.u_add23.a_reg[30]$_SDFFE_PN0P_
            (rising edge-triggered flip-flop clocked by clk)
Endpoint: hidden_layer.neuron1.u_add23.sum_reg[21]$_SDFFE_PN0P_
          (rising edge-triggered flip-flop clocked by clk)
Path Group: clk
Path Type: max

Fanout     Cap    Slew   Delay    Time   Description
-----------------------------------------------------------------------------
                          0.00    0.00   clock clk (rise edge)
                          0.00    0.00   clock source latency
     1   42.89    0.00    0.00    0.00 ^ clk (in)
                                         clk (net)
                  0.01    0.01    0.01 ^ wire5124/A (BUF_X8)
     1   34.31    0.01    0.03    0.04 ^ wire5124/Z (BUF_X8)
                                         net5123 (net)
                  0.01    0.01    0.04 ^ clkbuf_0_clk/A (CLKBUF_X3)
     4   42.02    0.03    0.06    0.11 ^ clkbuf_0_clk/Z (CLKBUF_X3)
                                         clknet_0_clk (net)
                  0.03    0.00    0.11 ^ clkbuf_2_0_0_clk/A (CLKBUF_X3)
     2   32.20    0.03    0.06    0.17 ^ clkbuf_2_0_0_clk/Z (CLKBUF_X3)
                                         clknet_2_0_0_clk (net)
                  0.03    0.01    0.17 ^ clkbuf_3_1_0_clk/A (CLKBUF_X3)
     8   51.56    0.04    0.07    0.25 ^ clkbuf_3_1_0_clk/Z (CLKBUF_X3)
                                         clknet_3_1_0_clk (net)
                  0.04    0.01    0.25 ^ clkbuf_6_13_0_clk/A (CLKBUF_X3)
    16   47.56    0.04    0.08    0.33 ^ clkbuf_6_13_0_clk/Z (CLKBUF_X3)
                                         clknet_6_13_0_clk (net)
                  0.04    0.00    0.33 ^ clkbuf_leaf_82_clk/A (CLKBUF_X3)
     8   10.75    0.01    0.05    0.38 ^ clkbuf_leaf_82_clk/Z (CLKBUF_X3)
                                         clknet_leaf_82_clk (net)
                  0.01    0.00    0.38 ^ hidden_layer.neuron1.u_add23.a_reg[30]$_SDFFE_PN0P_/CK (DFF_X1)
     6   14.73    0.04    0.12    0.50 ^ hidden_layer.neuron1.u_add23.a_reg[30]$_SDFFE_PN0P_/Q (DFF_X1)
                                         hidden_layer.neuron1.u_add23.a_reg[30] (net)
                  0.04    0.00    0.50 ^ _286722_/B (HA_X1)
     3    7.27    0.05    0.08    0.58 ^ _286722_/S (HA_X1)
                                         _027060_ (net)
                  0.05    0.00    0.58 ^ _157441_/A1 (AND3_X2)
     3    6.53    0.01    0.06    0.64 ^ _157441_/ZN (AND3_X2)
                                         _073662_ (net)
                  0.01    0.00    0.64 ^ _157459_/A3 (NAND4_X1)
     1    3.50    0.02    0.04    0.67 v _157459_/ZN (NAND4_X1)
                                         _073680_ (net)
                  0.02    0.00    0.67 v _157460_/A3 (NOR3_X2)
    14   26.40    0.11    0.15    0.82 ^ _157460_/ZN (NOR3_X2)
                                         _073681_ (net)
                  0.11    0.00    0.82 ^ _157461_/A2 (AND2_X1)
    16   30.53    0.07    0.12    0.94 ^ _157461_/ZN (AND2_X1)
                                         _073682_ (net)
                  0.07    0.00    0.94 ^ _157654_/A2 (OR2_X1)
     9   16.93    0.04    0.07    1.01 ^ _157654_/ZN (OR2_X1)
                                         _073875_ (net)
                  0.04    0.00    1.01 ^ _166107_/A1 (NAND2_X1)
    17   33.73    0.06    0.09    1.10 v _166107_/ZN (NAND2_X1)
                                         _082215_ (net)
                  0.06    0.00    1.11 v _178458_/A2 (AND2_X1)
     1    1.91    0.01    0.05    1.16 v _178458_/ZN (AND2_X1)
                                         _094292_ (net)
                  0.01    0.00    1.16 v _178461_/A (AOI21_X1)
     5   12.74    0.07    0.10    1.26 ^ _178461_/ZN (AOI21_X1)
                                         _020914_ (net)
                  0.07    0.00    1.26 ^ _178462_/A (INV_X1)
     3   10.06    0.02    0.03    1.29 v _178462_/ZN (INV_X1)
                                         _023023_ (net)
                  0.02    0.00    1.29 v _284276_/A (HA_X1)
     7   16.45    0.09    0.11    1.40 ^ _284276_/S (HA_X1)
                                         _023026_ (net)
                  0.09    0.00    1.40 ^ _157552_/A2 (NOR2_X1)
     1    1.85    0.02    0.01    1.41 v _157552_/ZN (NOR2_X1)
                                         _073773_ (net)
                  0.02    0.00    1.41 v _157553_/A2 (NOR2_X1)
     3    5.52    0.03    0.05    1.46 ^ _157553_/ZN (NOR2_X1)
                                         _073774_ (net)
                  0.03    0.00    1.46 ^ _157556_/B1 (AOI21_X1)
     1    1.91    0.01    0.02    1.48 v _157556_/ZN (AOI21_X1)
                                         _073777_ (net)
                  0.01    0.00    1.48 v _157559_/B2 (AOI221_X1)
     2    3.31    0.05    0.09    1.58 ^ _157559_/ZN (AOI221_X1)
                                         _073780_ (net)
                  0.05    0.00    1.58 ^ _157641_/A1 (NOR2_X1)
     3    8.25    0.02    0.03    1.60 v _157641_/ZN (NOR2_X1)
                                         _073862_ (net)
                  0.02    0.00    1.60 v _157647_/A2 (AOI22_X2)
    11   25.49    0.07    0.10    1.70 ^ _157647_/ZN (AOI22_X2)
                                         _073868_ (net)
                  0.07    0.00    1.70 ^ place3845/A (BUF_X1)
    14   37.50    0.09    0.12    1.82 ^ place3845/Z (BUF_X1)
                                         net3844 (net)
                  0.09    0.00    1.82 ^ _157701_/A2 (NOR3_X1)
     2    2.50    0.02    0.02    1.84 v _157701_/ZN (NOR3_X1)
                                         _073922_ (net)
                  0.02    0.00    1.84 v _157708_/A1 (OR2_X1)
     3    5.52    0.01    0.06    1.90 v _157708_/ZN (OR2_X1)
                                         _073929_ (net)
                  0.01    0.00    1.90 v _178505_/B (MUX2_X1)
     1    1.59    0.01    0.06    1.96 v _178505_/Z (MUX2_X1)
                                         _094336_ (net)
                  0.01    0.00    1.96 v _178506_/B1 (AOI21_X1)
     3    4.91    0.04    0.04    2.00 ^ _178506_/ZN (AOI21_X1)
                                         _094337_ (net)
                  0.04    0.00    2.00 ^ _178507_/B (MUX2_X1)
     1    1.84    0.01    0.04    2.04 ^ _178507_/Z (MUX2_X1)
                                         _094338_ (net)
                  0.01    0.00    2.04 ^ _178508_/B1 (OAI22_X1)
     1    2.50    0.02    0.02    2.06 v _178508_/ZN (OAI22_X1)
                                         _094339_ (net)
                  0.02    0.00    2.06 v _178513_/B1 (AOI22_X1)
     2    6.33    0.05    0.07    2.13 ^ _178513_/ZN (AOI22_X1)
                                         _023264_ (net)
                  0.05    0.00    2.13 ^ _284407_/B (HA_X1)
     7   17.17    0.09    0.13    2.26 ^ _284407_/S (HA_X1)
                                         _023266_ (net)
                  0.09    0.00    2.27 ^ _191468_/A (OAI21_X1)
     2    2.62    0.02    0.03    2.30 v _191468_/ZN (OAI21_X1)
                                         _106781_ (net)
                  0.02    0.00    2.30 v _191469_/B2 (AOI21_X1)
     2    4.04    0.03    0.05    2.35 ^ _191469_/ZN (AOI21_X1)
                                         _106782_ (net)
                  0.03    0.00    2.35 ^ _191470_/A (INV_X1)
     3    5.64    0.01    0.02    2.37 v _191470_/ZN (INV_X1)
                                         _106783_ (net)
                  0.01    0.00    2.37 v _191471_/B2 (AOI21_X1)
     2    3.73    0.03    0.04    2.41 ^ _191471_/ZN (AOI21_X1)
                                         _106784_ (net)
                  0.03    0.00    2.41 ^ _191472_/A2 (NAND2_X1)
     6    9.00    0.03    0.04    2.44 v _191472_/ZN (NAND2_X1)
                                         _106785_ (net)
                  0.03    0.00    2.44 v _191616_/B1 (OAI22_X1)
     1    1.79    0.03    0.05    2.49 ^ _191616_/ZN (OAI22_X1)
                                         _106929_ (net)
                  0.03    0.00    2.49 ^ _191617_/A2 (NOR2_X1)
     2    3.47    0.01    0.02    2.51 v _191617_/ZN (NOR2_X1)
                                         _106930_ (net)
                  0.01    0.00    2.51 v _191621_/A (OAI21_X1)
     3    6.26    0.04    0.03    2.54 ^ _191621_/ZN (OAI21_X1)
                                         _106934_ (net)
                  0.04    0.00    2.54 ^ _191622_/A2 (NAND2_X1)
     4    6.04    0.03    0.03    2.57 v _191622_/ZN (NAND2_X1)
                                         _106935_ (net)
                  0.03    0.00    2.57 v _191660_/A1 (OR2_X1)
     2    5.19    0.01    0.06    2.63 v _191660_/ZN (OR2_X1)
                                         _106973_ (net)
                  0.01    0.00    2.63 v _191667_/A3 (NOR3_X2)
     4   10.73    0.05    0.08    2.71 ^ _191667_/ZN (NOR3_X2)
                                         _106980_ (net)
                  0.05    0.00    2.71 ^ _191668_/B2 (OAI21_X1)
     3    5.93    0.02    0.04    2.75 v _191668_/ZN (OAI21_X1)
                                         _106981_ (net)
                  0.02    0.00    2.75 v _191743_/B2 (AOI21_X1)
     2    4.47    0.03    0.05    2.80 ^ _191743_/ZN (AOI21_X1)
                                         _107056_ (net)
                  0.03    0.00    2.80 ^ _191744_/B (XNOR2_X1)
     2    5.49    0.04    0.05    2.86 ^ _191744_/ZN (XNOR2_X1)
                                         _107057_ (net)
                  0.04    0.00    2.86 ^ _191902_/A4 (AND4_X1)
     2    5.26    0.02    0.07    2.93 ^ _191902_/ZN (AND4_X1)
                                         _107215_ (net)
                  0.02    0.00    2.93 ^ _191903_/C2 (OAI211_X2)
    13   22.43    0.04    0.05    2.98 v _191903_/ZN (OAI211_X2)
                                         _107216_ (net)
                  0.04    0.00    2.99 v _191937_/A1 (OR3_X1)
     1    3.24    0.01    0.08    3.07 v _191937_/ZN (OR3_X1)
                                         _107250_ (net)
                  0.01    0.00    3.07 v _191938_/B2 (AOI21_X2)
    14   46.93    0.12    0.14    3.21 ^ _191938_/ZN (AOI21_X2)
                                         _107251_ (net)
                  0.12    0.00    3.21 ^ _197484_/B1 (AOI21_X1)
     1    4.07    0.03    0.03    3.24 v _197484_/ZN (AOI21_X1)
                                         _020064_ (net)
                  0.03    0.00    3.24 v _282162_/A (HA_X1)
     1    1.59    0.01    0.04    3.28 v _282162_/CO (HA_X1)
                                         _020065_ (net)
                  0.01    0.00    3.28 v _191441_/B2 (OAI21_X1)
     1    2.08    0.02    0.03    3.32 ^ _191441_/ZN (OAI21_X1)
                                         _106754_ (net)
                  0.02    0.00    3.32 ^ _191442_/B2 (AOI21_X1)
     1    1.72    0.01    0.02    3.33 v _191442_/ZN (AOI21_X1)
                                         _106755_ (net)
                  0.01    0.00    3.33 v _191443_/B2 (OAI21_X1)
     1    1.77    0.02    0.03    3.37 ^ _191443_/ZN (OAI21_X1)
                                         _106756_ (net)
                  0.02    0.00    3.37 ^ _191444_/B2 (AOI21_X1)
     1    1.23    0.01    0.02    3.38 v _191444_/ZN (AOI21_X1)
                                         _106757_ (net)
                  0.01    0.00    3.38 v _191445_/A3 (OR3_X1)
     3    6.42    0.02    0.09    3.48 v _191445_/ZN (OR3_X1)
                                         _106758_ (net)
                  0.02    0.00    3.48 v _191446_/A3 (NOR3_X2)
     1    1.27    0.02    0.05    3.52 ^ _191446_/ZN (NOR3_X2)
                                         _106759_ (net)
                  0.02    0.00    3.52 ^ place3566/A (BUF_X1)
    13   35.56    0.08    0.11    3.63 ^ place3566/Z (BUF_X1)
                                         net3565 (net)
                  0.08    0.00    3.63 ^ _191876_/A (AOI21_X1)
     2    2.97    0.02    0.03    3.65 v _191876_/ZN (AOI21_X1)
                                         _107189_ (net)
                  0.02    0.00    3.65 v _191877_/A4 (AND4_X1)
     2    5.01    0.01    0.05    3.71 v _191877_/ZN (AND4_X1)
                                         _107190_ (net)
                  0.01    0.00    3.71 v _191939_/A2 (NOR2_X1)
     2    4.71    0.03    0.04    3.75 ^ _191939_/ZN (NOR2_X1)
                                         _107252_ (net)
                  0.03    0.00    3.75 ^ _192048_/A (OAI21_X2)
    14   33.39    0.05    0.06    3.81 v _192048_/ZN (OAI21_X2)
                                         _107360_ (net)
                  0.05    0.00    3.81 v _192049_/A (INV_X2)
    19   50.90    0.06    0.09    3.90 ^ _192049_/ZN (INV_X2)
                                         _107361_ (net)
                  0.06    0.00    3.90 ^ _281673_/B (HA_X1)
     2    4.78    0.02    0.05    3.95 ^ _281673_/CO (HA_X1)
                                         _009637_ (net)
                  0.02    0.00    3.95 ^ _250114_/B1 (OAI21_X1)
     1    1.55    0.01    0.02    3.97 v _250114_/ZN (OAI21_X1)
                                         _060846_ (net)
                  0.01    0.00    3.97 v _250115_/B2 (AOI21_X1)
     2    4.98    0.04    0.05    4.01 ^ _250115_/ZN (AOI21_X1)
                                         _060847_ (net)
                  0.04    0.00    4.01 ^ _250116_/A2 (NOR2_X1)
     1    1.71    0.01    0.01    4.03 v _250116_/ZN (NOR2_X1)
                                         _060848_ (net)
                  0.01    0.00    4.03 v _250117_/B2 (OAI21_X1)
     1    1.89    0.02    0.03    4.06 ^ _250117_/ZN (OAI21_X1)
                                         _060849_ (net)
                  0.02    0.00    4.06 ^ _250118_/A (INV_X1)
     2    2.96    0.01    0.01    4.07 v _250118_/ZN (INV_X1)
                                         _060850_ (net)
                  0.01    0.00    4.07 v _250119_/B2 (OAI21_X1)
     2    3.61    0.03    0.04    4.11 ^ _250119_/ZN (OAI21_X1)
                                         _060851_ (net)
                  0.03    0.00    4.11 ^ _250120_/A2 (NAND2_X1)
     1    1.93    0.01    0.02    4.13 v _250120_/ZN (NAND2_X1)
                                         _060852_ (net)
                  0.01    0.00    4.13 v _250121_/B1 (AOI21_X1)
     2    3.43    0.03    0.03    4.17 ^ _250121_/ZN (AOI21_X1)
                                         _060853_ (net)
                  0.03    0.00    4.17 ^ _250122_/B2 (OAI21_X1)
     1    1.33    0.01    0.02    4.19 v _250122_/ZN (OAI21_X1)
                                         _060854_ (net)
                  0.01    0.00    4.19 v _250123_/A3 (AND3_X1)
     1    1.73    0.01    0.04    4.22 v _250123_/ZN (AND3_X1)
                                         _060855_ (net)
                  0.01    0.00    4.22 v _250128_/A (AOI21_X1)
     3    5.12    0.04    0.06    4.28 ^ _250128_/ZN (AOI21_X1)
                                         _060860_ (net)
                  0.04    0.00    4.28 ^ _250696_/A1 (NOR4_X1)
     1    2.04    0.01    0.01    4.30 v _250696_/ZN (NOR4_X1)
                                         _061420_ (net)
                  0.01    0.00    4.30 v _250697_/A3 (NOR3_X1)
     6   11.92    0.10    0.13    4.43 ^ _250697_/ZN (NOR3_X1)
                                         _061421_ (net)
                  0.10    0.00    4.43 ^ _250698_/A2 (AND2_X1)
    12   23.79    0.06    0.10    4.53 ^ _250698_/ZN (AND2_X1)
                                         _061422_ (net)
                  0.06    0.00    4.53 ^ _250700_/A2 (NAND2_X1)
     4    6.89    0.03    0.04    4.56 v _250700_/ZN (NAND2_X1)
                                         _061424_ (net)
                  0.03    0.00    4.56 v _250714_/B3 (OAI33_X1)
     1    1.29    0.05    0.09    4.65 ^ _250714_/ZN (OAI33_X1)
                                         _031222_ (net)
                  0.05    0.00    4.65 ^ hidden_layer.neuron1.u_add23.sum_reg[21]$_SDFFE_PN0P_/D (DFF_X1)
                                  4.65   data arrival time

                         10.00   10.00   clock clk (rise edge)
                          0.00   10.00   clock source latency
     1   42.89    0.00    0.00   10.00 ^ clk (in)
                                         clk (net)
                  0.01    0.01   10.01 ^ wire5124/A (BUF_X8)
     1   34.31    0.01    0.03   10.04 ^ wire5124/Z (BUF_X8)
                                         net5123 (net)
                  0.01    0.01   10.04 ^ clkbuf_0_clk/A (CLKBUF_X3)
     4   42.02    0.03    0.06   10.11 ^ clkbuf_0_clk/Z (CLKBUF_X3)
                                         clknet_0_clk (net)
                  0.03    0.00   10.11 ^ clkbuf_2_0_0_clk/A (CLKBUF_X3)
     2   32.20    0.03    0.06   10.17 ^ clkbuf_2_0_0_clk/Z (CLKBUF_X3)
                                         clknet_2_0_0_clk (net)
                  0.03    0.01   10.17 ^ clkbuf_3_1_0_clk/A (CLKBUF_X3)
     8   51.56    0.04    0.07   10.25 ^ clkbuf_3_1_0_clk/Z (CLKBUF_X3)
                                         clknet_3_1_0_clk (net)
                  0.04    0.00   10.25 ^ clkbuf_6_15_0_clk/A (CLKBUF_X3)
    16   46.89    0.04    0.08   10.33 ^ clkbuf_6_15_0_clk/Z (CLKBUF_X3)
                                         clknet_6_15_0_clk (net)
                  0.04    0.00   10.33 ^ clkbuf_leaf_103_clk/A (CLKBUF_X3)
     7   10.44    0.01    0.05   10.38 ^ clkbuf_leaf_103_clk/Z (CLKBUF_X3)
                                         clknet_leaf_103_clk (net)
                  0.01    0.00   10.38 ^ hidden_layer.neuron1.u_add23.sum_reg[21]$_SDFFE_PN0P_/CK (DFF_X1)
                         -0.10   10.28   clock uncertainty
                          0.00   10.28   clock reconvergence pessimism
                         -0.04   10.24   library setup time
                                 10.24   data required time
-----------------------------------------------------------------------------
                                 10.24   data required time
                                 -4.65   data arrival time
-----------------------------------------------------------------------------
                                  5.59   slack (MET)



==========================================================================
cts final report_check_types -max_slew -max_cap -max_fanout -violators
--------------------------------------------------------------------------
max capacitance

Pin                                    Limit     Cap   Slack
------------------------------------------------------------
_177455_/ZN                            52.03   53.25   -1.21 (VIOLATED)


==========================================================================
cts final max_slew_check_slack
--------------------------------------------------------------------------
0.06165827810764313

==========================================================================
cts final max_slew_check_limit
--------------------------------------------------------------------------
0.1985349953174591

==========================================================================
cts final max_slew_check_slack_limit
--------------------------------------------------------------------------
0.3106

==========================================================================
cts final max_fanout_check_slack
--------------------------------------------------------------------------
1.0000000150474662e+30

==========================================================================
cts final max_fanout_check_limit
--------------------------------------------------------------------------
1.0000000150474662e+30

==========================================================================
cts final max_capacitance_check_slack
--------------------------------------------------------------------------
-1.2143945693969727

==========================================================================
cts final max_capacitance_check_limit
--------------------------------------------------------------------------
52.032501220703125

==========================================================================
cts final max_capacitance_check_slack_limit
--------------------------------------------------------------------------
-0.0233

==========================================================================
cts final max_slew_violation_count
--------------------------------------------------------------------------
max slew violation count 0

==========================================================================
cts final max_fanout_violation_count
--------------------------------------------------------------------------
max fanout violation count 0

==========================================================================
cts final max_cap_violation_count
--------------------------------------------------------------------------
max cap violation count 1

==========================================================================
cts final setup_violation_count
--------------------------------------------------------------------------
setup violation count 0

==========================================================================
cts final hold_violation_count
--------------------------------------------------------------------------
hold violation count 0

==========================================================================
cts final report_checks -path_delay max reg to reg
--------------------------------------------------------------------------
Startpoint: hidden_layer.neuron1.u_add23.a_reg[30]$_SDFFE_PN0P_
            (rising edge-triggered flip-flop clocked by clk)
Endpoint: hidden_layer.neuron1.u_add23.sum_reg[21]$_SDFFE_PN0P_
          (rising edge-triggered flip-flop clocked by clk)
Path Group: clk
Path Type: max

  Delay    Time   Description
---------------------------------------------------------
   0.00    0.00   clock clk (rise edge)
   0.00    0.00   clock source latency
   0.00    0.00 ^ clk (in)
   0.04    0.04 ^ wire5124/Z (BUF_X8)
   0.07    0.11 ^ clkbuf_0_clk/Z (CLKBUF_X3)
   0.06    0.17 ^ clkbuf_2_0_0_clk/Z (CLKBUF_X3)
   0.08    0.25 ^ clkbuf_3_1_0_clk/Z (CLKBUF_X3)
   0.08    0.33 ^ clkbuf_6_13_0_clk/Z (CLKBUF_X3)
   0.05    0.38 ^ clkbuf_leaf_82_clk/Z (CLKBUF_X3)
   0.00    0.38 ^ hidden_layer.neuron1.u_add23.a_reg[30]$_SDFFE_PN0P_/CK (DFF_X1)
   0.12    0.50 ^ hidden_layer.neuron1.u_add23.a_reg[30]$_SDFFE_PN0P_/Q (DFF_X1)
   0.08    0.58 ^ _286722_/S (HA_X1)
   0.06    0.64 ^ _157441_/ZN (AND3_X2)
   0.04    0.67 v _157459_/ZN (NAND4_X1)
   0.15    0.82 ^ _157460_/ZN (NOR3_X2)
   0.12    0.94 ^ _157461_/ZN (AND2_X1)
   0.07    1.01 ^ _157654_/ZN (OR2_X1)
   0.09    1.10 v _166107_/ZN (NAND2_X1)
   0.06    1.16 v _178458_/ZN (AND2_X1)
   0.10    1.26 ^ _178461_/ZN (AOI21_X1)
   0.03    1.29 v _178462_/ZN (INV_X1)
   0.11    1.40 ^ _284276_/S (HA_X1)
   0.01    1.41 v _157552_/ZN (NOR2_X1)
   0.05    1.46 ^ _157553_/ZN (NOR2_X1)
   0.02    1.48 v _157556_/ZN (AOI21_X1)
   0.09    1.58 ^ _157559_/ZN (AOI221_X1)
   0.03    1.60 v _157641_/ZN (NOR2_X1)
   0.10    1.70 ^ _157647_/ZN (AOI22_X2)
   0.12    1.82 ^ place3845/Z (BUF_X1)
   0.02    1.84 v _157701_/ZN (NOR3_X1)
   0.06    1.90 v _157708_/ZN (OR2_X1)
   0.06    1.96 v _178505_/Z (MUX2_X1)
   0.04    2.00 ^ _178506_/ZN (AOI21_X1)
   0.04    2.04 ^ _178507_/Z (MUX2_X1)
   0.02    2.06 v _178508_/ZN (OAI22_X1)
   0.07    2.13 ^ _178513_/ZN (AOI22_X1)
   0.13    2.26 ^ _284407_/S (HA_X1)
   0.03    2.30 v _191468_/ZN (OAI21_X1)
   0.05    2.35 ^ _191469_/ZN (AOI21_X1)
   0.02    2.37 v _191470_/ZN (INV_X1)
   0.04    2.41 ^ _191471_/ZN (AOI21_X1)
   0.04    2.44 v _191472_/ZN (NAND2_X1)
   0.05    2.49 ^ _191616_/ZN (OAI22_X1)
   0.02    2.51 v _191617_/ZN (NOR2_X1)
   0.03    2.54 ^ _191621_/ZN (OAI21_X1)
   0.03    2.57 v _191622_/ZN (NAND2_X1)
   0.06    2.63 v _191660_/ZN (OR2_X1)
   0.08    2.71 ^ _191667_/ZN (NOR3_X2)
   0.04    2.75 v _191668_/ZN (OAI21_X1)
   0.05    2.80 ^ _191743_/ZN (AOI21_X1)
   0.05    2.86 ^ _191744_/ZN (XNOR2_X1)
   0.07    2.93 ^ _191902_/ZN (AND4_X1)
   0.05    2.98 v _191903_/ZN (OAI211_X2)
   0.08    3.07 v _191937_/ZN (OR3_X1)
   0.14    3.21 ^ _191938_/ZN (AOI21_X2)
   0.03    3.24 v _197484_/ZN (AOI21_X1)
   0.04    3.28 v _282162_/CO (HA_X1)
   0.03    3.32 ^ _191441_/ZN (OAI21_X1)
   0.02    3.33 v _191442_/ZN (AOI21_X1)
   0.03    3.37 ^ _191443_/ZN (OAI21_X1)
   0.02    3.38 v _191444_/ZN (AOI21_X1)
   0.09    3.48 v _191445_/ZN (OR3_X1)
   0.05    3.52 ^ _191446_/ZN (NOR3_X2)
   0.11    3.63 ^ place3566/Z (BUF_X1)
   0.03    3.65 v _191876_/ZN (AOI21_X1)
   0.05    3.71 v _191877_/ZN (AND4_X1)
   0.04    3.75 ^ _191939_/ZN (NOR2_X1)
   0.06    3.81 v _192048_/ZN (OAI21_X2)
   0.09    3.90 ^ _192049_/ZN (INV_X2)
   0.05    3.95 ^ _281673_/CO (HA_X1)
   0.02    3.97 v _250114_/ZN (OAI21_X1)
   0.05    4.01 ^ _250115_/ZN (AOI21_X1)
   0.01    4.03 v _250116_/ZN (NOR2_X1)
   0.03    4.06 ^ _250117_/ZN (OAI21_X1)
   0.01    4.07 v _250118_/ZN (INV_X1)
   0.04    4.11 ^ _250119_/ZN (OAI21_X1)
   0.02    4.13 v _250120_/ZN (NAND2_X1)
   0.03    4.17 ^ _250121_/ZN (AOI21_X1)
   0.02    4.19 v _250122_/ZN (OAI21_X1)
   0.04    4.22 v _250123_/ZN (AND3_X1)
   0.06    4.28 ^ _250128_/ZN (AOI21_X1)
   0.01    4.30 v _250696_/ZN (NOR4_X1)
   0.13    4.43 ^ _250697_/ZN (NOR3_X1)
   0.10    4.53 ^ _250698_/ZN (AND2_X1)
   0.04    4.56 v _250700_/ZN (NAND2_X1)
   0.09    4.65 ^ _250714_/ZN (OAI33_X1)
   0.00    4.65 ^ hidden_layer.neuron1.u_add23.sum_reg[21]$_SDFFE_PN0P_/D (DFF_X1)
           4.65   data arrival time

  10.00   10.00   clock clk (rise edge)
   0.00   10.00   clock source latency
   0.00   10.00 ^ clk (in)
   0.04   10.04 ^ wire5124/Z (BUF_X8)
   0.07   10.11 ^ clkbuf_0_clk/Z (CLKBUF_X3)
   0.06   10.17 ^ clkbuf_2_0_0_clk/Z (CLKBUF_X3)
   0.08   10.25 ^ clkbuf_3_1_0_clk/Z (CLKBUF_X3)
   0.08   10.33 ^ clkbuf_6_15_0_clk/Z (CLKBUF_X3)
   0.05   10.38 ^ clkbuf_leaf_103_clk/Z (CLKBUF_X3)
   0.00   10.38 ^ hidden_layer.neuron1.u_add23.sum_reg[21]$_SDFFE_PN0P_/CK (DFF_X1)
  -0.10   10.28   clock uncertainty
   0.00   10.28   clock reconvergence pessimism
  -0.04   10.24   library setup time
          10.24   data required time
---------------------------------------------------------
          10.24   data required time
          -4.65   data arrival time
---------------------------------------------------------
           5.59   slack (MET)



==========================================================================
cts final report_checks -path_delay min reg to reg
--------------------------------------------------------------------------
Startpoint: hidden_layer.neuron0.u_add_bias.sum_reg[30]$_SDFFE_PN0P_
            (rising edge-triggered flip-flop clocked by clk)
Endpoint: hidden_layer.neuron0.u_relu.data_out[30]$_SDFF_PP0_
          (rising edge-triggered flip-flop clocked by clk)
Path Group: clk
Path Type: min

  Delay    Time   Description
---------------------------------------------------------
   0.00    0.00   clock clk (rise edge)
   0.00    0.00   clock source latency
   0.00    0.00 ^ clk (in)
   0.04    0.04 ^ wire5124/Z (BUF_X8)
   0.07    0.11 ^ clkbuf_0_clk/Z (CLKBUF_X3)
   0.06    0.17 ^ clkbuf_2_0_0_clk/Z (CLKBUF_X3)
   0.08    0.25 ^ clkbuf_3_1_0_clk/Z (CLKBUF_X3)
   0.08    0.33 ^ clkbuf_6_10_0_clk/Z (CLKBUF_X3)
   0.05    0.38 ^ clkbuf_leaf_779_clk/Z (CLKBUF_X3)
   0.00    0.38 ^ hidden_layer.neuron0.u_add_bias.sum_reg[30]$_SDFFE_PN0P_/CK (DFF_X1)
   0.08    0.46 v hidden_layer.neuron0.u_add_bias.sum_reg[30]$_SDFFE_PN0P_/Q (DFF_X1)
   0.02    0.48 ^ _244123_/ZN (INV_X1)
   0.01    0.49 v _264771_/ZN (NOR3_X1)
   0.00    0.49 v hidden_layer.neuron0.u_relu.data_out[30]$_SDFF_PP0_/D (DFF_X1)
           0.49   data arrival time

   0.00    0.00   clock clk (rise edge)
   0.00    0.00   clock source latency
   0.00    0.00 ^ clk (in)
   0.04    0.04 ^ wire5124/Z (BUF_X8)
   0.07    0.11 ^ clkbuf_0_clk/Z (CLKBUF_X3)
   0.06    0.17 ^ clkbuf_2_2_0_clk/Z (CLKBUF_X3)
   0.08    0.24 ^ clkbuf_3_4_0_clk/Z (CLKBUF_X3)
   0.09    0.33 ^ clkbuf_6_36_0_clk/Z (CLKBUF_X3)
   0.05    0.38 ^ clkbuf_leaf_758_clk/Z (CLKBUF_X3)
   0.00    0.38 ^ hidden_layer.neuron0.u_relu.data_out[30]$_SDFF_PP0_/CK (DFF_X1)
   0.10    0.48   clock uncertainty
   0.00    0.48   clock reconvergence pessimism
   0.00    0.49   library hold time
           0.49   data required time
---------------------------------------------------------
           0.49   data required time
          -0.49   data arrival time
---------------------------------------------------------
           0.00   slack (MET)



==========================================================================
cts final critical path target clock latency max path
--------------------------------------------------------------------------
0.3738

==========================================================================
cts final critical path target clock latency min path
--------------------------------------------------------------------------
0.3951

==========================================================================
cts final critical path source clock latency min path
--------------------------------------------------------------------------
0.0000

==========================================================================
cts final critical path delay
--------------------------------------------------------------------------
4.6502

==========================================================================
cts final critical path slack
--------------------------------------------------------------------------
5.5872

==========================================================================
cts final slack div critical path delay
--------------------------------------------------------------------------
120.149671

==========================================================================
cts final report_power
--------------------------------------------------------------------------
Group                  Internal  Switching    Leakage      Total
                          Power      Power      Power      Power (Watts)
----------------------------------------------------------------
Sequential             3.67e-03   2.75e-04   4.33e-04   4.38e-03  10.8%
Combinational          1.37e-02   1.57e-02   3.90e-03   3.33e-02  82.1%
Clock                  1.31e-03   1.55e-03   4.74e-05   2.91e-03   7.2%
Macro                  0.00e+00   0.00e+00   0.00e+00   0.00e+00   0.0%
Pad                    0.00e+00   0.00e+00   0.00e+00   0.00e+00   0.0%
----------------------------------------------------------------
Total                  1.87e-02   1.76e-02   4.38e-03   4.06e-02 100.0%
                          46.0%      43.2%      10.8%
