
==========================================================================
global route report_tns
--------------------------------------------------------------------------
tns max 0.00

==========================================================================
global route report_wns
--------------------------------------------------------------------------
wns max 0.00

==========================================================================
global route report_worst_slack
--------------------------------------------------------------------------
worst slack max 5.44

==========================================================================
global route report_clock_min_period
--------------------------------------------------------------------------
clk period_min = 4.56 fmax = 219.13

==========================================================================
global route report_clock_skew
--------------------------------------------------------------------------
Clock clk
   0.40 source latency hidden_layer.neuron0.u_add01.b_reg[31]$_SDFFE_PN0P_/CK ^
  -0.37 target latency hidden_layer.neuron0.u_add01.sum_reg[0]$_SDFFE_PN0P_/CK ^
   0.10 clock uncertainty
   0.00 CRPR
--------------
   0.13 setup skew


==========================================================================
global route report_checks -path_delay min
--------------------------------------------------------------------------
Startpoint: hidden_layer.neuron0.u_add_bias.sum_reg[26]$_SDFFE_PN0P_
            (rising edge-triggered flip-flop clocked by clk)
Endpoint: hidden_layer.neuron0.u_relu.data_out[26]$_SDFF_PP0_
          (rising edge-triggered flip-flop clocked by clk)
Path Group: clk
Path Type: min

Fanout     Cap    Slew   Delay    Time   Description
-----------------------------------------------------------------------------
                          0.00    0.00   clock clk (rise edge)
                          0.00    0.00   clock source latency
     1   44.77    0.00    0.00    0.00 ^ clk (in)
                                         clk (net)
                  0.01    0.01    0.01 ^ wire5124/A (BUF_X8)
     1   36.07    0.01    0.03    0.04 ^ wire5124/Z (BUF_X8)
                                         net5123 (net)
                  0.02    0.01    0.04 ^ clkbuf_0_clk/A (CLKBUF_X3)
     4   43.08    0.03    0.06    0.11 ^ clkbuf_0_clk/Z (CLKBUF_X3)
                                         clknet_0_clk (net)
                  0.03    0.00    0.11 ^ clkbuf_2_0_0_clk/A (CLKBUF_X3)
     2   33.52    0.03    0.06    0.17 ^ clkbuf_2_0_0_clk/Z (CLKBUF_X3)
                                         clknet_2_0_0_clk (net)
                  0.03    0.01    0.18 ^ clkbuf_3_1_0_clk/A (CLKBUF_X3)
     8   52.38    0.04    0.08    0.25 ^ clkbuf_3_1_0_clk/Z (CLKBUF_X3)
                                         clknet_3_1_0_clk (net)
                  0.04    0.00    0.26 ^ clkbuf_6_11_0_clk/A (CLKBUF_X3)
    18   53.08    0.04    0.08    0.34 ^ clkbuf_6_11_0_clk/Z (CLKBUF_X3)
                                         clknet_6_11_0_clk (net)
                  0.04    0.00    0.34 ^ clkbuf_leaf_777_clk/A (CLKBUF_X3)
     7   12.47    0.01    0.05    0.39 ^ clkbuf_leaf_777_clk/Z (CLKBUF_X3)
                                         clknet_leaf_777_clk (net)
                  0.01    0.00    0.39 ^ hidden_layer.neuron0.u_add_bias.sum_reg[26]$_SDFFE_PN0P_/CK (DFF_X1)
     1    1.64    0.01    0.08    0.48 v hidden_layer.neuron0.u_add_bias.sum_reg[26]$_SDFFE_PN0P_/Q (DFF_X1)
                                         hidden_layer.neuron0.sum_bias[26] (net)
                  0.01    0.00    0.48 v _244595_/A (INV_X1)
     2    5.09    0.01    0.02    0.50 ^ _244595_/ZN (INV_X1)
                                         _055967_ (net)
                  0.01    0.00    0.50 ^ _245009_/A1 (NOR3_X1)
     1    1.78    0.01    0.01    0.51 v _245009_/ZN (NOR3_X1)
                                         _030667_ (net)
                  0.01    0.00    0.51 v hidden_layer.neuron0.u_relu.data_out[26]$_SDFF_PP0_/D (DFF_X1)
                                  0.51   data arrival time

                          0.00    0.00   clock clk (rise edge)
                          0.00    0.00   clock source latency
     1   44.77    0.00    0.00    0.00 ^ clk (in)
                                         clk (net)
                  0.01    0.01    0.01 ^ wire5124/A (BUF_X8)
     1   36.07    0.01    0.03    0.04 ^ wire5124/Z (BUF_X8)
                                         net5123 (net)
                  0.02    0.01    0.04 ^ clkbuf_0_clk/A (CLKBUF_X3)
     4   43.08    0.03    0.06    0.11 ^ clkbuf_0_clk/Z (CLKBUF_X3)
                                         clknet_0_clk (net)
                  0.03    0.00    0.11 ^ clkbuf_2_2_0_clk/A (CLKBUF_X3)
     2   33.63    0.03    0.06    0.17 ^ clkbuf_2_2_0_clk/Z (CLKBUF_X3)
                                         clknet_2_2_0_clk (net)
                  0.03    0.01    0.18 ^ clkbuf_3_4_0_clk/A (CLKBUF_X3)
     8   47.77    0.04    0.07    0.25 ^ clkbuf_3_4_0_clk/Z (CLKBUF_X3)
                                         clknet_3_4_0_clk (net)
                  0.04    0.00    0.25 ^ clkbuf_6_36_0_clk/A (CLKBUF_X3)
    25   66.36    0.05    0.09    0.34 ^ clkbuf_6_36_0_clk/Z (CLKBUF_X3)
                                         clknet_6_36_0_clk (net)
                  0.05    0.00    0.35 ^ clkbuf_leaf_757_clk/A (CLKBUF_X3)
     8   12.94    0.01    0.05    0.40 ^ clkbuf_leaf_757_clk/Z (CLKBUF_X3)
                                         clknet_leaf_757_clk (net)
                  0.01    0.00    0.40 ^ hidden_layer.neuron0.u_relu.data_out[26]$_SDFF_PP0_/CK (DFF_X1)
                          0.10    0.50   clock uncertainty
                          0.00    0.50   clock reconvergence pessimism
                          0.00    0.51   library hold time
                                  0.51   data required time
-----------------------------------------------------------------------------
                                  0.51   data required time
                                 -0.51   data arrival time
-----------------------------------------------------------------------------
                                  0.00   slack (MET)



==========================================================================
global route report_checks -path_delay max
--------------------------------------------------------------------------
Startpoint: hidden_layer.neuron1.u_add23.a_reg[30]$_SDFFE_PN0P_
            (rising edge-triggered flip-flop clocked by clk)
Endpoint: hidden_layer.neuron1.u_add23.sum_reg[22]$_SDFFE_PN0P_
          (rising edge-triggered flip-flop clocked by clk)
Path Group: clk
Path Type: max

Fanout     Cap    Slew   Delay    Time   Description
-----------------------------------------------------------------------------
                          0.00    0.00   clock clk (rise edge)
                          0.00    0.00   clock source latency
     1   44.77    0.00    0.00    0.00 ^ clk (in)
                                         clk (net)
                  0.01    0.01    0.01 ^ wire5124/A (BUF_X8)
     1   36.07    0.01    0.03    0.04 ^ wire5124/Z (BUF_X8)
                                         net5123 (net)
                  0.02    0.01    0.04 ^ clkbuf_0_clk/A (CLKBUF_X3)
     4   43.08    0.03    0.06    0.11 ^ clkbuf_0_clk/Z (CLKBUF_X3)
                                         clknet_0_clk (net)
                  0.03    0.00    0.11 ^ clkbuf_2_0_0_clk/A (CLKBUF_X3)
     2   33.52    0.03    0.06    0.17 ^ clkbuf_2_0_0_clk/Z (CLKBUF_X3)
                                         clknet_2_0_0_clk (net)
                  0.03    0.01    0.18 ^ clkbuf_3_1_0_clk/A (CLKBUF_X3)
     8   52.38    0.04    0.08    0.25 ^ clkbuf_3_1_0_clk/Z (CLKBUF_X3)
                                         clknet_3_1_0_clk (net)
                  0.04    0.00    0.26 ^ clkbuf_6_13_0_clk/A (CLKBUF_X3)
    16   49.78    0.04    0.08    0.34 ^ clkbuf_6_13_0_clk/Z (CLKBUF_X3)
                                         clknet_6_13_0_clk (net)
                  0.04    0.00    0.34 ^ clkbuf_leaf_82_clk/A (CLKBUF_X3)
     8   11.84    0.01    0.05    0.39 ^ clkbuf_leaf_82_clk/Z (CLKBUF_X3)
                                         clknet_leaf_82_clk (net)
                  0.01    0.00    0.39 ^ hidden_layer.neuron1.u_add23.a_reg[30]$_SDFFE_PN0P_/CK (DFF_X1)
     6   14.86    0.04    0.12    0.51 ^ hidden_layer.neuron1.u_add23.a_reg[30]$_SDFFE_PN0P_/Q (DFF_X1)
                                         hidden_layer.neuron1.u_add23.a_reg[30] (net)
                  0.04    0.00    0.51 ^ _286722_/B (HA_X1)
     3    7.49    0.05    0.08    0.59 ^ _286722_/S (HA_X1)
                                         _027060_ (net)
                  0.05    0.00    0.59 ^ _157441_/A1 (AND3_X2)
     3    7.00    0.01    0.06    0.65 ^ _157441_/ZN (AND3_X2)
                                         _073662_ (net)
                  0.01    0.00    0.65 ^ _157459_/A3 (NAND4_X1)
     1    3.89    0.03    0.04    0.69 v _157459_/ZN (NAND4_X1)
                                         _073680_ (net)
                  0.03    0.00    0.69 v _157460_/A3 (NOR3_X2)
    14   28.35    0.11    0.15    0.84 ^ _157460_/ZN (NOR3_X2)
                                         _073681_ (net)
                  0.11    0.00    0.84 ^ _157461_/A2 (AND2_X1)
    16   31.78    0.07    0.12    0.96 ^ _157461_/ZN (AND2_X1)
                                         _073682_ (net)
                  0.07    0.00    0.96 ^ _157654_/A2 (OR2_X1)
     9   17.66    0.04    0.08    1.04 ^ _157654_/ZN (OR2_X1)
                                         _073875_ (net)
                  0.04    0.00    1.04 ^ _166107_/A1 (NAND2_X1)
    17   35.84    0.07    0.09    1.14 v _166107_/ZN (NAND2_X1)
                                         _082215_ (net)
                  0.07    0.00    1.14 v _178458_/A2 (AND2_X1)
     1    1.88    0.01    0.06    1.20 v _178458_/ZN (AND2_X1)
                                         _094292_ (net)
                  0.01    0.00    1.20 v _178461_/A (AOI21_X1)
     5   13.19    0.07    0.10    1.29 ^ _178461_/ZN (AOI21_X1)
                                         _020914_ (net)
                  0.07    0.00    1.29 ^ _178462_/A (INV_X1)
     3   10.46    0.02    0.03    1.33 v _178462_/ZN (INV_X1)
                                         _023023_ (net)
                  0.02    0.00    1.33 v _284276_/A (HA_X1)
     7   17.28    0.09    0.11    1.44 ^ _284276_/S (HA_X1)
                                         _023026_ (net)
                  0.09    0.00    1.44 ^ _157552_/A2 (NOR2_X1)
     1    2.06    0.02    0.01    1.46 v _157552_/ZN (NOR2_X1)
                                         _073773_ (net)
                  0.02    0.00    1.46 v _157553_/A2 (NOR2_X1)
     3    6.28    0.04    0.06    1.51 ^ _157553_/ZN (NOR2_X1)
                                         _073774_ (net)
                  0.04    0.00    1.51 ^ _157556_/B1 (AOI21_X1)
     1    2.13    0.01    0.02    1.53 v _157556_/ZN (AOI21_X1)
                                         _073777_ (net)
                  0.01    0.00    1.53 v _157559_/B2 (AOI221_X1)
     2    3.56    0.05    0.09    1.63 ^ _157559_/ZN (AOI221_X1)
                                         _073780_ (net)
                  0.05    0.00    1.63 ^ _157641_/A1 (NOR2_X1)
     3    8.98    0.02    0.03    1.66 v _157641_/ZN (NOR2_X1)
                                         _073862_ (net)
                  0.02    0.00    1.66 v _157647_/A2 (AOI22_X2)
    11   26.71    0.08    0.10    1.75 ^ _157647_/ZN (AOI22_X2)
                                         _073868_ (net)
                  0.08    0.00    1.76 ^ place3845/A (BUF_X1)
    14   38.22    0.09    0.12    1.88 ^ place3845/Z (BUF_X1)
                                         net3844 (net)
                  0.09    0.00    1.88 ^ _157701_/A2 (NOR3_X1)
     2    3.27    0.02    0.02    1.90 v _157701_/ZN (NOR3_X1)
                                         _073922_ (net)
                  0.02    0.00    1.90 v _157708_/A1 (OR2_X1)
     3    5.83    0.01    0.06    1.96 v _157708_/ZN (OR2_X1)
                                         _073929_ (net)
                  0.01    0.00    1.96 v _178505_/B (MUX2_X1)
     1    1.64    0.01    0.06    2.02 v _178505_/Z (MUX2_X1)
                                         _094336_ (net)
                  0.01    0.00    2.02 v _178506_/B1 (AOI21_X1)
     3    5.39    0.04    0.05    2.06 ^ _178506_/ZN (AOI21_X1)
                                         _094337_ (net)
                  0.04    0.00    2.06 ^ _178507_/B (MUX2_X1)
     1    1.97    0.01    0.04    2.11 ^ _178507_/Z (MUX2_X1)
                                         _094338_ (net)
                  0.01    0.00    2.11 ^ _178508_/B1 (OAI22_X1)
     1    2.58    0.02    0.02    2.13 v _178508_/ZN (OAI22_X1)
                                         _094339_ (net)
                  0.02    0.00    2.13 v _178513_/B1 (AOI22_X1)
     2    6.71    0.05    0.07    2.20 ^ _178513_/ZN (AOI22_X1)
                                         _023264_ (net)
                  0.05    0.00    2.20 ^ _284407_/B (HA_X1)
     7   18.00    0.09    0.14    2.34 ^ _284407_/S (HA_X1)
                                         _023266_ (net)
                  0.09    0.00    2.34 ^ _191468_/A (OAI21_X1)
     2    3.16    0.02    0.04    2.37 v _191468_/ZN (OAI21_X1)
                                         _106781_ (net)
                  0.02    0.00    2.37 v _191469_/B2 (AOI21_X1)
     2    4.38    0.03    0.05    2.42 ^ _191469_/ZN (AOI21_X1)
                                         _106782_ (net)
                  0.03    0.00    2.42 ^ _191470_/A (INV_X1)
     3    6.16    0.01    0.02    2.44 v _191470_/ZN (INV_X1)
                                         _106783_ (net)
                  0.01    0.00    2.44 v _191471_/B2 (AOI21_X1)
     2    3.86    0.03    0.04    2.49 ^ _191471_/ZN (AOI21_X1)
                                         _106784_ (net)
                  0.03    0.00    2.49 ^ _191472_/A2 (NAND2_X1)
     6    9.47    0.03    0.04    2.52 v _191472_/ZN (NAND2_X1)
                                         _106785_ (net)
                  0.03    0.00    2.53 v _191616_/B1 (OAI22_X1)
     1    2.14    0.03    0.05    2.57 ^ _191616_/ZN (OAI22_X1)
                                         _106929_ (net)
                  0.03    0.00    2.57 ^ _191617_/A2 (NOR2_X1)
     2    3.99    0.01    0.02    2.59 v _191617_/ZN (NOR2_X1)
                                         _106930_ (net)
                  0.01    0.00    2.59 v _191621_/A (OAI21_X1)
     3    6.55    0.04    0.03    2.63 ^ _191621_/ZN (OAI21_X1)
                                         _106934_ (net)
                  0.04    0.00    2.63 ^ _191622_/A2 (NAND2_X1)
     4    6.37    0.03    0.03    2.66 v _191622_/ZN (NAND2_X1)
                                         _106935_ (net)
                  0.03    0.00    2.66 v _191660_/A1 (OR2_X1)
     2    5.45    0.01    0.06    2.72 v _191660_/ZN (OR2_X1)
                                         _106973_ (net)
                  0.01    0.00    2.72 v _191667_/A3 (NOR3_X2)
     4   11.55    0.05    0.08    2.80 ^ _191667_/ZN (NOR3_X2)
                                         _106980_ (net)
                  0.05    0.00    2.81 ^ _191668_/B2 (OAI21_X1)
     3    6.04    0.02    0.04    2.85 v _191668_/ZN (OAI21_X1)
                                         _106981_ (net)
                  0.02    0.00    2.85 v _191743_/B2 (AOI21_X1)
     2    4.61    0.03    0.05    2.90 ^ _191743_/ZN (AOI21_X1)
                                         _107056_ (net)
                  0.03    0.00    2.90 ^ _191744_/B (XNOR2_X1)
     2    5.90    0.04    0.06    2.95 ^ _191744_/ZN (XNOR2_X1)
                                         _107057_ (net)
                  0.04    0.00    2.95 ^ _191902_/A4 (AND4_X1)
     2    5.35    0.02    0.07    3.03 ^ _191902_/ZN (AND4_X1)
                                         _107215_ (net)
                  0.02    0.00    3.03 ^ _191903_/C2 (OAI211_X2)
    13   23.71    0.04    0.06    3.08 v _191903_/ZN (OAI211_X2)
                                         _107216_ (net)
                  0.04    0.00    3.08 v _191937_/A1 (OR3_X1)
     1    3.27    0.01    0.08    3.17 v _191937_/ZN (OR3_X1)
                                         _107250_ (net)
                  0.01    0.00    3.17 v _191938_/B2 (AOI21_X2)
    14   49.11    0.12    0.15    3.31 ^ _191938_/ZN (AOI21_X2)
                                         _107251_ (net)
                  0.12    0.00    3.32 ^ _197484_/B1 (AOI21_X1)
     1    4.02    0.03    0.03    3.35 v _197484_/ZN (AOI21_X1)
                                         _020064_ (net)
                  0.03    0.00    3.35 v _282162_/A (HA_X1)
     1    1.80    0.01    0.04    3.39 v _282162_/CO (HA_X1)
                                         _020065_ (net)
                  0.01    0.00    3.39 v _191441_/B2 (OAI21_X1)
     1    2.51    0.02    0.03    3.42 ^ _191441_/ZN (OAI21_X1)
                                         _106754_ (net)
                  0.02    0.00    3.42 ^ _191442_/B2 (AOI21_X1)
     1    2.38    0.01    0.02    3.44 v _191442_/ZN (AOI21_X1)
                                         _106755_ (net)
                  0.01    0.00    3.44 v _191443_/B2 (OAI21_X1)
     1    2.02    0.02    0.03    3.48 ^ _191443_/ZN (OAI21_X1)
                                         _106756_ (net)
                  0.02    0.00    3.48 ^ _191444_/B2 (AOI21_X1)
     1    1.71    0.01    0.02    3.50 v _191444_/ZN (AOI21_X1)
                                         _106757_ (net)
                  0.01    0.00    3.50 v _191445_/A3 (OR3_X1)
     3    7.17    0.02    0.10    3.59 v _191445_/ZN (OR3_X1)
                                         _106758_ (net)
                  0.02    0.00    3.59 v _191446_/A3 (NOR3_X2)
     1    1.46    0.02    0.05    3.64 ^ _191446_/ZN (NOR3_X2)
                                         _106759_ (net)
                  0.02    0.00    3.64 ^ place3566/A (BUF_X1)
    13   37.93    0.09    0.11    3.75 ^ place3566/Z (BUF_X1)
                                         net3565 (net)
                  0.09    0.00    3.75 ^ _191965_/A (AOI211_X2)
     1    2.19    0.02    0.02    3.77 v _191965_/ZN (AOI211_X2)
                                         _107277_ (net)
                  0.02    0.00    3.77 v _191966_/B2 (AOI21_X1)
     5    8.22    0.05    0.07    3.85 ^ _191966_/ZN (AOI21_X1)
                                         _107278_ (net)
                  0.05    0.00    3.85 ^ _191967_/A2 (NAND2_X1)
     6   12.54    0.03    0.05    3.89 v _191967_/ZN (NAND2_X1)
                                         _107279_ (net)
                  0.03    0.00    3.89 v _192051_/A (INV_X1)
    16   36.60    0.08    0.10    4.00 ^ _192051_/ZN (INV_X1)
                                         _107363_ (net)
                  0.08    0.00    4.00 ^ place3509/A (BUF_X1)
     7   15.77    0.04    0.07    4.07 ^ place3509/Z (BUF_X1)
                                         net3508 (net)
                  0.04    0.00    4.07 ^ _285803_/B (HA_X1)
     3    6.01    0.02    0.03    4.10 v _285803_/S (HA_X1)
                                         _025706_ (net)
                  0.02    0.00    4.10 v _250115_/B1 (AOI21_X1)
     2    5.33    0.04    0.05    4.15 ^ _250115_/ZN (AOI21_X1)
                                         _060847_ (net)
                  0.04    0.00    4.15 ^ _250116_/A2 (NOR2_X1)
     1    2.03    0.01    0.02    4.16 v _250116_/ZN (NOR2_X1)
                                         _060848_ (net)
                  0.01    0.00    4.16 v _250117_/B2 (OAI21_X1)
     1    1.91    0.02    0.03    4.20 ^ _250117_/ZN (OAI21_X1)
                                         _060849_ (net)
                  0.02    0.00    4.20 ^ _250118_/A (INV_X1)
     2    3.39    0.01    0.01    4.21 v _250118_/ZN (INV_X1)
                                         _060850_ (net)
                  0.01    0.00    4.21 v _250119_/B2 (OAI21_X1)
     2    3.54    0.03    0.04    4.25 ^ _250119_/ZN (OAI21_X1)
                                         _060851_ (net)
                  0.03    0.00    4.25 ^ _250120_/A2 (NAND2_X1)
     1    2.10    0.01    0.02    4.27 v _250120_/ZN (NAND2_X1)
                                         _060852_ (net)
                  0.01    0.00    4.27 v _250121_/B1 (AOI21_X1)
     2    4.28    0.03    0.04    4.31 ^ _250121_/ZN (AOI21_X1)
                                         _060853_ (net)
                  0.03    0.00    4.31 ^ _250122_/B2 (OAI21_X1)
     1    1.70    0.01    0.02    4.33 v _250122_/ZN (OAI21_X1)
                                         _060854_ (net)
                  0.01    0.00    4.33 v _250123_/A3 (AND3_X1)
     1    2.05    0.01    0.04    4.37 v _250123_/ZN (AND3_X1)
                                         _060855_ (net)
                  0.01    0.00    4.37 v _250128_/A (AOI21_X1)
     3    5.88    0.04    0.06    4.43 ^ _250128_/ZN (AOI21_X1)
                                         _060860_ (net)
                  0.04    0.00    4.43 ^ _250696_/A1 (NOR4_X1)
     1    2.00    0.01    0.01    4.44 v _250696_/ZN (NOR4_X1)
                                         _061420_ (net)
                  0.01    0.00    4.44 v _250697_/A3 (NOR3_X1)
     6   12.17    0.10    0.13    4.58 ^ _250697_/ZN (NOR3_X1)
                                         _061421_ (net)
                  0.10    0.00    4.58 ^ _250698_/A2 (AND2_X1)
    12   24.44    0.06    0.10    4.68 ^ _250698_/ZN (AND2_X1)
                                         _061422_ (net)
                  0.06    0.00    4.68 ^ _250700_/A2 (NAND2_X1)
     4    7.05    0.03    0.04    4.72 v _250700_/ZN (NAND2_X1)
                                         _061424_ (net)
                  0.03    0.00    4.72 v _250701_/B3 (OAI33_X1)
     1    1.80    0.06    0.09    4.81 ^ _250701_/ZN (OAI33_X1)
                                         _031221_ (net)
                  0.06    0.00    4.81 ^ hidden_layer.neuron1.u_add23.sum_reg[22]$_SDFFE_PN0P_/D (DFF_X1)
                                  4.81   data arrival time

                         10.00   10.00   clock clk (rise edge)
                          0.00   10.00   clock source latency
     1   44.77    0.00    0.00   10.00 ^ clk (in)
                                         clk (net)
                  0.01    0.01   10.01 ^ wire5124/A (BUF_X8)
     1   36.07    0.01    0.03   10.04 ^ wire5124/Z (BUF_X8)
                                         net5123 (net)
                  0.02    0.01   10.04 ^ clkbuf_0_clk/A (CLKBUF_X3)
     4   43.08    0.03    0.06   10.11 ^ clkbuf_0_clk/Z (CLKBUF_X3)
                                         clknet_0_clk (net)
                  0.03    0.00   10.11 ^ clkbuf_2_0_0_clk/A (CLKBUF_X3)
     2   33.52    0.03    0.06   10.17 ^ clkbuf_2_0_0_clk/Z (CLKBUF_X3)
                                         clknet_2_0_0_clk (net)
                  0.03    0.01   10.18 ^ clkbuf_3_1_0_clk/A (CLKBUF_X3)
     8   52.38    0.04    0.08   10.25 ^ clkbuf_3_1_0_clk/Z (CLKBUF_X3)
                                         clknet_3_1_0_clk (net)
                  0.04    0.00   10.26 ^ clkbuf_6_15_0_clk/A (CLKBUF_X3)
    16   48.99    0.04    0.08   10.34 ^ clkbuf_6_15_0_clk/Z (CLKBUF_X3)
                                         clknet_6_15_0_clk (net)
                  0.04    0.00   10.34 ^ clkbuf_leaf_102_clk/A (CLKBUF_X3)
     8   11.09    0.01    0.05   10.38 ^ clkbuf_leaf_102_clk/Z (CLKBUF_X3)
                                         clknet_leaf_102_clk (net)
                  0.01    0.00   10.38 ^ hidden_layer.neuron1.u_add23.sum_reg[22]$_SDFFE_PN0P_/CK (DFF_X1)
                         -0.10   10.28   clock uncertainty
                          0.00   10.28   clock reconvergence pessimism
                         -0.04   10.24   library setup time
                                 10.24   data required time
-----------------------------------------------------------------------------
                                 10.24   data required time
                                 -4.81   data arrival time
-----------------------------------------------------------------------------
                                  5.44   slack (MET)



==========================================================================
global route report_checks -unconstrained
--------------------------------------------------------------------------
Startpoint: hidden_layer.neuron1.u_add23.a_reg[30]$_SDFFE_PN0P_
            (rising edge-triggered flip-flop clocked by clk)
Endpoint: hidden_layer.neuron1.u_add23.sum_reg[22]$_SDFFE_PN0P_
          (rising edge-triggered flip-flop clocked by clk)
Path Group: clk
Path Type: max

Fanout     Cap    Slew   Delay    Time   Description
-----------------------------------------------------------------------------
                          0.00    0.00   clock clk (rise edge)
                          0.00    0.00   clock source latency
     1   44.77    0.00    0.00    0.00 ^ clk (in)
                                         clk (net)
                  0.01    0.01    0.01 ^ wire5124/A (BUF_X8)
     1   36.07    0.01    0.03    0.04 ^ wire5124/Z (BUF_X8)
                                         net5123 (net)
                  0.02    0.01    0.04 ^ clkbuf_0_clk/A (CLKBUF_X3)
     4   43.08    0.03    0.06    0.11 ^ clkbuf_0_clk/Z (CLKBUF_X3)
                                         clknet_0_clk (net)
                  0.03    0.00    0.11 ^ clkbuf_2_0_0_clk/A (CLKBUF_X3)
     2   33.52    0.03    0.06    0.17 ^ clkbuf_2_0_0_clk/Z (CLKBUF_X3)
                                         clknet_2_0_0_clk (net)
                  0.03    0.01    0.18 ^ clkbuf_3_1_0_clk/A (CLKBUF_X3)
     8   52.38    0.04    0.08    0.25 ^ clkbuf_3_1_0_clk/Z (CLKBUF_X3)
                                         clknet_3_1_0_clk (net)
                  0.04    0.00    0.26 ^ clkbuf_6_13_0_clk/A (CLKBUF_X3)
    16   49.78    0.04    0.08    0.34 ^ clkbuf_6_13_0_clk/Z (CLKBUF_X3)
                                         clknet_6_13_0_clk (net)
                  0.04    0.00    0.34 ^ clkbuf_leaf_82_clk/A (CLKBUF_X3)
     8   11.84    0.01    0.05    0.39 ^ clkbuf_leaf_82_clk/Z (CLKBUF_X3)
                                         clknet_leaf_82_clk (net)
                  0.01    0.00    0.39 ^ hidden_layer.neuron1.u_add23.a_reg[30]$_SDFFE_PN0P_/CK (DFF_X1)
     6   14.86    0.04    0.12    0.51 ^ hidden_layer.neuron1.u_add23.a_reg[30]$_SDFFE_PN0P_/Q (DFF_X1)
                                         hidden_layer.neuron1.u_add23.a_reg[30] (net)
                  0.04    0.00    0.51 ^ _286722_/B (HA_X1)
     3    7.49    0.05    0.08    0.59 ^ _286722_/S (HA_X1)
                                         _027060_ (net)
                  0.05    0.00    0.59 ^ _157441_/A1 (AND3_X2)
     3    7.00    0.01    0.06    0.65 ^ _157441_/ZN (AND3_X2)
                                         _073662_ (net)
                  0.01    0.00    0.65 ^ _157459_/A3 (NAND4_X1)
     1    3.89    0.03    0.04    0.69 v _157459_/ZN (NAND4_X1)
                                         _073680_ (net)
                  0.03    0.00    0.69 v _157460_/A3 (NOR3_X2)
    14   28.35    0.11    0.15    0.84 ^ _157460_/ZN (NOR3_X2)
                                         _073681_ (net)
                  0.11    0.00    0.84 ^ _157461_/A2 (AND2_X1)
    16   31.78    0.07    0.12    0.96 ^ _157461_/ZN (AND2_X1)
                                         _073682_ (net)
                  0.07    0.00    0.96 ^ _157654_/A2 (OR2_X1)
     9   17.66    0.04    0.08    1.04 ^ _157654_/ZN (OR2_X1)
                                         _073875_ (net)
                  0.04    0.00    1.04 ^ _166107_/A1 (NAND2_X1)
    17   35.84    0.07    0.09    1.14 v _166107_/ZN (NAND2_X1)
                                         _082215_ (net)
                  0.07    0.00    1.14 v _178458_/A2 (AND2_X1)
     1    1.88    0.01    0.06    1.20 v _178458_/ZN (AND2_X1)
                                         _094292_ (net)
                  0.01    0.00    1.20 v _178461_/A (AOI21_X1)
     5   13.19    0.07    0.10    1.29 ^ _178461_/ZN (AOI21_X1)
                                         _020914_ (net)
                  0.07    0.00    1.29 ^ _178462_/A (INV_X1)
     3   10.46    0.02    0.03    1.33 v _178462_/ZN (INV_X1)
                                         _023023_ (net)
                  0.02    0.00    1.33 v _284276_/A (HA_X1)
     7   17.28    0.09    0.11    1.44 ^ _284276_/S (HA_X1)
                                         _023026_ (net)
                  0.09    0.00    1.44 ^ _157552_/A2 (NOR2_X1)
     1    2.06    0.02    0.01    1.46 v _157552_/ZN (NOR2_X1)
                                         _073773_ (net)
                  0.02    0.00    1.46 v _157553_/A2 (NOR2_X1)
     3    6.28    0.04    0.06    1.51 ^ _157553_/ZN (NOR2_X1)
                                         _073774_ (net)
                  0.04    0.00    1.51 ^ _157556_/B1 (AOI21_X1)
     1    2.13    0.01    0.02    1.53 v _157556_/ZN (AOI21_X1)
                                         _073777_ (net)
                  0.01    0.00    1.53 v _157559_/B2 (AOI221_X1)
     2    3.56    0.05    0.09    1.63 ^ _157559_/ZN (AOI221_X1)
                                         _073780_ (net)
                  0.05    0.00    1.63 ^ _157641_/A1 (NOR2_X1)
     3    8.98    0.02    0.03    1.66 v _157641_/ZN (NOR2_X1)
                                         _073862_ (net)
                  0.02    0.00    1.66 v _157647_/A2 (AOI22_X2)
    11   26.71    0.08    0.10    1.75 ^ _157647_/ZN (AOI22_X2)
                                         _073868_ (net)
                  0.08    0.00    1.76 ^ place3845/A (BUF_X1)
    14   38.22    0.09    0.12    1.88 ^ place3845/Z (BUF_X1)
                                         net3844 (net)
                  0.09    0.00    1.88 ^ _157701_/A2 (NOR3_X1)
     2    3.27    0.02    0.02    1.90 v _157701_/ZN (NOR3_X1)
                                         _073922_ (net)
                  0.02    0.00    1.90 v _157708_/A1 (OR2_X1)
     3    5.83    0.01    0.06    1.96 v _157708_/ZN (OR2_X1)
                                         _073929_ (net)
                  0.01    0.00    1.96 v _178505_/B (MUX2_X1)
     1    1.64    0.01    0.06    2.02 v _178505_/Z (MUX2_X1)
                                         _094336_ (net)
                  0.01    0.00    2.02 v _178506_/B1 (AOI21_X1)
     3    5.39    0.04    0.05    2.06 ^ _178506_/ZN (AOI21_X1)
                                         _094337_ (net)
                  0.04    0.00    2.06 ^ _178507_/B (MUX2_X1)
     1    1.97    0.01    0.04    2.11 ^ _178507_/Z (MUX2_X1)
                                         _094338_ (net)
                  0.01    0.00    2.11 ^ _178508_/B1 (OAI22_X1)
     1    2.58    0.02    0.02    2.13 v _178508_/ZN (OAI22_X1)
                                         _094339_ (net)
                  0.02    0.00    2.13 v _178513_/B1 (AOI22_X1)
     2    6.71    0.05    0.07    2.20 ^ _178513_/ZN (AOI22_X1)
                                         _023264_ (net)
                  0.05    0.00    2.20 ^ _284407_/B (HA_X1)
     7   18.00    0.09    0.14    2.34 ^ _284407_/S (HA_X1)
                                         _023266_ (net)
                  0.09    0.00    2.34 ^ _191468_/A (OAI21_X1)
     2    3.16    0.02    0.04    2.37 v _191468_/ZN (OAI21_X1)
                                         _106781_ (net)
                  0.02    0.00    2.37 v _191469_/B2 (AOI21_X1)
     2    4.38    0.03    0.05    2.42 ^ _191469_/ZN (AOI21_X1)
                                         _106782_ (net)
                  0.03    0.00    2.42 ^ _191470_/A (INV_X1)
     3    6.16    0.01    0.02    2.44 v _191470_/ZN (INV_X1)
                                         _106783_ (net)
                  0.01    0.00    2.44 v _191471_/B2 (AOI21_X1)
     2    3.86    0.03    0.04    2.49 ^ _191471_/ZN (AOI21_X1)
                                         _106784_ (net)
                  0.03    0.00    2.49 ^ _191472_/A2 (NAND2_X1)
     6    9.47    0.03    0.04    2.52 v _191472_/ZN (NAND2_X1)
                                         _106785_ (net)
                  0.03    0.00    2.53 v _191616_/B1 (OAI22_X1)
     1    2.14    0.03    0.05    2.57 ^ _191616_/ZN (OAI22_X1)
                                         _106929_ (net)
                  0.03    0.00    2.57 ^ _191617_/A2 (NOR2_X1)
     2    3.99    0.01    0.02    2.59 v _191617_/ZN (NOR2_X1)
                                         _106930_ (net)
                  0.01    0.00    2.59 v _191621_/A (OAI21_X1)
     3    6.55    0.04    0.03    2.63 ^ _191621_/ZN (OAI21_X1)
                                         _106934_ (net)
                  0.04    0.00    2.63 ^ _191622_/A2 (NAND2_X1)
     4    6.37    0.03    0.03    2.66 v _191622_/ZN (NAND2_X1)
                                         _106935_ (net)
                  0.03    0.00    2.66 v _191660_/A1 (OR2_X1)
     2    5.45    0.01    0.06    2.72 v _191660_/ZN (OR2_X1)
                                         _106973_ (net)
                  0.01    0.00    2.72 v _191667_/A3 (NOR3_X2)
     4   11.55    0.05    0.08    2.80 ^ _191667_/ZN (NOR3_X2)
                                         _106980_ (net)
                  0.05    0.00    2.81 ^ _191668_/B2 (OAI21_X1)
     3    6.04    0.02    0.04    2.85 v _191668_/ZN (OAI21_X1)
                                         _106981_ (net)
                  0.02    0.00    2.85 v _191743_/B2 (AOI21_X1)
     2    4.61    0.03    0.05    2.90 ^ _191743_/ZN (AOI21_X1)
                                         _107056_ (net)
                  0.03    0.00    2.90 ^ _191744_/B (XNOR2_X1)
     2    5.90    0.04    0.06    2.95 ^ _191744_/ZN (XNOR2_X1)
                                         _107057_ (net)
                  0.04    0.00    2.95 ^ _191902_/A4 (AND4_X1)
     2    5.35    0.02    0.07    3.03 ^ _191902_/ZN (AND4_X1)
                                         _107215_ (net)
                  0.02    0.00    3.03 ^ _191903_/C2 (OAI211_X2)
    13   23.71    0.04    0.06    3.08 v _191903_/ZN (OAI211_X2)
                                         _107216_ (net)
                  0.04    0.00    3.08 v _191937_/A1 (OR3_X1)
     1    3.27    0.01    0.08    3.17 v _191937_/ZN (OR3_X1)
                                         _107250_ (net)
                  0.01    0.00    3.17 v _191938_/B2 (AOI21_X2)
    14   49.11    0.12    0.15    3.31 ^ _191938_/ZN (AOI21_X2)
                                         _107251_ (net)
                  0.12    0.00    3.32 ^ _197484_/B1 (AOI21_X1)
     1    4.02    0.03    0.03    3.35 v _197484_/ZN (AOI21_X1)
                                         _020064_ (net)
                  0.03    0.00    3.35 v _282162_/A (HA_X1)
     1    1.80    0.01    0.04    3.39 v _282162_/CO (HA_X1)
                                         _020065_ (net)
                  0.01    0.00    3.39 v _191441_/B2 (OAI21_X1)
     1    2.51    0.02    0.03    3.42 ^ _191441_/ZN (OAI21_X1)
                                         _106754_ (net)
                  0.02    0.00    3.42 ^ _191442_/B2 (AOI21_X1)
     1    2.38    0.01    0.02    3.44 v _191442_/ZN (AOI21_X1)
                                         _106755_ (net)
                  0.01    0.00    3.44 v _191443_/B2 (OAI21_X1)
     1    2.02    0.02    0.03    3.48 ^ _191443_/ZN (OAI21_X1)
                                         _106756_ (net)
                  0.02    0.00    3.48 ^ _191444_/B2 (AOI21_X1)
     1    1.71    0.01    0.02    3.50 v _191444_/ZN (AOI21_X1)
                                         _106757_ (net)
                  0.01    0.00    3.50 v _191445_/A3 (OR3_X1)
     3    7.17    0.02    0.10    3.59 v _191445_/ZN (OR3_X1)
                                         _106758_ (net)
                  0.02    0.00    3.59 v _191446_/A3 (NOR3_X2)
     1    1.46    0.02    0.05    3.64 ^ _191446_/ZN (NOR3_X2)
                                         _106759_ (net)
                  0.02    0.00    3.64 ^ place3566/A (BUF_X1)
    13   37.93    0.09    0.11    3.75 ^ place3566/Z (BUF_X1)
                                         net3565 (net)
                  0.09    0.00    3.75 ^ _191965_/A (AOI211_X2)
     1    2.19    0.02    0.02    3.77 v _191965_/ZN (AOI211_X2)
                                         _107277_ (net)
                  0.02    0.00    3.77 v _191966_/B2 (AOI21_X1)
     5    8.22    0.05    0.07    3.85 ^ _191966_/ZN (AOI21_X1)
                                         _107278_ (net)
                  0.05    0.00    3.85 ^ _191967_/A2 (NAND2_X1)
     6   12.54    0.03    0.05    3.89 v _191967_/ZN (NAND2_X1)
                                         _107279_ (net)
                  0.03    0.00    3.89 v _192051_/A (INV_X1)
    16   36.60    0.08    0.10    4.00 ^ _192051_/ZN (INV_X1)
                                         _107363_ (net)
                  0.08    0.00    4.00 ^ place3509/A (BUF_X1)
     7   15.77    0.04    0.07    4.07 ^ place3509/Z (BUF_X1)
                                         net3508 (net)
                  0.04    0.00    4.07 ^ _285803_/B (HA_X1)
     3    6.01    0.02    0.03    4.10 v _285803_/S (HA_X1)
                                         _025706_ (net)
                  0.02    0.00    4.10 v _250115_/B1 (AOI21_X1)
     2    5.33    0.04    0.05    4.15 ^ _250115_/ZN (AOI21_X1)
                                         _060847_ (net)
                  0.04    0.00    4.15 ^ _250116_/A2 (NOR2_X1)
     1    2.03    0.01    0.02    4.16 v _250116_/ZN (NOR2_X1)
                                         _060848_ (net)
                  0.01    0.00    4.16 v _250117_/B2 (OAI21_X1)
     1    1.91    0.02    0.03    4.20 ^ _250117_/ZN (OAI21_X1)
                                         _060849_ (net)
                  0.02    0.00    4.20 ^ _250118_/A (INV_X1)
     2    3.39    0.01    0.01    4.21 v _250118_/ZN (INV_X1)
                                         _060850_ (net)
                  0.01    0.00    4.21 v _250119_/B2 (OAI21_X1)
     2    3.54    0.03    0.04    4.25 ^ _250119_/ZN (OAI21_X1)
                                         _060851_ (net)
                  0.03    0.00    4.25 ^ _250120_/A2 (NAND2_X1)
     1    2.10    0.01    0.02    4.27 v _250120_/ZN (NAND2_X1)
                                         _060852_ (net)
                  0.01    0.00    4.27 v _250121_/B1 (AOI21_X1)
     2    4.28    0.03    0.04    4.31 ^ _250121_/ZN (AOI21_X1)
                                         _060853_ (net)
                  0.03    0.00    4.31 ^ _250122_/B2 (OAI21_X1)
     1    1.70    0.01    0.02    4.33 v _250122_/ZN (OAI21_X1)
                                         _060854_ (net)
                  0.01    0.00    4.33 v _250123_/A3 (AND3_X1)
     1    2.05    0.01    0.04    4.37 v _250123_/ZN (AND3_X1)
                                         _060855_ (net)
                  0.01    0.00    4.37 v _250128_/A (AOI21_X1)
     3    5.88    0.04    0.06    4.43 ^ _250128_/ZN (AOI21_X1)
                                         _060860_ (net)
                  0.04    0.00    4.43 ^ _250696_/A1 (NOR4_X1)
     1    2.00    0.01    0.01    4.44 v _250696_/ZN (NOR4_X1)
                                         _061420_ (net)
                  0.01    0.00    4.44 v _250697_/A3 (NOR3_X1)
     6   12.17    0.10    0.13    4.58 ^ _250697_/ZN (NOR3_X1)
                                         _061421_ (net)
                  0.10    0.00    4.58 ^ _250698_/A2 (AND2_X1)
    12   24.44    0.06    0.10    4.68 ^ _250698_/ZN (AND2_X1)
                                         _061422_ (net)
                  0.06    0.00    4.68 ^ _250700_/A2 (NAND2_X1)
     4    7.05    0.03    0.04    4.72 v _250700_/ZN (NAND2_X1)
                                         _061424_ (net)
                  0.03    0.00    4.72 v _250701_/B3 (OAI33_X1)
     1    1.80    0.06    0.09    4.81 ^ _250701_/ZN (OAI33_X1)
                                         _031221_ (net)
                  0.06    0.00    4.81 ^ hidden_layer.neuron1.u_add23.sum_reg[22]$_SDFFE_PN0P_/D (DFF_X1)
                                  4.81   data arrival time

                         10.00   10.00   clock clk (rise edge)
                          0.00   10.00   clock source latency
     1   44.77    0.00    0.00   10.00 ^ clk (in)
                                         clk (net)
                  0.01    0.01   10.01 ^ wire5124/A (BUF_X8)
     1   36.07    0.01    0.03   10.04 ^ wire5124/Z (BUF_X8)
                                         net5123 (net)
                  0.02    0.01   10.04 ^ clkbuf_0_clk/A (CLKBUF_X3)
     4   43.08    0.03    0.06   10.11 ^ clkbuf_0_clk/Z (CLKBUF_X3)
                                         clknet_0_clk (net)
                  0.03    0.00   10.11 ^ clkbuf_2_0_0_clk/A (CLKBUF_X3)
     2   33.52    0.03    0.06   10.17 ^ clkbuf_2_0_0_clk/Z (CLKBUF_X3)
                                         clknet_2_0_0_clk (net)
                  0.03    0.01   10.18 ^ clkbuf_3_1_0_clk/A (CLKBUF_X3)
     8   52.38    0.04    0.08   10.25 ^ clkbuf_3_1_0_clk/Z (CLKBUF_X3)
                                         clknet_3_1_0_clk (net)
                  0.04    0.00   10.26 ^ clkbuf_6_15_0_clk/A (CLKBUF_X3)
    16   48.99    0.04    0.08   10.34 ^ clkbuf_6_15_0_clk/Z (CLKBUF_X3)
                                         clknet_6_15_0_clk (net)
                  0.04    0.00   10.34 ^ clkbuf_leaf_102_clk/A (CLKBUF_X3)
     8   11.09    0.01    0.05   10.38 ^ clkbuf_leaf_102_clk/Z (CLKBUF_X3)
                                         clknet_leaf_102_clk (net)
                  0.01    0.00   10.38 ^ hidden_layer.neuron1.u_add23.sum_reg[22]$_SDFFE_PN0P_/CK (DFF_X1)
                         -0.10   10.28   clock uncertainty
                          0.00   10.28   clock reconvergence pessimism
                         -0.04   10.24   library setup time
                                 10.24   data required time
-----------------------------------------------------------------------------
                                 10.24   data required time
                                 -4.81   data arrival time
-----------------------------------------------------------------------------
                                  5.44   slack (MET)



==========================================================================
global route report_check_types -max_slew -max_cap -max_fanout -violators
--------------------------------------------------------------------------
max capacitance

Pin                                    Limit     Cap   Slack
------------------------------------------------------------
_219390_/ZN                            59.36   62.02   -2.66 (VIOLATED)

_177455_/ZN                            52.03   54.43   -2.40 (VIOLATED)

y0_mul0.b_reg[15]$_SDFF_PN0_/Q         60.73   63.12   -2.39 (VIOLATED)

_170593_/ZN                            53.41   55.38   -1.98 (VIOLATED)

_188497_/ZN                            50.66   52.50   -1.84 (VIOLATED)

_179302_/ZN                            31.74   33.37   -1.63 (VIOLATED)

_284222_/S                             25.25   26.78   -1.53 (VIOLATED)

_175632_/ZN                           121.46  122.93   -1.47 (VIOLATED)

_187507_/ZN                            26.05   27.44   -1.38 (VIOLATED)

_284561_/S                             25.25   26.58   -1.33 (VIOLATED)

_283271_/S                             25.25   26.55   -1.29 (VIOLATED)

_179755_/ZN                            52.03   53.15   -1.11 (VIOLATED)

_187276_/ZN                            25.33   26.39   -1.06 (VIOLATED)

_194391_/ZN                            23.23   24.28   -1.05 (VIOLATED)


==========================================================================
global route max_slew_check_slack
--------------------------------------------------------------------------
0.054465435445308685

==========================================================================
global route max_slew_check_limit
--------------------------------------------------------------------------
0.1985349953174591

==========================================================================
global route max_slew_check_slack_limit
--------------------------------------------------------------------------
0.2743

==========================================================================
global route max_fanout_check_slack
--------------------------------------------------------------------------
1.0000000150474662e+30

==========================================================================
global route max_fanout_check_limit
--------------------------------------------------------------------------
1.0000000150474662e+30

==========================================================================
global route max_capacitance_check_slack
--------------------------------------------------------------------------
-2.66204833984375

==========================================================================
global route max_capacitance_check_limit
--------------------------------------------------------------------------
59.3567008972168

==========================================================================
global route max_capacitance_check_slack_limit
--------------------------------------------------------------------------
-0.0448

==========================================================================
global route max_slew_violation_count
--------------------------------------------------------------------------
max slew violation count 0

==========================================================================
global route max_fanout_violation_count
--------------------------------------------------------------------------
max fanout violation count 0

==========================================================================
global route max_cap_violation_count
--------------------------------------------------------------------------
max cap violation count 14

==========================================================================
global route setup_violation_count
--------------------------------------------------------------------------
setup violation count 0

==========================================================================
global route hold_violation_count
--------------------------------------------------------------------------
hold violation count 0

==========================================================================
global route report_checks -path_delay max reg to reg
--------------------------------------------------------------------------
Startpoint: hidden_layer.neuron1.u_add23.a_reg[30]$_SDFFE_PN0P_
            (rising edge-triggered flip-flop clocked by clk)
Endpoint: hidden_layer.neuron1.u_add23.sum_reg[22]$_SDFFE_PN0P_
          (rising edge-triggered flip-flop clocked by clk)
Path Group: clk
Path Type: max

  Delay    Time   Description
---------------------------------------------------------
   0.00    0.00   clock clk (rise edge)
   0.00    0.00   clock source latency
   0.00    0.00 ^ clk (in)
   0.04    0.04 ^ wire5124/Z (BUF_X8)
   0.07    0.11 ^ clkbuf_0_clk/Z (CLKBUF_X3)
   0.07    0.17 ^ clkbuf_2_0_0_clk/Z (CLKBUF_X3)
   0.08    0.25 ^ clkbuf_3_1_0_clk/Z (CLKBUF_X3)
   0.08    0.34 ^ clkbuf_6_13_0_clk/Z (CLKBUF_X3)
   0.05    0.39 ^ clkbuf_leaf_82_clk/Z (CLKBUF_X3)
   0.00    0.39 ^ hidden_layer.neuron1.u_add23.a_reg[30]$_SDFFE_PN0P_/CK (DFF_X1)
   0.12    0.51 ^ hidden_layer.neuron1.u_add23.a_reg[30]$_SDFFE_PN0P_/Q (DFF_X1)
   0.08    0.59 ^ _286722_/S (HA_X1)
   0.06    0.65 ^ _157441_/ZN (AND3_X2)
   0.04    0.69 v _157459_/ZN (NAND4_X1)
   0.15    0.84 ^ _157460_/ZN (NOR3_X2)
   0.12    0.96 ^ _157461_/ZN (AND2_X1)
   0.08    1.04 ^ _157654_/ZN (OR2_X1)
   0.10    1.14 v _166107_/ZN (NAND2_X1)
   0.06    1.20 v _178458_/ZN (AND2_X1)
   0.10    1.29 ^ _178461_/ZN (AOI21_X1)
   0.03    1.33 v _178462_/ZN (INV_X1)
   0.11    1.44 ^ _284276_/S (HA_X1)
   0.02    1.46 v _157552_/ZN (NOR2_X1)
   0.06    1.51 ^ _157553_/ZN (NOR2_X1)
   0.02    1.53 v _157556_/ZN (AOI21_X1)
   0.09    1.63 ^ _157559_/ZN (AOI221_X1)
   0.03    1.66 v _157641_/ZN (NOR2_X1)
   0.10    1.75 ^ _157647_/ZN (AOI22_X2)
   0.12    1.88 ^ place3845/Z (BUF_X1)
   0.02    1.90 v _157701_/ZN (NOR3_X1)
   0.06    1.96 v _157708_/ZN (OR2_X1)
   0.06    2.02 v _178505_/Z (MUX2_X1)
   0.05    2.06 ^ _178506_/ZN (AOI21_X1)
   0.04    2.11 ^ _178507_/Z (MUX2_X1)
   0.02    2.13 v _178508_/ZN (OAI22_X1)
   0.07    2.20 ^ _178513_/ZN (AOI22_X1)
   0.14    2.34 ^ _284407_/S (HA_X1)
   0.04    2.37 v _191468_/ZN (OAI21_X1)
   0.05    2.42 ^ _191469_/ZN (AOI21_X1)
   0.02    2.44 v _191470_/ZN (INV_X1)
   0.04    2.49 ^ _191471_/ZN (AOI21_X1)
   0.04    2.52 v _191472_/ZN (NAND2_X1)
   0.05    2.57 ^ _191616_/ZN (OAI22_X1)
   0.02    2.59 v _191617_/ZN (NOR2_X1)
   0.03    2.63 ^ _191621_/ZN (OAI21_X1)
   0.03    2.66 v _191622_/ZN (NAND2_X1)
   0.06    2.72 v _191660_/ZN (OR2_X1)
   0.08    2.80 ^ _191667_/ZN (NOR3_X2)
   0.04    2.85 v _191668_/ZN (OAI21_X1)
   0.05    2.90 ^ _191743_/ZN (AOI21_X1)
   0.06    2.95 ^ _191744_/ZN (XNOR2_X1)
   0.07    3.03 ^ _191902_/ZN (AND4_X1)
   0.06    3.08 v _191903_/ZN (OAI211_X2)
   0.08    3.17 v _191937_/ZN (OR3_X1)
   0.15    3.31 ^ _191938_/ZN (AOI21_X2)
   0.04    3.35 v _197484_/ZN (AOI21_X1)
   0.04    3.39 v _282162_/CO (HA_X1)
   0.03    3.42 ^ _191441_/ZN (OAI21_X1)
   0.02    3.44 v _191442_/ZN (AOI21_X1)
   0.04    3.48 ^ _191443_/ZN (OAI21_X1)
   0.02    3.50 v _191444_/ZN (AOI21_X1)
   0.10    3.59 v _191445_/ZN (OR3_X1)
   0.05    3.64 ^ _191446_/ZN (NOR3_X2)
   0.11    3.75 ^ place3566/Z (BUF_X1)
   0.02    3.77 v _191965_/ZN (AOI211_X2)
   0.07    3.85 ^ _191966_/ZN (AOI21_X1)
   0.05    3.89 v _191967_/ZN (NAND2_X1)
   0.11    4.00 ^ _192051_/ZN (INV_X1)
   0.07    4.07 ^ place3509/Z (BUF_X1)
   0.03    4.10 v _285803_/S (HA_X1)
   0.05    4.15 ^ _250115_/ZN (AOI21_X1)
   0.02    4.16 v _250116_/ZN (NOR2_X1)
   0.03    4.20 ^ _250117_/ZN (OAI21_X1)
   0.01    4.21 v _250118_/ZN (INV_X1)
   0.04    4.25 ^ _250119_/ZN (OAI21_X1)
   0.02    4.27 v _250120_/ZN (NAND2_X1)
   0.04    4.31 ^ _250121_/ZN (AOI21_X1)
   0.02    4.33 v _250122_/ZN (OAI21_X1)
   0.04    4.37 v _250123_/ZN (AND3_X1)
   0.06    4.43 ^ _250128_/ZN (AOI21_X1)
   0.02    4.44 v _250696_/ZN (NOR4_X1)
   0.13    4.58 ^ _250697_/ZN (NOR3_X1)
   0.10    4.68 ^ _250698_/ZN (AND2_X1)
   0.04    4.72 v _250700_/ZN (NAND2_X1)
   0.09    4.81 ^ _250701_/ZN (OAI33_X1)
   0.00    4.81 ^ hidden_layer.neuron1.u_add23.sum_reg[22]$_SDFFE_PN0P_/D (DFF_X1)
           4.81   data arrival time

  10.00   10.00   clock clk (rise edge)
   0.00   10.00   clock source latency
   0.00   10.00 ^ clk (in)
   0.04   10.04 ^ wire5124/Z (BUF_X8)
   0.07   10.11 ^ clkbuf_0_clk/Z (CLKBUF_X3)
   0.07   10.17 ^ clkbuf_2_0_0_clk/Z (CLKBUF_X3)
   0.08   10.25 ^ clkbuf_3_1_0_clk/Z (CLKBUF_X3)
   0.08   10.34 ^ clkbuf_6_15_0_clk/Z (CLKBUF_X3)
   0.05   10.38 ^ clkbuf_leaf_102_clk/Z (CLKBUF_X3)
   0.00   10.38 ^ hidden_layer.neuron1.u_add23.sum_reg[22]$_SDFFE_PN0P_/CK (DFF_X1)
  -0.10   10.28   clock uncertainty
   0.00   10.28   clock reconvergence pessimism
  -0.04   10.24   library setup time
          10.24   data required time
---------------------------------------------------------
          10.24   data required time
          -4.81   data arrival time
---------------------------------------------------------
           5.44   slack (MET)



==========================================================================
global route report_checks -path_delay min reg to reg
--------------------------------------------------------------------------
Startpoint: hidden_layer.neuron0.u_add_bias.sum_reg[26]$_SDFFE_PN0P_
            (rising edge-triggered flip-flop clocked by clk)
Endpoint: hidden_layer.neuron0.u_relu.data_out[26]$_SDFF_PP0_
          (rising edge-triggered flip-flop clocked by clk)
Path Group: clk
Path Type: min

  Delay    Time   Description
---------------------------------------------------------
   0.00    0.00   clock clk (rise edge)
   0.00    0.00   clock source latency
   0.00    0.00 ^ clk (in)
   0.04    0.04 ^ wire5124/Z (BUF_X8)
   0.07    0.11 ^ clkbuf_0_clk/Z (CLKBUF_X3)
   0.07    0.17 ^ clkbuf_2_0_0_clk/Z (CLKBUF_X3)
   0.08    0.25 ^ clkbuf_3_1_0_clk/Z (CLKBUF_X3)
   0.08    0.34 ^ clkbuf_6_11_0_clk/Z (CLKBUF_X3)
   0.05    0.39 ^ clkbuf_leaf_777_clk/Z (CLKBUF_X3)
   0.00    0.39 ^ hidden_layer.neuron0.u_add_bias.sum_reg[26]$_SDFFE_PN0P_/CK (DFF_X1)
   0.08    0.48 v hidden_layer.neuron0.u_add_bias.sum_reg[26]$_SDFFE_PN0P_/Q (DFF_X1)
   0.02    0.50 ^ _244595_/ZN (INV_X1)
   0.01    0.51 v _245009_/ZN (NOR3_X1)
   0.00    0.51 v hidden_layer.neuron0.u_relu.data_out[26]$_SDFF_PP0_/D (DFF_X1)
           0.51   data arrival time

   0.00    0.00   clock clk (rise edge)
   0.00    0.00   clock source latency
   0.00    0.00 ^ clk (in)
   0.04    0.04 ^ wire5124/Z (BUF_X8)
   0.07    0.11 ^ clkbuf_0_clk/Z (CLKBUF_X3)
   0.07    0.17 ^ clkbuf_2_2_0_clk/Z (CLKBUF_X3)
   0.08    0.25 ^ clkbuf_3_4_0_clk/Z (CLKBUF_X3)
   0.09    0.34 ^ clkbuf_6_36_0_clk/Z (CLKBUF_X3)
   0.06    0.40 ^ clkbuf_leaf_757_clk/Z (CLKBUF_X3)
   0.00    0.40 ^ hidden_layer.neuron0.u_relu.data_out[26]$_SDFF_PP0_/CK (DFF_X1)
   0.10    0.50   clock uncertainty
   0.00    0.50   clock reconvergence pessimism
   0.00    0.51   library hold time
           0.51   data required time
---------------------------------------------------------
           0.51   data required time
          -0.51   data arrival time
---------------------------------------------------------
           0.00   slack (MET)



==========================================================================
global route critical path target clock latency max path
--------------------------------------------------------------------------
0.3847

==========================================================================
global route critical path target clock latency min path
--------------------------------------------------------------------------
0.4073

==========================================================================
global route critical path source clock latency min path
--------------------------------------------------------------------------
0.0000

==========================================================================
global route critical path delay
--------------------------------------------------------------------------
4.8077

==========================================================================
global route critical path slack
--------------------------------------------------------------------------
5.4366

==========================================================================
global route slack div critical path delay
--------------------------------------------------------------------------
113.081099

==========================================================================
global route report_power
--------------------------------------------------------------------------
Group                  Internal  Switching    Leakage      Total
                          Power      Power      Power      Power (Watts)
----------------------------------------------------------------
Sequential             3.67e-03   2.90e-04   4.33e-04   4.39e-03  10.5%
Combinational          1.38e-02   1.68e-02   3.90e-03   3.45e-02  82.3%
Clock                  1.32e-03   1.64e-03   4.74e-05   3.01e-03   7.2%
Macro                  0.00e+00   0.00e+00   0.00e+00   0.00e+00   0.0%
Pad                    0.00e+00   0.00e+00   0.00e+00   0.00e+00   0.0%
----------------------------------------------------------------
Total                  1.88e-02   1.87e-02   4.38e-03   4.19e-02 100.0%
                          44.8%      44.7%      10.5%
