
==========================================================================
finish report_tns
--------------------------------------------------------------------------
tns max 0.00

==========================================================================
finish report_wns
--------------------------------------------------------------------------
wns max 0.00

==========================================================================
finish report_worst_slack
--------------------------------------------------------------------------
worst slack max 5.52

==========================================================================
finish report_clock_min_period
--------------------------------------------------------------------------
clk period_min = 4.48 fmax = 223.41

==========================================================================
finish report_clock_skew
--------------------------------------------------------------------------
Clock clk
   0.37 source latency y0_add_all.valid_out_reg$_SDFF_PN0_/CK ^
  -0.34 target latency y0_add_bias.a_reg[3]$_SDFFE_PN0P_/CK ^
   0.10 clock uncertainty
   0.00 CRPR
--------------
   0.13 setup skew


==========================================================================
finish report_checks -path_delay min
--------------------------------------------------------------------------
Startpoint: hidden_layer.neuron0.u_add_bias.sum_reg[26]$_SDFFE_PN0P_
            (rising edge-triggered flip-flop clocked by clk)
Endpoint: hidden_layer.neuron0.u_relu.data_out[26]$_SDFF_PP0_
          (rising edge-triggered flip-flop clocked by clk)
Path Group: clk
Path Type: min

Fanout     Cap    Slew   Delay    Time   Description
-----------------------------------------------------------------------------
                          0.00    0.00   clock clk (rise edge)
                          0.00    0.00   clock source latency
     1   32.87    0.00    0.00    0.00 ^ clk (in)
                                         clk (net)
                  0.01    0.01    0.01 ^ wire5124/A (BUF_X8)
     1   28.23    0.01    0.02    0.03 ^ wire5124/Z (BUF_X8)
                                         net5123 (net)
                  0.01    0.01    0.04 ^ clkbuf_0_clk/A (CLKBUF_X3)
     4   32.76    0.03    0.05    0.09 ^ clkbuf_0_clk/Z (CLKBUF_X3)
                                         clknet_0_clk (net)
                  0.03    0.00    0.09 ^ clkbuf_2_0_0_clk/A (CLKBUF_X3)
     2   26.75    0.02    0.05    0.15 ^ clkbuf_2_0_0_clk/Z (CLKBUF_X3)
                                         clknet_2_0_0_clk (net)
                  0.02    0.01    0.15 ^ clkbuf_3_1_0_clk/A (CLKBUF_X3)
     8   46.41    0.04    0.07    0.22 ^ clkbuf_3_1_0_clk/Z (CLKBUF_X3)
                                         clknet_3_1_0_clk (net)
                  0.04    0.00    0.23 ^ clkbuf_6_11_0_clk/A (CLKBUF_X3)
    18   47.91    0.04    0.08    0.30 ^ clkbuf_6_11_0_clk/Z (CLKBUF_X3)
                                         clknet_6_11_0_clk (net)
                  0.04    0.00    0.30 ^ clkbuf_leaf_777_clk/A (CLKBUF_X3)
     7   11.75    0.01    0.05    0.35 ^ clkbuf_leaf_777_clk/Z (CLKBUF_X3)
                                         clknet_leaf_777_clk (net)
                  0.01    0.00    0.35 ^ hidden_layer.neuron0.u_add_bias.sum_reg[26]$_SDFFE_PN0P_/CK (DFF_X1)
     1    1.62    0.01    0.08    0.44 v hidden_layer.neuron0.u_add_bias.sum_reg[26]$_SDFFE_PN0P_/Q (DFF_X1)
                                         hidden_layer.neuron0.sum_bias[26] (net)
                  0.01    0.00    0.44 v _244595_/A (INV_X1)
     2    4.95    0.01    0.02    0.46 ^ _244595_/ZN (INV_X1)
                                         _055967_ (net)
                  0.01    0.00    0.46 ^ _245009_/A1 (NOR3_X1)
     1    1.59    0.01    0.01    0.47 v _245009_/ZN (NOR3_X1)
                                         _030667_ (net)
                  0.01    0.00    0.47 v hidden_layer.neuron0.u_relu.data_out[26]$_SDFF_PP0_/D (DFF_X1)
                                  0.47   data arrival time

                          0.00    0.00   clock clk (rise edge)
                          0.00    0.00   clock source latency
     1   32.87    0.00    0.00    0.00 ^ clk (in)
                                         clk (net)
                  0.01    0.01    0.01 ^ wire5124/A (BUF_X8)
     1   28.23    0.01    0.02    0.03 ^ wire5124/Z (BUF_X8)
                                         net5123 (net)
                  0.01    0.01    0.04 ^ clkbuf_0_clk/A (CLKBUF_X3)
     4   32.76    0.03    0.05    0.09 ^ clkbuf_0_clk/Z (CLKBUF_X3)
                                         clknet_0_clk (net)
                  0.03    0.00    0.10 ^ clkbuf_2_2_0_clk/A (CLKBUF_X3)
     2   26.98    0.02    0.05    0.15 ^ clkbuf_2_2_0_clk/Z (CLKBUF_X3)
                                         clknet_2_2_0_clk (net)
                  0.02    0.01    0.15 ^ clkbuf_3_4_0_clk/A (CLKBUF_X3)
     8   46.87    0.04    0.07    0.22 ^ clkbuf_3_4_0_clk/Z (CLKBUF_X3)
                                         clknet_3_4_0_clk (net)
                  0.04    0.00    0.23 ^ clkbuf_6_36_0_clk/A (CLKBUF_X3)
    25   60.28    0.05    0.08    0.31 ^ clkbuf_6_36_0_clk/Z (CLKBUF_X3)
                                         clknet_6_36_0_clk (net)
                  0.05    0.01    0.32 ^ clkbuf_leaf_757_clk/A (CLKBUF_X3)
     8   11.99    0.01    0.05    0.37 ^ clkbuf_leaf_757_clk/Z (CLKBUF_X3)
                                         clknet_leaf_757_clk (net)
                  0.01    0.00    0.37 ^ hidden_layer.neuron0.u_relu.data_out[26]$_SDFF_PP0_/CK (DFF_X1)
                          0.10    0.47   clock uncertainty
                          0.00    0.47   clock reconvergence pessimism
                          0.00    0.47   library hold time
                                  0.47   data required time
-----------------------------------------------------------------------------
                                  0.47   data required time
                                 -0.47   data arrival time
-----------------------------------------------------------------------------
                                 -0.01   slack (VIOLATED)



==========================================================================
finish report_checks -path_delay max
--------------------------------------------------------------------------
Startpoint: hidden_layer.neuron1.u_add23.a_reg[30]$_SDFFE_PN0P_
            (rising edge-triggered flip-flop clocked by clk)
Endpoint: hidden_layer.neuron1.u_add23.sum_reg[21]$_SDFFE_PN0P_
          (rising edge-triggered flip-flop clocked by clk)
Path Group: clk
Path Type: max

Fanout     Cap    Slew   Delay    Time   Description
-----------------------------------------------------------------------------
                          0.00    0.00   clock clk (rise edge)
                          0.00    0.00   clock source latency
     1   32.87    0.00    0.00    0.00 ^ clk (in)
                                         clk (net)
                  0.01    0.01    0.01 ^ wire5124/A (BUF_X8)
     1   28.23    0.01    0.02    0.03 ^ wire5124/Z (BUF_X8)
                                         net5123 (net)
                  0.01    0.01    0.04 ^ clkbuf_0_clk/A (CLKBUF_X3)
     4   32.76    0.03    0.05    0.09 ^ clkbuf_0_clk/Z (CLKBUF_X3)
                                         clknet_0_clk (net)
                  0.03    0.00    0.09 ^ clkbuf_2_0_0_clk/A (CLKBUF_X3)
     2   26.75    0.02    0.05    0.15 ^ clkbuf_2_0_0_clk/Z (CLKBUF_X3)
                                         clknet_2_0_0_clk (net)
                  0.02    0.01    0.15 ^ clkbuf_3_1_0_clk/A (CLKBUF_X3)
     8   46.41    0.04    0.07    0.22 ^ clkbuf_3_1_0_clk/Z (CLKBUF_X3)
                                         clknet_3_1_0_clk (net)
                  0.04    0.00    0.23 ^ clkbuf_6_13_0_clk/A (CLKBUF_X3)
    16   46.83    0.04    0.08    0.30 ^ clkbuf_6_13_0_clk/Z (CLKBUF_X3)
                                         clknet_6_13_0_clk (net)
                  0.04    0.00    0.30 ^ clkbuf_leaf_82_clk/A (CLKBUF_X3)
     8   10.45    0.01    0.05    0.35 ^ clkbuf_leaf_82_clk/Z (CLKBUF_X3)
                                         clknet_leaf_82_clk (net)
                  0.01    0.00    0.35 ^ hidden_layer.neuron1.u_add23.a_reg[30]$_SDFFE_PN0P_/CK (DFF_X1)
     6   14.63    0.03    0.12    0.47 ^ hidden_layer.neuron1.u_add23.a_reg[30]$_SDFFE_PN0P_/Q (DFF_X1)
                                         hidden_layer.neuron1.u_add23.a_reg[30] (net)
                  0.03    0.00    0.47 ^ _286722_/B (HA_X1)
     3    7.42    0.05    0.08    0.55 ^ _286722_/S (HA_X1)
                                         _027060_ (net)
                  0.05    0.00    0.55 ^ _157441_/A1 (AND3_X2)
     3    7.13    0.01    0.06    0.61 ^ _157441_/ZN (AND3_X2)
                                         _073662_ (net)
                  0.01    0.00    0.61 ^ _157459_/A3 (NAND4_X1)
     1    3.41    0.02    0.04    0.65 v _157459_/ZN (NAND4_X1)
                                         _073680_ (net)
                  0.02    0.00    0.65 v _157460_/A3 (NOR3_X2)
    14   26.88    0.11    0.15    0.79 ^ _157460_/ZN (NOR3_X2)
                                         _073681_ (net)
                  0.11    0.00    0.80 ^ _157461_/A2 (AND2_X1)
    16   31.57    0.07    0.12    0.92 ^ _157461_/ZN (AND2_X1)
                                         _073682_ (net)
                  0.07    0.00    0.92 ^ _157654_/A2 (OR2_X1)
     9   17.67    0.04    0.08    0.99 ^ _157654_/ZN (OR2_X1)
                                         _073875_ (net)
                  0.04    0.00    0.99 ^ _166107_/A1 (NAND2_X1)
    17   35.55    0.07    0.09    1.09 v _166107_/ZN (NAND2_X1)
                                         _082215_ (net)
                  0.07    0.00    1.09 v _178458_/A2 (AND2_X1)
     1    2.01    0.01    0.06    1.15 v _178458_/ZN (AND2_X1)
                                         _094292_ (net)
                  0.01    0.00    1.15 v _178461_/A (AOI21_X1)
     5   13.08    0.07    0.10    1.24 ^ _178461_/ZN (AOI21_X1)
                                         _020914_ (net)
                  0.07    0.00    1.24 ^ _178462_/A (INV_X1)
     3   10.13    0.02    0.03    1.28 v _178462_/ZN (INV_X1)
                                         _023023_ (net)
                  0.02    0.00    1.28 v _284276_/A (HA_X1)
     7   16.40    0.09    0.11    1.39 ^ _284276_/S (HA_X1)
                                         _023026_ (net)
                  0.09    0.00    1.39 ^ _157552_/A2 (NOR2_X1)
     1    1.80    0.02    0.01    1.40 v _157552_/ZN (NOR2_X1)
                                         _073773_ (net)
                  0.02    0.00    1.40 v _157553_/A2 (NOR2_X1)
     3    5.53    0.03    0.05    1.45 ^ _157553_/ZN (NOR2_X1)
                                         _073774_ (net)
                  0.03    0.00    1.45 ^ _157556_/B1 (AOI21_X1)
     1    2.02    0.01    0.02    1.47 v _157556_/ZN (AOI21_X1)
                                         _073777_ (net)
                  0.01    0.00    1.47 v _157559_/B2 (AOI221_X1)
     2    3.22    0.05    0.09    1.56 ^ _157559_/ZN (AOI221_X1)
                                         _073780_ (net)
                  0.05    0.00    1.56 ^ _157641_/A1 (NOR2_X1)
     3    8.36    0.02    0.03    1.59 v _157641_/ZN (NOR2_X1)
                                         _073862_ (net)
                  0.02    0.00    1.59 v _157647_/A2 (AOI22_X2)
    11   25.75    0.07    0.10    1.69 ^ _157647_/ZN (AOI22_X2)
                                         _073868_ (net)
                  0.07    0.00    1.69 ^ place3845/A (BUF_X1)
    14   38.58    0.09    0.12    1.81 ^ place3845/Z (BUF_X1)
                                         net3844 (net)
                  0.09    0.00    1.81 ^ _157701_/A2 (NOR3_X1)
     2    2.49    0.02    0.02    1.83 v _157701_/ZN (NOR3_X1)
                                         _073922_ (net)
                  0.02    0.00    1.83 v _157708_/A1 (OR2_X1)
     3    5.76    0.01    0.06    1.89 v _157708_/ZN (OR2_X1)
                                         _073929_ (net)
                  0.01    0.00    1.89 v _178505_/B (MUX2_X1)
     1    1.67    0.01    0.06    1.95 v _178505_/Z (MUX2_X1)
                                         _094336_ (net)
                  0.01    0.00    1.95 v _178506_/B1 (AOI21_X1)
     3    5.30    0.04    0.04    1.99 ^ _178506_/ZN (AOI21_X1)
                                         _094337_ (net)
                  0.04    0.00    1.99 ^ _178507_/B (MUX2_X1)
     1    1.77    0.01    0.04    2.04 ^ _178507_/Z (MUX2_X1)
                                         _094338_ (net)
                  0.01    0.00    2.04 ^ _178508_/B1 (OAI22_X1)
     1    2.74    0.02    0.02    2.06 v _178508_/ZN (OAI22_X1)
                                         _094339_ (net)
                  0.02    0.00    2.06 v _178513_/B1 (AOI22_X1)
     2    6.86    0.05    0.07    2.13 ^ _178513_/ZN (AOI22_X1)
                                         _023264_ (net)
                  0.05    0.00    2.13 ^ _284407_/B (HA_X1)
     7   17.13    0.09    0.13    2.26 ^ _284407_/S (HA_X1)
                                         _023266_ (net)
                  0.09    0.00    2.26 ^ _191468_/A (OAI21_X1)
     2    2.73    0.02    0.03    2.30 v _191468_/ZN (OAI21_X1)
                                         _106781_ (net)
                  0.02    0.00    2.30 v _191469_/B2 (AOI21_X1)
     2    4.04    0.03    0.05    2.35 ^ _191469_/ZN (AOI21_X1)
                                         _106782_ (net)
                  0.03    0.00    2.35 ^ _191470_/A (INV_X1)
     3    5.80    0.01    0.02    2.36 v _191470_/ZN (INV_X1)
                                         _106783_ (net)
                  0.01    0.00    2.36 v _191471_/B2 (AOI21_X1)
     2    3.70    0.03    0.04    2.41 ^ _191471_/ZN (AOI21_X1)
                                         _106784_ (net)
                  0.03    0.00    2.41 ^ _191472_/A2 (NAND2_X1)
     6    9.34    0.03    0.04    2.44 v _191472_/ZN (NAND2_X1)
                                         _106785_ (net)
                  0.03    0.00    2.44 v _191616_/B1 (OAI22_X1)
     1    1.77    0.03    0.05    2.49 ^ _191616_/ZN (OAI22_X1)
                                         _106929_ (net)
                  0.03    0.00    2.49 ^ _191617_/A2 (NOR2_X1)
     2    3.41    0.01    0.02    2.51 v _191617_/ZN (NOR2_X1)
                                         _106930_ (net)
                  0.01    0.00    2.51 v _191621_/A (OAI21_X1)
     3    6.02    0.04    0.03    2.54 ^ _191621_/ZN (OAI21_X1)
                                         _106934_ (net)
                  0.04    0.00    2.54 ^ _191622_/A2 (NAND2_X1)
     4    6.13    0.03    0.03    2.57 v _191622_/ZN (NAND2_X1)
                                         _106935_ (net)
                  0.03    0.00    2.57 v _191660_/A1 (OR2_X1)
     2    5.04    0.01    0.06    2.63 v _191660_/ZN (OR2_X1)
                                         _106973_ (net)
                  0.01    0.00    2.63 v _191667_/A3 (NOR3_X2)
     4   11.06    0.05    0.08    2.71 ^ _191667_/ZN (NOR3_X2)
                                         _106980_ (net)
                  0.05    0.00    2.71 ^ _191668_/B2 (OAI21_X1)
     3    5.90    0.02    0.04    2.75 v _191668_/ZN (OAI21_X1)
                                         _106981_ (net)
                  0.02    0.00    2.75 v _191743_/B2 (AOI21_X1)
     2    4.60    0.03    0.05    2.81 ^ _191743_/ZN (AOI21_X1)
                                         _107056_ (net)
                  0.03    0.00    2.81 ^ _191744_/B (XNOR2_X1)
     2    7.06    0.04    0.06    2.86 ^ _191744_/ZN (XNOR2_X1)
                                         _107057_ (net)
                  0.04    0.00    2.86 ^ _191902_/A4 (AND4_X1)
     2    5.44    0.02    0.07    2.94 ^ _191902_/ZN (AND4_X1)
                                         _107215_ (net)
                  0.02    0.00    2.94 ^ _191903_/C2 (OAI211_X2)
    13   23.78    0.04    0.06    2.99 v _191903_/ZN (OAI211_X2)
                                         _107216_ (net)
                  0.04    0.00    2.99 v _191937_/A1 (OR3_X1)
     1    3.38    0.02    0.08    3.08 v _191937_/ZN (OR3_X1)
                                         _107250_ (net)
                  0.02    0.00    3.08 v _191938_/B2 (AOI21_X2)
    14   47.78    0.12    0.14    3.22 ^ _191938_/ZN (AOI21_X2)
                                         _107251_ (net)
                  0.12    0.01    3.23 ^ _197484_/B1 (AOI21_X1)
     1    3.93    0.03    0.03    3.26 v _197484_/ZN (AOI21_X1)
                                         _020064_ (net)
                  0.03    0.00    3.26 v _282162_/A (HA_X1)
     1    1.58    0.01    0.04    3.30 v _282162_/CO (HA_X1)
                                         _020065_ (net)
                  0.01    0.00    3.30 v _191441_/B2 (OAI21_X1)
     1    2.25    0.02    0.03    3.33 ^ _191441_/ZN (OAI21_X1)
                                         _106754_ (net)
                  0.02    0.00    3.33 ^ _191442_/B2 (AOI21_X1)
     1    1.67    0.01    0.02    3.35 v _191442_/ZN (AOI21_X1)
                                         _106755_ (net)
                  0.01    0.00    3.35 v _191443_/B2 (OAI21_X1)
     1    1.81    0.02    0.03    3.38 ^ _191443_/ZN (OAI21_X1)
                                         _106756_ (net)
                  0.02    0.00    3.38 ^ _191444_/B2 (AOI21_X1)
     1    1.38    0.01    0.02    3.40 v _191444_/ZN (AOI21_X1)
                                         _106757_ (net)
                  0.01    0.00    3.40 v _191445_/A3 (OR3_X1)
     3    6.27    0.02    0.09    3.49 v _191445_/ZN (OR3_X1)
                                         _106758_ (net)
                  0.02    0.00    3.49 v _191446_/A3 (NOR3_X2)
     1    1.34    0.02    0.05    3.54 ^ _191446_/ZN (NOR3_X2)
                                         _106759_ (net)
                  0.02    0.00    3.54 ^ place3566/A (BUF_X1)
    13   36.52    0.08    0.11    3.65 ^ place3566/Z (BUF_X1)
                                         net3565 (net)
                  0.08    0.00    3.65 ^ _191876_/A (AOI21_X1)
     2    3.03    0.02    0.03    3.67 v _191876_/ZN (AOI21_X1)
                                         _107189_ (net)
                  0.02    0.00    3.67 v _191877_/A4 (AND4_X1)
     2    4.92    0.01    0.05    3.73 v _191877_/ZN (AND4_X1)
                                         _107190_ (net)
                  0.01    0.00    3.73 v _191939_/A2 (NOR2_X1)
     2    4.71    0.03    0.04    3.77 ^ _191939_/ZN (NOR2_X1)
                                         _107252_ (net)
                  0.03    0.00    3.77 ^ _192048_/A (OAI21_X2)
    14   35.52    0.05    0.06    3.83 v _192048_/ZN (OAI21_X2)
                                         _107360_ (net)
                  0.05    0.00    3.83 v _192049_/A (INV_X2)
    19   52.29    0.06    0.09    3.92 ^ _192049_/ZN (INV_X2)
                                         _107361_ (net)
                  0.06    0.00    3.92 ^ _281673_/B (HA_X1)
     2    4.67    0.01    0.05    3.97 ^ _281673_/CO (HA_X1)
                                         _009637_ (net)
                  0.01    0.00    3.98 ^ _250114_/B1 (OAI21_X1)
     1    1.60    0.01    0.02    3.99 v _250114_/ZN (OAI21_X1)
                                         _060846_ (net)
                  0.01    0.00    3.99 v _250115_/B2 (AOI21_X1)
     2    4.93    0.04    0.05    4.04 ^ _250115_/ZN (AOI21_X1)
                                         _060847_ (net)
                  0.04    0.00    4.04 ^ _250116_/A2 (NOR2_X1)
     1    1.75    0.01    0.01    4.05 v _250116_/ZN (NOR2_X1)
                                         _060848_ (net)
                  0.01    0.00    4.05 v _250117_/B2 (OAI21_X1)
     1    1.99    0.02    0.03    4.09 ^ _250117_/ZN (OAI21_X1)
                                         _060849_ (net)
                  0.02    0.00    4.09 ^ _250118_/A (INV_X1)
     2    3.05    0.01    0.01    4.10 v _250118_/ZN (INV_X1)
                                         _060850_ (net)
                  0.01    0.00    4.10 v _250119_/B2 (OAI21_X1)
     2    3.58    0.03    0.04    4.14 ^ _250119_/ZN (OAI21_X1)
                                         _060851_ (net)
                  0.03    0.00    4.14 ^ _250120_/A2 (NAND2_X1)
     1    1.87    0.01    0.02    4.16 v _250120_/ZN (NAND2_X1)
                                         _060852_ (net)
                  0.01    0.00    4.16 v _250121_/B1 (AOI21_X1)
     2    3.52    0.03    0.04    4.19 ^ _250121_/ZN (AOI21_X1)
                                         _060853_ (net)
                  0.03    0.00    4.19 ^ _250122_/B2 (OAI21_X1)
     1    1.33    0.01    0.02    4.21 v _250122_/ZN (OAI21_X1)
                                         _060854_ (net)
                  0.01    0.00    4.21 v _250123_/A3 (AND3_X1)
     1    1.70    0.01    0.04    4.25 v _250123_/ZN (AND3_X1)
                                         _060855_ (net)
                  0.01    0.00    4.25 v _250128_/A (AOI21_X1)
     3    5.18    0.04    0.06    4.31 ^ _250128_/ZN (AOI21_X1)
                                         _060860_ (net)
                  0.04    0.00    4.31 ^ _250696_/A1 (NOR4_X1)
     1    2.10    0.01    0.01    4.32 v _250696_/ZN (NOR4_X1)
                                         _061420_ (net)
                  0.01    0.00    4.32 v _250697_/A3 (NOR3_X1)
     6   12.61    0.10    0.14    4.46 ^ _250697_/ZN (NOR3_X1)
                                         _061421_ (net)
                  0.10    0.00    4.46 ^ _250698_/A2 (AND2_X1)
    12   24.49    0.06    0.10    4.56 ^ _250698_/ZN (AND2_X1)
                                         _061422_ (net)
                  0.06    0.00    4.56 ^ _250700_/A2 (NAND2_X1)
     4    6.93    0.03    0.04    4.60 v _250700_/ZN (NAND2_X1)
                                         _061424_ (net)
                  0.03    0.00    4.60 v _250714_/B3 (OAI33_X1)
     1    1.35    0.05    0.09    4.68 ^ _250714_/ZN (OAI33_X1)
                                         _031222_ (net)
                  0.05    0.00    4.68 ^ hidden_layer.neuron1.u_add23.sum_reg[21]$_SDFFE_PN0P_/D (DFF_X1)
                                  4.68   data arrival time

                         10.00   10.00   clock clk (rise edge)
                          0.00   10.00   clock source latency
     1   32.87    0.00    0.00   10.00 ^ clk (in)
                                         clk (net)
                  0.01    0.01   10.01 ^ wire5124/A (BUF_X8)
     1   28.23    0.01    0.02   10.03 ^ wire5124/Z (BUF_X8)
                                         net5123 (net)
                  0.01    0.01   10.04 ^ clkbuf_0_clk/A (CLKBUF_X3)
     4   32.76    0.03    0.05   10.09 ^ clkbuf_0_clk/Z (CLKBUF_X3)
                                         clknet_0_clk (net)
                  0.03    0.00   10.09 ^ clkbuf_2_0_0_clk/A (CLKBUF_X3)
     2   26.75    0.02    0.05   10.15 ^ clkbuf_2_0_0_clk/Z (CLKBUF_X3)
                                         clknet_2_0_0_clk (net)
                  0.02    0.01   10.15 ^ clkbuf_3_1_0_clk/A (CLKBUF_X3)
     8   46.41    0.04    0.07   10.22 ^ clkbuf_3_1_0_clk/Z (CLKBUF_X3)
                                         clknet_3_1_0_clk (net)
                  0.04    0.00   10.23 ^ clkbuf_6_15_0_clk/A (CLKBUF_X3)
    16   45.92    0.04    0.07   10.30 ^ clkbuf_6_15_0_clk/Z (CLKBUF_X3)
                                         clknet_6_15_0_clk (net)
                  0.04    0.00   10.30 ^ clkbuf_leaf_103_clk/A (CLKBUF_X3)
     7   10.82    0.01    0.05   10.35 ^ clkbuf_leaf_103_clk/Z (CLKBUF_X3)
                                         clknet_leaf_103_clk (net)
                  0.01    0.00   10.35 ^ hidden_layer.neuron1.u_add23.sum_reg[21]$_SDFFE_PN0P_/CK (DFF_X1)
                         -0.10   10.25   clock uncertainty
                          0.00   10.25   clock reconvergence pessimism
                         -0.04   10.21   library setup time
                                 10.21   data required time
-----------------------------------------------------------------------------
                                 10.21   data required time
                                 -4.68   data arrival time
-----------------------------------------------------------------------------
                                  5.52   slack (MET)



==========================================================================
finish report_checks -unconstrained
--------------------------------------------------------------------------
Startpoint: hidden_layer.neuron1.u_add23.a_reg[30]$_SDFFE_PN0P_
            (rising edge-triggered flip-flop clocked by clk)
Endpoint: hidden_layer.neuron1.u_add23.sum_reg[21]$_SDFFE_PN0P_
          (rising edge-triggered flip-flop clocked by clk)
Path Group: clk
Path Type: max

Fanout     Cap    Slew   Delay    Time   Description
-----------------------------------------------------------------------------
                          0.00    0.00   clock clk (rise edge)
                          0.00    0.00   clock source latency
     1   32.87    0.00    0.00    0.00 ^ clk (in)
                                         clk (net)
                  0.01    0.01    0.01 ^ wire5124/A (BUF_X8)
     1   28.23    0.01    0.02    0.03 ^ wire5124/Z (BUF_X8)
                                         net5123 (net)
                  0.01    0.01    0.04 ^ clkbuf_0_clk/A (CLKBUF_X3)
     4   32.76    0.03    0.05    0.09 ^ clkbuf_0_clk/Z (CLKBUF_X3)
                                         clknet_0_clk (net)
                  0.03    0.00    0.09 ^ clkbuf_2_0_0_clk/A (CLKBUF_X3)
     2   26.75    0.02    0.05    0.15 ^ clkbuf_2_0_0_clk/Z (CLKBUF_X3)
                                         clknet_2_0_0_clk (net)
                  0.02    0.01    0.15 ^ clkbuf_3_1_0_clk/A (CLKBUF_X3)
     8   46.41    0.04    0.07    0.22 ^ clkbuf_3_1_0_clk/Z (CLKBUF_X3)
                                         clknet_3_1_0_clk (net)
                  0.04    0.00    0.23 ^ clkbuf_6_13_0_clk/A (CLKBUF_X3)
    16   46.83    0.04    0.08    0.30 ^ clkbuf_6_13_0_clk/Z (CLKBUF_X3)
                                         clknet_6_13_0_clk (net)
                  0.04    0.00    0.30 ^ clkbuf_leaf_82_clk/A (CLKBUF_X3)
     8   10.45    0.01    0.05    0.35 ^ clkbuf_leaf_82_clk/Z (CLKBUF_X3)
                                         clknet_leaf_82_clk (net)
                  0.01    0.00    0.35 ^ hidden_layer.neuron1.u_add23.a_reg[30]$_SDFFE_PN0P_/CK (DFF_X1)
     6   14.63    0.03    0.12    0.47 ^ hidden_layer.neuron1.u_add23.a_reg[30]$_SDFFE_PN0P_/Q (DFF_X1)
                                         hidden_layer.neuron1.u_add23.a_reg[30] (net)
                  0.03    0.00    0.47 ^ _286722_/B (HA_X1)
     3    7.42    0.05    0.08    0.55 ^ _286722_/S (HA_X1)
                                         _027060_ (net)
                  0.05    0.00    0.55 ^ _157441_/A1 (AND3_X2)
     3    7.13    0.01    0.06    0.61 ^ _157441_/ZN (AND3_X2)
                                         _073662_ (net)
                  0.01    0.00    0.61 ^ _157459_/A3 (NAND4_X1)
     1    3.41    0.02    0.04    0.65 v _157459_/ZN (NAND4_X1)
                                         _073680_ (net)
                  0.02    0.00    0.65 v _157460_/A3 (NOR3_X2)
    14   26.88    0.11    0.15    0.79 ^ _157460_/ZN (NOR3_X2)
                                         _073681_ (net)
                  0.11    0.00    0.80 ^ _157461_/A2 (AND2_X1)
    16   31.57    0.07    0.12    0.92 ^ _157461_/ZN (AND2_X1)
                                         _073682_ (net)
                  0.07    0.00    0.92 ^ _157654_/A2 (OR2_X1)
     9   17.67    0.04    0.08    0.99 ^ _157654_/ZN (OR2_X1)
                                         _073875_ (net)
                  0.04    0.00    0.99 ^ _166107_/A1 (NAND2_X1)
    17   35.55    0.07    0.09    1.09 v _166107_/ZN (NAND2_X1)
                                         _082215_ (net)
                  0.07    0.00    1.09 v _178458_/A2 (AND2_X1)
     1    2.01    0.01    0.06    1.15 v _178458_/ZN (AND2_X1)
                                         _094292_ (net)
                  0.01    0.00    1.15 v _178461_/A (AOI21_X1)
     5   13.08    0.07    0.10    1.24 ^ _178461_/ZN (AOI21_X1)
                                         _020914_ (net)
                  0.07    0.00    1.24 ^ _178462_/A (INV_X1)
     3   10.13    0.02    0.03    1.28 v _178462_/ZN (INV_X1)
                                         _023023_ (net)
                  0.02    0.00    1.28 v _284276_/A (HA_X1)
     7   16.40    0.09    0.11    1.39 ^ _284276_/S (HA_X1)
                                         _023026_ (net)
                  0.09    0.00    1.39 ^ _157552_/A2 (NOR2_X1)
     1    1.80    0.02    0.01    1.40 v _157552_/ZN (NOR2_X1)
                                         _073773_ (net)
                  0.02    0.00    1.40 v _157553_/A2 (NOR2_X1)
     3    5.53    0.03    0.05    1.45 ^ _157553_/ZN (NOR2_X1)
                                         _073774_ (net)
                  0.03    0.00    1.45 ^ _157556_/B1 (AOI21_X1)
     1    2.02    0.01    0.02    1.47 v _157556_/ZN (AOI21_X1)
                                         _073777_ (net)
                  0.01    0.00    1.47 v _157559_/B2 (AOI221_X1)
     2    3.22    0.05    0.09    1.56 ^ _157559_/ZN (AOI221_X1)
                                         _073780_ (net)
                  0.05    0.00    1.56 ^ _157641_/A1 (NOR2_X1)
     3    8.36    0.02    0.03    1.59 v _157641_/ZN (NOR2_X1)
                                         _073862_ (net)
                  0.02    0.00    1.59 v _157647_/A2 (AOI22_X2)
    11   25.75    0.07    0.10    1.69 ^ _157647_/ZN (AOI22_X2)
                                         _073868_ (net)
                  0.07    0.00    1.69 ^ place3845/A (BUF_X1)
    14   38.58    0.09    0.12    1.81 ^ place3845/Z (BUF_X1)
                                         net3844 (net)
                  0.09    0.00    1.81 ^ _157701_/A2 (NOR3_X1)
     2    2.49    0.02    0.02    1.83 v _157701_/ZN (NOR3_X1)
                                         _073922_ (net)
                  0.02    0.00    1.83 v _157708_/A1 (OR2_X1)
     3    5.76    0.01    0.06    1.89 v _157708_/ZN (OR2_X1)
                                         _073929_ (net)
                  0.01    0.00    1.89 v _178505_/B (MUX2_X1)
     1    1.67    0.01    0.06    1.95 v _178505_/Z (MUX2_X1)
                                         _094336_ (net)
                  0.01    0.00    1.95 v _178506_/B1 (AOI21_X1)
     3    5.30    0.04    0.04    1.99 ^ _178506_/ZN (AOI21_X1)
                                         _094337_ (net)
                  0.04    0.00    1.99 ^ _178507_/B (MUX2_X1)
     1    1.77    0.01    0.04    2.04 ^ _178507_/Z (MUX2_X1)
                                         _094338_ (net)
                  0.01    0.00    2.04 ^ _178508_/B1 (OAI22_X1)
     1    2.74    0.02    0.02    2.06 v _178508_/ZN (OAI22_X1)
                                         _094339_ (net)
                  0.02    0.00    2.06 v _178513_/B1 (AOI22_X1)
     2    6.86    0.05    0.07    2.13 ^ _178513_/ZN (AOI22_X1)
                                         _023264_ (net)
                  0.05    0.00    2.13 ^ _284407_/B (HA_X1)
     7   17.13    0.09    0.13    2.26 ^ _284407_/S (HA_X1)
                                         _023266_ (net)
                  0.09    0.00    2.26 ^ _191468_/A (OAI21_X1)
     2    2.73    0.02    0.03    2.30 v _191468_/ZN (OAI21_X1)
                                         _106781_ (net)
                  0.02    0.00    2.30 v _191469_/B2 (AOI21_X1)
     2    4.04    0.03    0.05    2.35 ^ _191469_/ZN (AOI21_X1)
                                         _106782_ (net)
                  0.03    0.00    2.35 ^ _191470_/A (INV_X1)
     3    5.80    0.01    0.02    2.36 v _191470_/ZN (INV_X1)
                                         _106783_ (net)
                  0.01    0.00    2.36 v _191471_/B2 (AOI21_X1)
     2    3.70    0.03    0.04    2.41 ^ _191471_/ZN (AOI21_X1)
                                         _106784_ (net)
                  0.03    0.00    2.41 ^ _191472_/A2 (NAND2_X1)
     6    9.34    0.03    0.04    2.44 v _191472_/ZN (NAND2_X1)
                                         _106785_ (net)
                  0.03    0.00    2.44 v _191616_/B1 (OAI22_X1)
     1    1.77    0.03    0.05    2.49 ^ _191616_/ZN (OAI22_X1)
                                         _106929_ (net)
                  0.03    0.00    2.49 ^ _191617_/A2 (NOR2_X1)
     2    3.41    0.01    0.02    2.51 v _191617_/ZN (NOR2_X1)
                                         _106930_ (net)
                  0.01    0.00    2.51 v _191621_/A (OAI21_X1)
     3    6.02    0.04    0.03    2.54 ^ _191621_/ZN (OAI21_X1)
                                         _106934_ (net)
                  0.04    0.00    2.54 ^ _191622_/A2 (NAND2_X1)
     4    6.13    0.03    0.03    2.57 v _191622_/ZN (NAND2_X1)
                                         _106935_ (net)
                  0.03    0.00    2.57 v _191660_/A1 (OR2_X1)
     2    5.04    0.01    0.06    2.63 v _191660_/ZN (OR2_X1)
                                         _106973_ (net)
                  0.01    0.00    2.63 v _191667_/A3 (NOR3_X2)
     4   11.06    0.05    0.08    2.71 ^ _191667_/ZN (NOR3_X2)
                                         _106980_ (net)
                  0.05    0.00    2.71 ^ _191668_/B2 (OAI21_X1)
     3    5.90    0.02    0.04    2.75 v _191668_/ZN (OAI21_X1)
                                         _106981_ (net)
                  0.02    0.00    2.75 v _191743_/B2 (AOI21_X1)
     2    4.60    0.03    0.05    2.81 ^ _191743_/ZN (AOI21_X1)
                                         _107056_ (net)
                  0.03    0.00    2.81 ^ _191744_/B (XNOR2_X1)
     2    7.06    0.04    0.06    2.86 ^ _191744_/ZN (XNOR2_X1)
                                         _107057_ (net)
                  0.04    0.00    2.86 ^ _191902_/A4 (AND4_X1)
     2    5.44    0.02    0.07    2.94 ^ _191902_/ZN (AND4_X1)
                                         _107215_ (net)
                  0.02    0.00    2.94 ^ _191903_/C2 (OAI211_X2)
    13   23.78    0.04    0.06    2.99 v _191903_/ZN (OAI211_X2)
                                         _107216_ (net)
                  0.04    0.00    2.99 v _191937_/A1 (OR3_X1)
     1    3.38    0.02    0.08    3.08 v _191937_/ZN (OR3_X1)
                                         _107250_ (net)
                  0.02    0.00    3.08 v _191938_/B2 (AOI21_X2)
    14   47.78    0.12    0.14    3.22 ^ _191938_/ZN (AOI21_X2)
                                         _107251_ (net)
                  0.12    0.01    3.23 ^ _197484_/B1 (AOI21_X1)
     1    3.93    0.03    0.03    3.26 v _197484_/ZN (AOI21_X1)
                                         _020064_ (net)
                  0.03    0.00    3.26 v _282162_/A (HA_X1)
     1    1.58    0.01    0.04    3.30 v _282162_/CO (HA_X1)
                                         _020065_ (net)
                  0.01    0.00    3.30 v _191441_/B2 (OAI21_X1)
     1    2.25    0.02    0.03    3.33 ^ _191441_/ZN (OAI21_X1)
                                         _106754_ (net)
                  0.02    0.00    3.33 ^ _191442_/B2 (AOI21_X1)
     1    1.67    0.01    0.02    3.35 v _191442_/ZN (AOI21_X1)
                                         _106755_ (net)
                  0.01    0.00    3.35 v _191443_/B2 (OAI21_X1)
     1    1.81    0.02    0.03    3.38 ^ _191443_/ZN (OAI21_X1)
                                         _106756_ (net)
                  0.02    0.00    3.38 ^ _191444_/B2 (AOI21_X1)
     1    1.38    0.01    0.02    3.40 v _191444_/ZN (AOI21_X1)
                                         _106757_ (net)
                  0.01    0.00    3.40 v _191445_/A3 (OR3_X1)
     3    6.27    0.02    0.09    3.49 v _191445_/ZN (OR3_X1)
                                         _106758_ (net)
                  0.02    0.00    3.49 v _191446_/A3 (NOR3_X2)
     1    1.34    0.02    0.05    3.54 ^ _191446_/ZN (NOR3_X2)
                                         _106759_ (net)
                  0.02    0.00    3.54 ^ place3566/A (BUF_X1)
    13   36.52    0.08    0.11    3.65 ^ place3566/Z (BUF_X1)
                                         net3565 (net)
                  0.08    0.00    3.65 ^ _191876_/A (AOI21_X1)
     2    3.03    0.02    0.03    3.67 v _191876_/ZN (AOI21_X1)
                                         _107189_ (net)
                  0.02    0.00    3.67 v _191877_/A4 (AND4_X1)
     2    4.92    0.01    0.05    3.73 v _191877_/ZN (AND4_X1)
                                         _107190_ (net)
                  0.01    0.00    3.73 v _191939_/A2 (NOR2_X1)
     2    4.71    0.03    0.04    3.77 ^ _191939_/ZN (NOR2_X1)
                                         _107252_ (net)
                  0.03    0.00    3.77 ^ _192048_/A (OAI21_X2)
    14   35.52    0.05    0.06    3.83 v _192048_/ZN (OAI21_X2)
                                         _107360_ (net)
                  0.05    0.00    3.83 v _192049_/A (INV_X2)
    19   52.29    0.06    0.09    3.92 ^ _192049_/ZN (INV_X2)
                                         _107361_ (net)
                  0.06    0.00    3.92 ^ _281673_/B (HA_X1)
     2    4.67    0.01    0.05    3.97 ^ _281673_/CO (HA_X1)
                                         _009637_ (net)
                  0.01    0.00    3.98 ^ _250114_/B1 (OAI21_X1)
     1    1.60    0.01    0.02    3.99 v _250114_/ZN (OAI21_X1)
                                         _060846_ (net)
                  0.01    0.00    3.99 v _250115_/B2 (AOI21_X1)
     2    4.93    0.04    0.05    4.04 ^ _250115_/ZN (AOI21_X1)
                                         _060847_ (net)
                  0.04    0.00    4.04 ^ _250116_/A2 (NOR2_X1)
     1    1.75    0.01    0.01    4.05 v _250116_/ZN (NOR2_X1)
                                         _060848_ (net)
                  0.01    0.00    4.05 v _250117_/B2 (OAI21_X1)
     1    1.99    0.02    0.03    4.09 ^ _250117_/ZN (OAI21_X1)
                                         _060849_ (net)
                  0.02    0.00    4.09 ^ _250118_/A (INV_X1)
     2    3.05    0.01    0.01    4.10 v _250118_/ZN (INV_X1)
                                         _060850_ (net)
                  0.01    0.00    4.10 v _250119_/B2 (OAI21_X1)
     2    3.58    0.03    0.04    4.14 ^ _250119_/ZN (OAI21_X1)
                                         _060851_ (net)
                  0.03    0.00    4.14 ^ _250120_/A2 (NAND2_X1)
     1    1.87    0.01    0.02    4.16 v _250120_/ZN (NAND2_X1)
                                         _060852_ (net)
                  0.01    0.00    4.16 v _250121_/B1 (AOI21_X1)
     2    3.52    0.03    0.04    4.19 ^ _250121_/ZN (AOI21_X1)
                                         _060853_ (net)
                  0.03    0.00    4.19 ^ _250122_/B2 (OAI21_X1)
     1    1.33    0.01    0.02    4.21 v _250122_/ZN (OAI21_X1)
                                         _060854_ (net)
                  0.01    0.00    4.21 v _250123_/A3 (AND3_X1)
     1    1.70    0.01    0.04    4.25 v _250123_/ZN (AND3_X1)
                                         _060855_ (net)
                  0.01    0.00    4.25 v _250128_/A (AOI21_X1)
     3    5.18    0.04    0.06    4.31 ^ _250128_/ZN (AOI21_X1)
                                         _060860_ (net)
                  0.04    0.00    4.31 ^ _250696_/A1 (NOR4_X1)
     1    2.10    0.01    0.01    4.32 v _250696_/ZN (NOR4_X1)
                                         _061420_ (net)
                  0.01    0.00    4.32 v _250697_/A3 (NOR3_X1)
     6   12.61    0.10    0.14    4.46 ^ _250697_/ZN (NOR3_X1)
                                         _061421_ (net)
                  0.10    0.00    4.46 ^ _250698_/A2 (AND2_X1)
    12   24.49    0.06    0.10    4.56 ^ _250698_/ZN (AND2_X1)
                                         _061422_ (net)
                  0.06    0.00    4.56 ^ _250700_/A2 (NAND2_X1)
     4    6.93    0.03    0.04    4.60 v _250700_/ZN (NAND2_X1)
                                         _061424_ (net)
                  0.03    0.00    4.60 v _250714_/B3 (OAI33_X1)
     1    1.35    0.05    0.09    4.68 ^ _250714_/ZN (OAI33_X1)
                                         _031222_ (net)
                  0.05    0.00    4.68 ^ hidden_layer.neuron1.u_add23.sum_reg[21]$_SDFFE_PN0P_/D (DFF_X1)
                                  4.68   data arrival time

                         10.00   10.00   clock clk (rise edge)
                          0.00   10.00   clock source latency
     1   32.87    0.00    0.00   10.00 ^ clk (in)
                                         clk (net)
                  0.01    0.01   10.01 ^ wire5124/A (BUF_X8)
     1   28.23    0.01    0.02   10.03 ^ wire5124/Z (BUF_X8)
                                         net5123 (net)
                  0.01    0.01   10.04 ^ clkbuf_0_clk/A (CLKBUF_X3)
     4   32.76    0.03    0.05   10.09 ^ clkbuf_0_clk/Z (CLKBUF_X3)
                                         clknet_0_clk (net)
                  0.03    0.00   10.09 ^ clkbuf_2_0_0_clk/A (CLKBUF_X3)
     2   26.75    0.02    0.05   10.15 ^ clkbuf_2_0_0_clk/Z (CLKBUF_X3)
                                         clknet_2_0_0_clk (net)
                  0.02    0.01   10.15 ^ clkbuf_3_1_0_clk/A (CLKBUF_X3)
     8   46.41    0.04    0.07   10.22 ^ clkbuf_3_1_0_clk/Z (CLKBUF_X3)
                                         clknet_3_1_0_clk (net)
                  0.04    0.00   10.23 ^ clkbuf_6_15_0_clk/A (CLKBUF_X3)
    16   45.92    0.04    0.07   10.30 ^ clkbuf_6_15_0_clk/Z (CLKBUF_X3)
                                         clknet_6_15_0_clk (net)
                  0.04    0.00   10.30 ^ clkbuf_leaf_103_clk/A (CLKBUF_X3)
     7   10.82    0.01    0.05   10.35 ^ clkbuf_leaf_103_clk/Z (CLKBUF_X3)
                                         clknet_leaf_103_clk (net)
                  0.01    0.00   10.35 ^ hidden_layer.neuron1.u_add23.sum_reg[21]$_SDFFE_PN0P_/CK (DFF_X1)
                         -0.10   10.25   clock uncertainty
                          0.00   10.25   clock reconvergence pessimism
                         -0.04   10.21   library setup time
                                 10.21   data required time
-----------------------------------------------------------------------------
                                 10.21   data required time
                                 -4.68   data arrival time
-----------------------------------------------------------------------------
                                  5.52   slack (MET)



==========================================================================
finish report_check_types -max_slew -max_cap -max_fanout -violators
--------------------------------------------------------------------------
max capacitance

Pin                                    Limit     Cap   Slack
------------------------------------------------------------
_175632_/ZN                           121.46  124.37   -2.91 (VIOLATED)

_188497_/ZN                            50.66   53.09   -2.43 (VIOLATED)

_196306_/ZN                            52.11   54.02   -1.91 (VIOLATED)

_179755_/ZN                            52.03   53.85   -1.82 (VIOLATED)

_170593_/ZN                            53.41   55.08   -1.67 (VIOLATED)

_160625_/ZN                            22.16   23.80   -1.64 (VIOLATED)

y0_mul0.b_reg[15]$_SDFF_PN0_/Q         60.73   62.16   -1.43 (VIOLATED)

_160431_/ZN                            26.70   27.98   -1.27 (VIOLATED)

_230169_/ZN                            20.90   22.14   -1.24 (VIOLATED)

_158173_/ZN                            52.03   53.24   -1.20 (VIOLATED)

_283271_/S                             25.25   26.45   -1.20 (VIOLATED)

_177455_/ZN                            52.03   53.12   -1.09 (VIOLATED)

_187507_/ZN                            26.05   27.13   -1.08 (VIOLATED)

_163642_/ZN                            52.11   53.12   -1.01 (VIOLATED)


==========================================================================
finish max_slew_check_slack
--------------------------------------------------------------------------
0.05788809806108475

==========================================================================
finish max_slew_check_limit
--------------------------------------------------------------------------
0.1985349953174591

==========================================================================
finish max_slew_check_slack_limit
--------------------------------------------------------------------------
0.2916

==========================================================================
finish max_fanout_check_slack
--------------------------------------------------------------------------
1.0000000150474662e+30

==========================================================================
finish max_fanout_check_limit
--------------------------------------------------------------------------
1.0000000150474662e+30

==========================================================================
finish max_capacitance_check_slack
--------------------------------------------------------------------------
-2.906651258468628

==========================================================================
finish max_capacitance_check_limit
--------------------------------------------------------------------------
121.45999908447266

==========================================================================
finish max_capacitance_check_slack_limit
--------------------------------------------------------------------------
-0.0239

==========================================================================
finish max_slew_violation_count
--------------------------------------------------------------------------
max slew violation count 0

==========================================================================
finish max_fanout_violation_count
--------------------------------------------------------------------------
max fanout violation count 0

==========================================================================
finish max_cap_violation_count
--------------------------------------------------------------------------
max cap violation count 14

==========================================================================
finish setup_violation_count
--------------------------------------------------------------------------
setup violation count 0

==========================================================================
finish hold_violation_count
--------------------------------------------------------------------------
hold violation count 10

==========================================================================
finish report_checks -path_delay max reg to reg
--------------------------------------------------------------------------
Startpoint: hidden_layer.neuron1.u_add23.a_reg[30]$_SDFFE_PN0P_
            (rising edge-triggered flip-flop clocked by clk)
Endpoint: hidden_layer.neuron1.u_add23.sum_reg[21]$_SDFFE_PN0P_
          (rising edge-triggered flip-flop clocked by clk)
Path Group: clk
Path Type: max

  Delay    Time   Description
---------------------------------------------------------
   0.00    0.00   clock clk (rise edge)
   0.00    0.00   clock source latency
   0.00    0.00 ^ clk (in)
   0.03    0.03 ^ wire5124/Z (BUF_X8)
   0.06    0.09 ^ clkbuf_0_clk/Z (CLKBUF_X3)
   0.06    0.15 ^ clkbuf_2_0_0_clk/Z (CLKBUF_X3)
   0.07    0.22 ^ clkbuf_3_1_0_clk/Z (CLKBUF_X3)
   0.08    0.30 ^ clkbuf_6_13_0_clk/Z (CLKBUF_X3)
   0.05    0.35 ^ clkbuf_leaf_82_clk/Z (CLKBUF_X3)
   0.00    0.35 ^ hidden_layer.neuron1.u_add23.a_reg[30]$_SDFFE_PN0P_/CK (DFF_X1)
   0.12    0.47 ^ hidden_layer.neuron1.u_add23.a_reg[30]$_SDFFE_PN0P_/Q (DFF_X1)
   0.08    0.55 ^ _286722_/S (HA_X1)
   0.06    0.61 ^ _157441_/ZN (AND3_X2)
   0.04    0.65 v _157459_/ZN (NAND4_X1)
   0.15    0.79 ^ _157460_/ZN (NOR3_X2)
   0.12    0.92 ^ _157461_/ZN (AND2_X1)
   0.08    0.99 ^ _157654_/ZN (OR2_X1)
   0.10    1.09 v _166107_/ZN (NAND2_X1)
   0.06    1.15 v _178458_/ZN (AND2_X1)
   0.10    1.24 ^ _178461_/ZN (AOI21_X1)
   0.03    1.28 v _178462_/ZN (INV_X1)
   0.11    1.39 ^ _284276_/S (HA_X1)
   0.01    1.40 v _157552_/ZN (NOR2_X1)
   0.05    1.45 ^ _157553_/ZN (NOR2_X1)
   0.02    1.47 v _157556_/ZN (AOI21_X1)
   0.09    1.56 ^ _157559_/ZN (AOI221_X1)
   0.03    1.59 v _157641_/ZN (NOR2_X1)
   0.10    1.69 ^ _157647_/ZN (AOI22_X2)
   0.12    1.81 ^ place3845/Z (BUF_X1)
   0.02    1.83 v _157701_/ZN (NOR3_X1)
   0.06    1.89 v _157708_/ZN (OR2_X1)
   0.06    1.95 v _178505_/Z (MUX2_X1)
   0.04    1.99 ^ _178506_/ZN (AOI21_X1)
   0.04    2.04 ^ _178507_/Z (MUX2_X1)
   0.02    2.06 v _178508_/ZN (OAI22_X1)
   0.07    2.13 ^ _178513_/ZN (AOI22_X1)
   0.13    2.26 ^ _284407_/S (HA_X1)
   0.03    2.30 v _191468_/ZN (OAI21_X1)
   0.05    2.35 ^ _191469_/ZN (AOI21_X1)
   0.02    2.36 v _191470_/ZN (INV_X1)
   0.04    2.41 ^ _191471_/ZN (AOI21_X1)
   0.04    2.44 v _191472_/ZN (NAND2_X1)
   0.05    2.49 ^ _191616_/ZN (OAI22_X1)
   0.02    2.51 v _191617_/ZN (NOR2_X1)
   0.03    2.54 ^ _191621_/ZN (OAI21_X1)
   0.03    2.57 v _191622_/ZN (NAND2_X1)
   0.06    2.63 v _191660_/ZN (OR2_X1)
   0.08    2.71 ^ _191667_/ZN (NOR3_X2)
   0.04    2.75 v _191668_/ZN (OAI21_X1)
   0.05    2.81 ^ _191743_/ZN (AOI21_X1)
   0.06    2.86 ^ _191744_/ZN (XNOR2_X1)
   0.07    2.94 ^ _191902_/ZN (AND4_X1)
   0.06    2.99 v _191903_/ZN (OAI211_X2)
   0.08    3.08 v _191937_/ZN (OR3_X1)
   0.14    3.22 ^ _191938_/ZN (AOI21_X2)
   0.04    3.26 v _197484_/ZN (AOI21_X1)
   0.04    3.30 v _282162_/CO (HA_X1)
   0.03    3.33 ^ _191441_/ZN (OAI21_X1)
   0.02    3.35 v _191442_/ZN (AOI21_X1)
   0.03    3.38 ^ _191443_/ZN (OAI21_X1)
   0.02    3.40 v _191444_/ZN (AOI21_X1)
   0.09    3.49 v _191445_/ZN (OR3_X1)
   0.05    3.54 ^ _191446_/ZN (NOR3_X2)
   0.11    3.65 ^ place3566/Z (BUF_X1)
   0.03    3.67 v _191876_/ZN (AOI21_X1)
   0.05    3.73 v _191877_/ZN (AND4_X1)
   0.04    3.77 ^ _191939_/ZN (NOR2_X1)
   0.06    3.83 v _192048_/ZN (OAI21_X2)
   0.09    3.92 ^ _192049_/ZN (INV_X2)
   0.05    3.97 ^ _281673_/CO (HA_X1)
   0.02    3.99 v _250114_/ZN (OAI21_X1)
   0.05    4.04 ^ _250115_/ZN (AOI21_X1)
   0.01    4.05 v _250116_/ZN (NOR2_X1)
   0.03    4.09 ^ _250117_/ZN (OAI21_X1)
   0.01    4.10 v _250118_/ZN (INV_X1)
   0.04    4.14 ^ _250119_/ZN (OAI21_X1)
   0.02    4.16 v _250120_/ZN (NAND2_X1)
   0.04    4.19 ^ _250121_/ZN (AOI21_X1)
   0.02    4.21 v _250122_/ZN (OAI21_X1)
   0.04    4.25 v _250123_/ZN (AND3_X1)
   0.06    4.31 ^ _250128_/ZN (AOI21_X1)
   0.01    4.32 v _250696_/ZN (NOR4_X1)
   0.14    4.46 ^ _250697_/ZN (NOR3_X1)
   0.10    4.56 ^ _250698_/ZN (AND2_X1)
   0.04    4.60 v _250700_/ZN (NAND2_X1)
   0.09    4.68 ^ _250714_/ZN (OAI33_X1)
   0.00    4.68 ^ hidden_layer.neuron1.u_add23.sum_reg[21]$_SDFFE_PN0P_/D (DFF_X1)
           4.68   data arrival time

  10.00   10.00   clock clk (rise edge)
   0.00   10.00   clock source latency
   0.00   10.00 ^ clk (in)
   0.03   10.03 ^ wire5124/Z (BUF_X8)
   0.06   10.09 ^ clkbuf_0_clk/Z (CLKBUF_X3)
   0.06   10.15 ^ clkbuf_2_0_0_clk/Z (CLKBUF_X3)
   0.07   10.22 ^ clkbuf_3_1_0_clk/Z (CLKBUF_X3)
   0.08   10.30 ^ clkbuf_6_15_0_clk/Z (CLKBUF_X3)
   0.05   10.35 ^ clkbuf_leaf_103_clk/Z (CLKBUF_X3)
   0.00   10.35 ^ hidden_layer.neuron1.u_add23.sum_reg[21]$_SDFFE_PN0P_/CK (DFF_X1)
  -0.10   10.25   clock uncertainty
   0.00   10.25   clock reconvergence pessimism
  -0.04   10.21   library setup time
          10.21   data required time
---------------------------------------------------------
          10.21   data required time
          -4.68   data arrival time
---------------------------------------------------------
           5.52   slack (MET)



==========================================================================
finish report_checks -path_delay min reg to reg
--------------------------------------------------------------------------
Startpoint: hidden_layer.neuron0.u_add_bias.sum_reg[26]$_SDFFE_PN0P_
            (rising edge-triggered flip-flop clocked by clk)
Endpoint: hidden_layer.neuron0.u_relu.data_out[26]$_SDFF_PP0_
          (rising edge-triggered flip-flop clocked by clk)
Path Group: clk
Path Type: min

  Delay    Time   Description
---------------------------------------------------------
   0.00    0.00   clock clk (rise edge)
   0.00    0.00   clock source latency
   0.00    0.00 ^ clk (in)
   0.03    0.03 ^ wire5124/Z (BUF_X8)
   0.06    0.09 ^ clkbuf_0_clk/Z (CLKBUF_X3)
   0.06    0.15 ^ clkbuf_2_0_0_clk/Z (CLKBUF_X3)
   0.07    0.22 ^ clkbuf_3_1_0_clk/Z (CLKBUF_X3)
   0.08    0.30 ^ clkbuf_6_11_0_clk/Z (CLKBUF_X3)
   0.05    0.35 ^ clkbuf_leaf_777_clk/Z (CLKBUF_X3)
   0.00    0.35 ^ hidden_layer.neuron0.u_add_bias.sum_reg[26]$_SDFFE_PN0P_/CK (DFF_X1)
   0.08    0.44 v hidden_layer.neuron0.u_add_bias.sum_reg[26]$_SDFFE_PN0P_/Q (DFF_X1)
   0.02    0.46 ^ _244595_/ZN (INV_X1)
   0.01    0.47 v _245009_/ZN (NOR3_X1)
   0.00    0.47 v hidden_layer.neuron0.u_relu.data_out[26]$_SDFF_PP0_/D (DFF_X1)
           0.47   data arrival time

   0.00    0.00   clock clk (rise edge)
   0.00    0.00   clock source latency
   0.00    0.00 ^ clk (in)
   0.03    0.03 ^ wire5124/Z (BUF_X8)
   0.06    0.09 ^ clkbuf_0_clk/Z (CLKBUF_X3)
   0.06    0.15 ^ clkbuf_2_2_0_clk/Z (CLKBUF_X3)
   0.08    0.22 ^ clkbuf_3_4_0_clk/Z (CLKBUF_X3)
   0.09    0.31 ^ clkbuf_6_36_0_clk/Z (CLKBUF_X3)
   0.06    0.37 ^ clkbuf_leaf_757_clk/Z (CLKBUF_X3)
   0.00    0.37 ^ hidden_layer.neuron0.u_relu.data_out[26]$_SDFF_PP0_/CK (DFF_X1)
   0.10    0.47   clock uncertainty
   0.00    0.47   clock reconvergence pessimism
   0.00    0.47   library hold time
           0.47   data required time
---------------------------------------------------------
           0.47   data required time
          -0.47   data arrival time
---------------------------------------------------------
          -0.01   slack (VIOLATED)



==========================================================================
finish critical path target clock latency max path
--------------------------------------------------------------------------
0.3431

==========================================================================
finish critical path target clock latency min path
--------------------------------------------------------------------------
0.3682

==========================================================================
finish critical path source clock latency min path
--------------------------------------------------------------------------
0.0000

==========================================================================
finish critical path delay
--------------------------------------------------------------------------
4.6842

==========================================================================
finish critical path slack
--------------------------------------------------------------------------
5.5239

==========================================================================
finish slack div critical path delay
--------------------------------------------------------------------------
117.926220

==========================================================================
finish report_power
--------------------------------------------------------------------------
Group                  Internal  Switching    Leakage      Total
                          Power      Power      Power      Power (Watts)
----------------------------------------------------------------
Sequential             3.67e-03   2.82e-04   4.33e-04   4.39e-03  10.7%
Combinational          1.37e-02   1.60e-02   3.90e-03   3.37e-02  82.3%
Clock                  1.31e-03   1.52e-03   4.74e-05   2.88e-03   7.0%
Macro                  0.00e+00   0.00e+00   0.00e+00   0.00e+00   0.0%
Pad                    0.00e+00   0.00e+00   0.00e+00   0.00e+00   0.0%
----------------------------------------------------------------
Total                  1.87e-02   1.78e-02   4.38e-03   4.09e-02 100.0%
                          45.7%      43.6%      10.7%
